
 Start         Length     Name                   Class
 0001:00401000 000CBD64H .text                   CODE
 0002:004CD000 00000DE4H .itext                  ICODE
 0003:004CE000 000033C0H .data                   DATA
 0004:004D2000 00028CE8H .bss                    BSS
 0005:00000000 0000003CH .tls                    TLS


Detailed map of segments

 0001:00000000 00009411 C=CODE     S=.text    G=(none)   M=System   ACBP=A9
 0001:00009414 0000010D C=CODE     S=.text    G=(none)   M=SysInit  ACBP=A9
 0001:00009524 00000428 C=CODE     S=.text    G=(none)   M=Types    ACBP=A9
 0001:0000994C 00001AF1 C=CODE     S=.text    G=(none)   M=Windows  ACBP=A9
 0001:0000B440 00000006 C=CODE     S=.text    G=(none)   M=SHFolder ACBP=A9
 0001:0000B448 000047EB C=CODE     S=.text    G=(none)   M=FastMM4  ACBP=A9
 0001:0000FC34 00000255 C=CODE     S=.text    G=(none)   M=Messages ACBP=A9
 0001:0000FE8C 00000192 C=CODE     S=.text    G=(none)   M=ActiveX  ACBP=A9
 0001:00010020 000002AC C=CODE     S=.text    G=(none)   M=CommCtrl ACBP=A9
 0001:000102CC 00000330 C=CODE     S=.text    G=(none)   M=SysConst ACBP=A9
 0001:000105FC 000001C0 C=CODE     S=.text    G=(none)   M=RTLConsts ACBP=A9
 0001:000107BC 00000230 C=CODE     S=.text    G=(none)   M=Character ACBP=A9
 0001:000109EC 00000030 C=CODE     S=.text    G=(none)   M=Math     ACBP=A9
 0001:00010A1C 00000155 C=CODE     S=.text    G=(none)   M=StrUtils ACBP=A9
 0001:00010B74 0001002B C=CODE     S=.text    G=(none)   M=SysUtils ACBP=A9
 0001:00020BA0 000007D3 C=CODE     S=.text    G=(none)   M=VarUtils ACBP=A9
 0001:00021374 0000818C C=CODE     S=.text    G=(none)   M=Variants ACBP=A9
 0001:00029500 0000180B C=CODE     S=.text    G=(none)   M=TypInfo  ACBP=A9
 0001:0002AD0C 000194B0 C=CODE     S=.text    G=(none)   M=Classes  ACBP=A9
 0001:000441BC 000002B0 C=CODE     S=.text    G=(none)   M=TimeSpan ACBP=A9
 0001:0004446C 000014EB C=CODE     S=.text    G=(none)   M=SyncObjs ACBP=A9
 0001:00045958 00000D46 C=CODE     S=.text    G=(none)   M=UxTheme  ACBP=A9
 0001:000466A0 0000005B C=CODE     S=.text    G=(none)   M=Dwmapi   ACBP=A9
 0001:000466FC 0000038D C=CODE     S=.text    G=(none)   M=Contnrs  ACBP=A9
 0001:00046A8C 00001FDE C=CODE     S=.text    G=(none)   M=HelpIntfs ACBP=A9
 0001:00048A6C 0000086B C=CODE     S=.text    G=(none)   M=MultiMon ACBP=A9
 0001:000492D8 00000094 C=CODE     S=.text    G=(none)   M=Wincodec ACBP=A9
 0001:0004936C 00000310 C=CODE     S=.text    G=(none)   M=Consts   ACBP=A9
 0001:0004967C 000000FC C=CODE     S=.text    G=(none)   M=IOUtils  ACBP=A9
 0001:00049778 0000007F C=CODE     S=.text    G=(none)   M=IniFiles ACBP=A9
 0001:000497F8 000030A2 C=CODE     S=.text    G=(none)   M=Registry ACBP=A9
 0001:0004C89C 00011AC4 C=CODE     S=.text    G=(none)   M=Graphics ACBP=A9
 0001:0005E360 0000178A C=CODE     S=.text    G=(none)   M=GraphUtil ACBP=A9
 0001:0005FAEC 0000D746 C=CODE     S=.text    G=(none)   M=StdCtrls ACBP=A9
 0001:0006D234 00000026 C=CODE     S=.text    G=(none)   M=WinSpool ACBP=A9
 0001:0006D25C 00001DDB C=CODE     S=.text    G=(none)   M=Printers ACBP=A9
 0001:0006F038 00000047 C=CODE     S=.text    G=(none)   M=WideStrUtils ACBP=A9
 0001:0006F080 00000013 C=CODE     S=.text    G=(none)   M=Clipbrd  ACBP=A9
 0001:0006F094 00001483 C=CODE     S=.text    G=(none)   M=ExtCtrls ACBP=A9
 0001:00070518 00000461 C=CODE     S=.text    G=(none)   M=ComCtrls ACBP=A9
 0001:0007097C 00005244 C=CODE     S=.text    G=(none)   M=Dialogs  ACBP=A9
 0001:00075BC0 00000189 C=CODE     S=.text    G=(none)   M=StdActns ACBP=A9
 0001:00075D4C 00000387 C=CODE     S=.text    G=(none)   M=FlatSB   ACBP=A9
 0001:000760D4 00009E75 C=CODE     S=.text    G=(none)   M=Menus    ACBP=A9
 0001:0007FF4C 0001FF30 C=CODE     S=.text    G=(none)   M=Controls ACBP=A9
 0001:0009FE7C 0000580E C=CODE     S=.text    G=(none)   M=Themes   ACBP=A9
 0001:000A568C 00003961 C=CODE     S=.text    G=(none)   M=ImgList  ACBP=A9
 0001:000A8FF0 0000235F C=CODE     S=.text    G=(none)   M=ActnList ACBP=A9
 0001:000AB350 000156DD C=CODE     S=.text    G=(none)   M=Forms    ACBP=A9
 0001:000C0A30 0000046C C=CODE     S=.text    G=(none)   M=LoadLibraryR ACBP=A9
 0001:000C0E9C 0000011A C=CODE     S=.text    G=(none)   M=DllRes   ACBP=A9
 0001:000C0FB8 0000026C C=CODE     S=.text    G=(none)   M=Inject   ACBP=A9
 0001:000C1224 00001486 C=CODE     S=.text    G=(none)   M=Generics.Defaults ACBP=A9
 0001:000C26AC 0000007E C=CODE     S=.text    G=(none)   M=Generics.Collections ACBP=A9
 0001:000C272C 00002BDD C=CODE     S=.text    G=(none)   M=NTLib    ACBP=A9
 0001:000C530C 00000FAC C=CODE     S=.text    G=(none)   M=MemoryModule ACBP=A9
 0001:000C62B8 00000134 C=CODE     S=.text    G=(none)   M=FunctionList ACBP=A9
 0001:000C63EC 000005B9 C=CODE     S=.text    G=(none)   M=Main     ACBP=A9
 0001:000C69A8 000001FE C=CODE     S=.text    G=(none)   M=FuncHook ACBP=A9
 0001:000C6BA8 0000043B C=CODE     S=.text    G=(none)   M=MemoryModuleHook ACBP=A9
 0001:000C6FE4 00004D7F C=CODE     S=.text    G=(none)   M=Reflective ACBP=A9
 0002:00000000 000000AA C=ICODE    S=.itext   G=(none)   M=System   ACBP=A9
 0002:000000AC 00000016 C=ICODE    S=.itext   G=(none)   M=Windows  ACBP=A9
 0002:000000C4 00000013 C=ICODE    S=.itext   G=(none)   M=FastMM4  ACBP=A9
 0002:000000D8 000000B4 C=ICODE    S=.itext   G=(none)   M=SysUtils ACBP=A9
 0002:0000018C 0000000F C=ICODE    S=.itext   G=(none)   M=VarUtils ACBP=A9
 0002:0000019C 000000AA C=ICODE    S=.itext   G=(none)   M=Variants ACBP=A9
 0002:00000248 00000008 C=ICODE    S=.itext   G=(none)   M=TypInfo  ACBP=A9
 0002:00000250 0000009D C=ICODE    S=.itext   G=(none)   M=Classes  ACBP=A9
 0002:000002F0 00000032 C=ICODE    S=.itext   G=(none)   M=TimeSpan ACBP=A9
 0002:00000324 0000000F C=ICODE    S=.itext   G=(none)   M=SyncObjs ACBP=A9
 0002:00000334 0000001B C=ICODE    S=.itext   G=(none)   M=UxTheme  ACBP=A9
 0002:00000350 00000008 C=ICODE    S=.itext   G=(none)   M=HelpIntfs ACBP=A9
 0002:00000358 0000000F C=ICODE    S=.itext   G=(none)   M=MultiMon ACBP=A9
 0002:00000368 00000460 C=ICODE    S=.itext   G=(none)   M=IOUtils  ACBP=A9
 0002:000007C8 00000008 C=ICODE    S=.itext   G=(none)   M=IniFiles ACBP=A9
 0002:000007D0 00000008 C=ICODE    S=.itext   G=(none)   M=Registry ACBP=A9
 0002:000007D8 000000FB C=ICODE    S=.itext   G=(none)   M=Graphics ACBP=A9
 0002:000008D4 00000086 C=ICODE    S=.itext   G=(none)   M=GraphUtil ACBP=A9
 0002:0000095C 00000008 C=ICODE    S=.itext   G=(none)   M=Printers ACBP=A9
 0002:00000964 00000078 C=ICODE    S=.itext   G=(none)   M=Clipbrd  ACBP=A9
 0002:000009DC 00000054 C=ICODE    S=.itext   G=(none)   M=ExtCtrls ACBP=A9
 0002:00000A30 00000039 C=ICODE    S=.itext   G=(none)   M=ComCtrls ACBP=A9
 0002:00000A6C 0000003D C=ICODE    S=.itext   G=(none)   M=Dialogs  ACBP=A9
 0002:00000AAC 0000000F C=ICODE    S=.itext   G=(none)   M=FlatSB   ACBP=A9
 0002:00000ABC 00000085 C=ICODE    S=.itext   G=(none)   M=Menus    ACBP=A9
 0002:00000B44 00000088 C=ICODE    S=.itext   G=(none)   M=Controls ACBP=A9
 0002:00000BCC 00000008 C=ICODE    S=.itext   G=(none)   M=Themes   ACBP=A9
 0002:00000BD4 0000002A C=ICODE    S=.itext   G=(none)   M=ActnList ACBP=A9
 0002:00000C00 0000005C C=ICODE    S=.itext   G=(none)   M=Forms    ACBP=A9
 0002:00000C5C 00000070 C=ICODE    S=.itext   G=(none)   M=DllRes   ACBP=A9
 0002:00000CCC 00000034 C=ICODE    S=.itext   G=(none)   M=NTLib    ACBP=A9
 0002:00000D00 00000008 C=ICODE    S=.itext   G=(none)   M=MemoryModule ACBP=A9
 0002:00000D08 0000000F C=ICODE    S=.itext   G=(none)   M=FunctionList ACBP=A9
 0002:00000D18 00000077 C=ICODE    S=.itext   G=(none)   M=MemoryModuleHook ACBP=A9
 0002:00000D90 00000053 C=ICODE    S=.itext   G=(none)   M=Reflective ACBP=A9
 0003:00000000 000009F4 C=DATA     S=.data    G=DGROUP   M=System   ACBP=A9
 0003:000009F4 00000024 C=DATA     S=.data    G=DGROUP   M=SysInit  ACBP=A9
 0003:00000A18 0000000C C=DATA     S=.data    G=DGROUP   M=Windows  ACBP=A9
 0003:00000A24 00000768 C=DATA     S=.data    G=DGROUP   M=FastMM4  ACBP=A9
 0003:0000118C 00000010 C=DATA     S=.data    G=DGROUP   M=ActiveX  ACBP=A9
 0003:0000119C 00000100 C=DATA     S=.data    G=DGROUP   M=Character ACBP=A9
 0003:0000129C 000002E0 C=DATA     S=.data    G=DGROUP   M=SysUtils ACBP=A9
 0003:0000157C 00000008 C=DATA     S=.data    G=DGROUP   M=VarUtils ACBP=A9
 0003:00001584 00000152 C=DATA     S=.data    G=DGROUP   M=Variants ACBP=A9
 0003:000016D8 0000000C C=DATA     S=.data    G=DGROUP   M=TypInfo  ACBP=A9
 0003:000016E4 000000A4 C=DATA     S=.data    G=DGROUP   M=Classes  ACBP=A9
 0003:00001788 00000090 C=DATA     S=.data    G=DGROUP   M=Wincodec ACBP=A9
 0003:00001818 00000010 C=DATA     S=.data    G=DGROUP   M=IOUtils  ACBP=A9
 0003:00001828 0000000C C=DATA     S=.data    G=DGROUP   M=IniFiles ACBP=A9
 0003:00001834 00000024 C=DATA     S=.data    G=DGROUP   M=Registry ACBP=A9
 0003:00001858 000003C8 C=DATA     S=.data    G=DGROUP   M=Graphics ACBP=A9
 0003:00001C20 00000450 C=DATA     S=.data    G=DGROUP   M=GraphUtil ACBP=A9
 0003:00002070 0000015C C=DATA     S=.data    G=DGROUP   M=StdCtrls ACBP=A9
 0003:000021CC 0000000C C=DATA     S=.data    G=DGROUP   M=Printers ACBP=A9
 0003:000021D8 00000010 C=DATA     S=.data    G=DGROUP   M=ComCtrls ACBP=A9
 0003:000021E8 00000198 C=DATA     S=.data    G=DGROUP   M=Dialogs  ACBP=A9
 0003:00002380 00000144 C=DATA     S=.data    G=DGROUP   M=Menus    ACBP=A9
 0003:000024C4 000001BC C=DATA     S=.data    G=DGROUP   M=Controls ACBP=A9
 0003:00002680 00000068 C=DATA     S=.data    G=DGROUP   M=Themes   ACBP=A9
 0003:000026E8 00000048 C=DATA     S=.data    G=DGROUP   M=ImgList  ACBP=A9
 0003:00002730 00000144 C=DATA     S=.data    G=DGROUP   M=Forms    ACBP=A9
 0003:00002874 0000000C C=DATA     S=.data    G=DGROUP   M=Inject   ACBP=A9
 0003:00002880 0000053C C=DATA     S=.data    G=DGROUP   M=Generics.Defaults ACBP=A9
 0003:00002DBC 00000070 C=DATA     S=.data    G=DGROUP   M=NTLib    ACBP=A9
 0003:00002E2C 00000020 C=DATA     S=.data    G=DGROUP   M=MemoryModule ACBP=A9
 0003:00002E4C 00000005 C=DATA     S=.data    G=DGROUP   M=FuncHook ACBP=A9
 0003:00002E54 00000001 C=DATA     S=.data    G=DGROUP   M=MemoryModuleHook ACBP=A9
 0004:00000000 00002C38 C=BSS      S=.bss     G=DGROUP   M=System   ACBP=A9
 0004:00002C38 0000000C C=BSS      S=.bss     G=DGROUP   M=SysInit  ACBP=A9
 0004:00002C44 00000008 C=BSS      S=.bss     G=DGROUP   M=Windows  ACBP=A9
 0004:00002C4C 00003943 C=BSS      S=.bss     G=DGROUP   M=FastMM4  ACBP=A9
 0004:00006590 0000000C C=BSS      S=.bss     G=DGROUP   M=CommCtrl ACBP=A9
 0004:0000659C 0000001C C=BSS      S=.bss     G=DGROUP   M=Character ACBP=A9
 0004:000065B8 00002240 C=BSS      S=.bss     G=DGROUP   M=SysUtils ACBP=A9
 0004:000087F8 0000005C C=BSS      S=.bss     G=DGROUP   M=VarUtils ACBP=A9
 0004:00008854 00000040 C=BSS      S=.bss     G=DGROUP   M=Variants ACBP=A9
 0004:00008894 00000004 C=BSS      S=.bss     G=DGROUP   M=TypInfo  ACBP=A9
 0004:00008898 00000048 C=BSS      S=.bss     G=DGROUP   M=Classes  ACBP=A9
 0004:000088E0 00000014 C=BSS      S=.bss     G=DGROUP   M=TimeSpan ACBP=A9
 0004:000088F4 00000018 C=BSS      S=.bss     G=DGROUP   M=SyncObjs ACBP=A9
 0004:0000890C 000000CC C=BSS      S=.bss     G=DGROUP   M=UxTheme  ACBP=A9
 0004:000089D8 00000008 C=BSS      S=.bss     G=DGROUP   M=HelpIntfs ACBP=A9
 0004:000089E0 00000031 C=BSS      S=.bss     G=DGROUP   M=MultiMon ACBP=A9
 0004:00008A14 00000024 C=BSS      S=.bss     G=DGROUP   M=IOUtils  ACBP=A9
 0004:00008A38 00000004 C=BSS      S=.bss     G=DGROUP   M=IniFiles ACBP=A9
 0004:00008A3C 00000004 C=BSS      S=.bss     G=DGROUP   M=Registry ACBP=A9
 0004:00008A40 00000064 C=BSS      S=.bss     G=DGROUP   M=Graphics ACBP=A9
 0004:00008AA4 00000010 C=BSS      S=.bss     G=DGROUP   M=GraphUtil ACBP=A9
 0004:00008AB4 00000004 C=BSS      S=.bss     G=DGROUP   M=Printers ACBP=A9
 0004:00008AB8 0000000C C=BSS      S=.bss     G=DGROUP   M=Clipbrd  ACBP=A9
 0004:00008AC4 00000008 C=BSS      S=.bss     G=DGROUP   M=ExtCtrls ACBP=A9
 0004:00008ACC 00000010 C=BSS      S=.bss     G=DGROUP   M=ComCtrls ACBP=A9
 0004:00008ADC 0000003C C=BSS      S=.bss     G=DGROUP   M=Dialogs  ACBP=A9
 0004:00008B18 00000034 C=BSS      S=.bss     G=DGROUP   M=FlatSB   ACBP=A9
 0004:00008B4C 00000010 C=BSS      S=.bss     G=DGROUP   M=Menus    ACBP=A9
 0004:00008B5C 0000008C C=BSS      S=.bss     G=DGROUP   M=Controls ACBP=A9
 0004:00008BE8 0000000C C=BSS      S=.bss     G=DGROUP   M=Themes   ACBP=A9
 0004:00008BF4 00000008 C=BSS      S=.bss     G=DGROUP   M=ImgList  ACBP=A9
 0004:00008BFC 00000004 C=BSS      S=.bss     G=DGROUP   M=ActnList ACBP=A9
 0004:00008C00 00000028 C=BSS      S=.bss     G=DGROUP   M=Forms    ACBP=A9
 0004:00008C28 0000000C C=BSS      S=.bss     G=DGROUP   M=DllRes   ACBP=A9
 0004:00008C34 00020014 C=BSS      S=.bss     G=DGROUP   M=NTLib    ACBP=A9
 0004:00028C48 00000008 C=BSS      S=.bss     G=DGROUP   M=MemoryModule ACBP=A9
 0004:00028C50 00000010 C=BSS      S=.bss     G=DGROUP   M=FunctionList ACBP=A9
 0004:00028C60 00000004 C=BSS      S=.bss     G=DGROUP   M=Main     ACBP=A9
 0004:00028C64 00000084 C=BSS      S=.bss     G=DGROUP   M=MemoryModuleHook ACBP=A9
 0005:00000000 00000008 C=TLS      S=.tls     G=(none)   M=System   ACBP=A9
 0005:00000008 0000000C C=TLS      S=.tls     G=(none)   M=Classes  ACBP=A9
 0005:00000014 00000004 C=TLS      S=.tls     G=(none)   M=SyncObjs ACBP=A9
 0005:00000018 00000024 C=TLS      S=.tls     G=(none)   M=GraphUtil ACBP=A9


  Address             Publics by Name

 0001:0000FFF8       ActiveX.CoCreateInstance
 0001:00010000       ActiveX.CoTaskMemAlloc
 0001:00010008       ActiveX.CoTaskMemFree
 0003:0000118C       ActiveX.GUID_NULL
 0001:0000FFF0       ActiveX.IsEqualGUID
 0001:00010010       ActiveX.OleInitialize
 0001:00010018       ActiveX.OleUninitialize
 0004:00008BFC       ActnList..9
 0001:000AA1D8       ActnList..TActionLink
 0001:000A92F8       ActnList..TActionListEnumerator
 0001:000A8FF0       ActnList..TContainedAction
 0001:000A9BA4       ActnList..TCustomAction
 0001:000A9568       ActnList..TCustomActionList
 0001:000A997C       ActnList..TShortCutList
 0002:00000BD4       ActnList.ActnList
 0001:000AB348       ActnList.Finalization
 0001:000AA990       ActnList.TActionLink.IsCaptionLinked
 0001:000AA9A4       ActnList.TActionLink.IsCheckedLinked
 0001:000AA9B8       ActnList.TActionLink.IsEnabledLinked
 0001:000AA9CC       ActnList.TActionLink.IsGroupIndexLinked
 0001:000AA9E0       ActnList.TActionLink.IsHelpContextLinked
 0001:000AA9F4       ActnList.TActionLink.IsHelpLinked
 0001:000AAA08       ActnList.TActionLink.IsHintLinked
 0001:000AAA1C       ActnList.TActionLink.IsImageIndexLinked
 0001:000AAA30       ActnList.TActionLink.IsShortCutLinked
 0001:000AAA44       ActnList.TActionLink.IsVisibleLinked
 0001:000AAA58       ActnList.TActionLink.SetAutoCheck
 0001:000AAA5C       ActnList.TActionLink.SetCaption
 0001:000AAA60       ActnList.TActionLink.SetChecked
 0001:000AAA64       ActnList.TActionLink.SetEnabled
 0001:000AAA68       ActnList.TActionLink.SetGroupIndex
 0001:000AAA6C       ActnList.TActionLink.SetHelpContext
 0001:000AAA70       ActnList.TActionLink.SetHelpKeyword
 0001:000AAA74       ActnList.TActionLink.SetHelpType
 0001:000AAA78       ActnList.TActionLink.SetHint
 0001:000AAA7C       ActnList.TActionLink.SetImageIndex
 0001:000AAA80       ActnList.TActionLink.SetShortCut
 0001:000AAA84       ActnList.TActionLink.SetVisible
 0001:000AA4F4       ActnList.TActionListEnumerator.Create
 0001:000AA538       ActnList.TActionListEnumerator.GetCurrent
 0001:000AA544       ActnList.TActionListEnumerator.MoveNext
 0001:000AA2E0       ActnList.TContainedAction.Destroy
 0001:000AA44C       ActnList.TContainedAction.Execute
 0001:000AA314       ActnList.TContainedAction.GetIndex
 0001:000AA330       ActnList.TContainedAction.GetParentComponent
 0001:000AA340       ActnList.TContainedAction.HasParent
 0001:000AA32C       ActnList.TContainedAction.IsCategoryStored
 0001:000AA350       ActnList.TContainedAction.ReadState
 0001:000AA3F8       ActnList.TContainedAction.SetActionList
 0001:000AA3CC       ActnList.TContainedAction.SetCategory
 0001:000AA384       ActnList.TContainedAction.SetIndex
 0001:000AA420       ActnList.TContainedAction.SetParentComponent
 0001:000AA4A4       ActnList.TContainedAction.Update
 0001:000AAB34       ActnList.TCustomAction.AssignTo
 0001:000AAA88       ActnList.TCustomAction.Create
 0001:000AAADC       ActnList.TCustomAction.Destroy
 0001:000AB1C0       ActnList.TCustomAction.DoHint
 0001:000AB1E8       ActnList.TCustomAction.Execute
 0001:000AB24C       ActnList.TCustomAction.GetSecondaryShortCuts
 0001:000AB2CC       ActnList.TCustomAction.HandleShortCut
 0001:000AB2A8       ActnList.TCustomAction.IsSecondaryShortCutsStored
 0001:000AAC40       ActnList.TCustomAction.SetAutoCheck
 0001:000AACA0       ActnList.TCustomAction.SetCaption
 0001:000AAD00       ActnList.TCustomAction.SetChecked
 0001:000AAE08       ActnList.TCustomAction.SetEnabled
 0001:000AAE84       ActnList.TCustomAction.SetGroupIndex
 0001:000AAF9C       ActnList.TCustomAction.SetHelpContext
 0001:000AAF34       ActnList.TCustomAction.SetHelpKeyword
 0001:000AAEDC       ActnList.TCustomAction.SetHelpType
 0001:000AAFF4       ActnList.TCustomAction.SetHint
 0001:000AB054       ActnList.TCustomAction.SetImageIndex
 0001:000AB174       ActnList.TCustomAction.SetName
 0001:000AB274       ActnList.TCustomAction.SetSecondaryShortCuts
 0001:000AB0B0       ActnList.TCustomAction.SetShortCut
 0001:000AB114       ActnList.TCustomAction.SetVisible
 0001:000AA758       ActnList.TCustomActionList.AddAction
 0001:000AA7A0       ActnList.TCustomActionList.Change
 0001:000AA560       ActnList.TCustomActionList.Create
 0001:000AA5CC       ActnList.TCustomActionList.Destroy
 0001:000AA8AC       ActnList.TCustomActionList.ExecuteAction
 0001:000AA69C       ActnList.TCustomActionList.GetAction
 0001:000AA6B0       ActnList.TCustomActionList.GetActionCount
 0001:000AA624       ActnList.TCustomActionList.GetChildren
 0001:000AA6B8       ActnList.TCustomActionList.GetEnumerator
 0001:000AA6FC       ActnList.TCustomActionList.ImageListChange
 0001:000AA808       ActnList.TCustomActionList.IsShortCut
 0001:000AA708       ActnList.TCustomActionList.Notification
 0001:000AA778       ActnList.TCustomActionList.RemoveAction
 0001:000AA66C       ActnList.TCustomActionList.SetChildOrder
 0001:000AA6C8       ActnList.TCustomActionList.SetImages
 0001:000AA8EC       ActnList.TCustomActionList.SetState
 0001:000AA8CC       ActnList.TCustomActionList.UpdateAction
 0001:000AB2D8       ActnList.TShortCutList.Add
 0001:000AB304       ActnList.TShortCutList.IndexOfShortCut
 0004:000065A8       Character.CategoryTable
 0004:000065A0       Character.CatIndexPrimary
 0004:000065A4       Character.CatIndexSecondary
 0004:0000659C       Character.DataTable
 0003:0000119C       Character.Latin1Categories
 0004:000065B4       Character.NumericValueTable
 0004:000065AC       Character.NumIndexPrimary
 0004:000065B0       Character.NumIndexSecondary
 0001:000107BC       Character.TCharacter.CheckLetter
 0001:000107C8       Character.TCharacter.CheckLetterOrDigit
 0001:000108E4       Character.TCharacter.GetUnicodeCategory
 0001:00010944       Character.TCharacter.Initialize
 0001:000108D8       Character.TCharacter.IsAscii
 0001:000107D8       Character.TCharacter.IsLatin1
 0001:000107E4       Character.TCharacter.IsLetter
 0001:00010870       Character.TCharacter.IsLetterOrDigit
 0004:000088A8       Classes..66
 0001:0002B640       Classes..EBitsError
 0001:0002B3D8       Classes..EClassNotFound
 0001:0002B778       Classes..EComponentError
 0001:0002B0E0       Classes..EFCreateError
 0001:0002B214       Classes..EFilerError
 0001:0002AFE4       Classes..EFileStreamError
 0001:0002B17C       Classes..EFOpenError
 0001:0002B474       Classes..EInvalidImage
 0001:0002B8B8       Classes..EInvalidOperation
 0001:0002B5AC       Classes..EListError
 0001:0002B818       Classes..EOutOfResources
 0001:0002B2AC       Classes..EReadError
 0001:0002B510       Classes..EResNotFound
 0001:0002AF48       Classes..EStreamError
 0001:0002B6D4       Classes..EStringListError
 0001:000328D4       Classes..EThread
 0001:0002B340       Classes..EWriteError
 0001:0003427C       Classes..TBasicAction
 0001:00034060       Classes..TBasicActionLink
 0001:0002C660       Classes..TBits
 0001:000301D4       Classes..TClassFinder
 0001:0002CEE4       Classes..TCollection
 0001:0002CD40       Classes..TCollectionEnumerator
 0001:0002CAD4       Classes..TCollectionItem
 0001:00033718       Classes..TComponent
 0001:00042DF4       Classes..TComponent.FindComponent$ActRec
 0001:000332C0       Classes..TComponentEnumerator
 0001:0002F418       Classes..TCustomMemoryStream
 0001:000305A8       Classes..TFiler
 0001:0002F234       Classes..TFileStream
 0001:0002F01C       Classes..THandleStream
 0001:00036140       Classes..TIntConst
 0001:0002C960       Classes..TInterfacedPersistent
 0001:0002BC94       Classes..TList
 0001:0003706C       Classes..TList.Sort$ActRec
 0001:0002BAC0       Classes..TListEnumerator
 0001:0002F660       Classes..TMemoryStream
 0001:0002D37C       Classes..TOwnedCollection
 0001:0002C798       Classes..TPersistent
 0001:0003B3BC       Classes..TPropFixup
 0001:0003B5E8       Classes..TPropIntfFixup
 0001:00030FC0       Classes..TReader
 0001:00034820       Classes..TRegGroup
 0001:00034C80       Classes..TRegGroups
 0001:0002F8A8       Classes..TResourceStream
 0001:0002EA10       Classes..TStream
 0001:0002FC28       Classes..TStreamAdapter
 0001:0002E394       Classes..TStringList
 0001:0002D71C       Classes..TStrings
 0001:0002D574       Classes..TStringsEnumerator
 0001:00032AC8       Classes..TThread
 0001:0002C3A8       Classes..TThreadList
 0001:00031EC8       Classes..TWriter
 0001:000360CC       Classes.ActivateClassGroup
 0003:000016E4       Classes.AddDataModule
 0001:0003B914       Classes.AddFinished
 0001:0003B94C       Classes.AddNotFinished
 0001:0003C5B8       Classes.AddSubComponentsToLoaded
 0001:00043F60       Classes.AllocateHWnd
 0001:0003FB54       Classes.AncestorIsValid
 0003:000016F4       Classes.ApplicationHandleException
 0003:000016FC       Classes.ApplicationShowException
 0001:000365AC       Classes.BeginGlobalLoading
 0003:0000175C       Classes.BlockCode
 0001:000347E4       Classes.Bounds
 0001:00043DC0       Classes.CalcJmpOffset
 0001:0003C5F4       Classes.CheckSubComponents
 0001:000416AC       Classes.CheckSynchronize
 0002:00000260       Classes.Classes
 0001:00035E10       Classes.ClassNotFound
 0001:00043E74       Classes.CleanupInstFreeList
 0001:0003684C       Classes.CollectionsEqual
 0001:0003C6D4       Classes.ComponentCreated
 0001:0003E5F4       Classes.CopyBinary
 0001:0003E564       Classes.CopyBytes
 0001:0003E518       Classes.CopyList
 0001:0003E490       Classes.CopySetBody
 0001:0003C754       Classes.CreateComponent
 0003:00001704       Classes.CreateVCLComObjectProc
 0001:00044014       Classes.DeallocateHWnd
 0001:000415D4       Classes.DoneThreadSynchronization
 0001:000386F8       Classes.DoWrite
 0003:00001714       Classes.Dummy32bitResHeader
 0001:0004403C       Classes.EFileStreamError.Create
 0001:00036634       Classes.EndGlobalLoading
 0001:000358B4       Classes.Error
 0001:0003B1F4       Classes.Error
 0004:000088D4       Classes.ExternalThreads
 0003:00001710       Classes.FilerSignature
 0001:000440EC       Classes.Finalization
 0001:0003F244       Classes.FindAncestor
 0001:00035EE8       Classes.FindClass
 0001:0003C904       Classes.FindExistingComponent
 0001:000364C4       Classes.FindGlobalComponent
 0004:000088B4       Classes.FindGlobalComponentProcs
 0001:00036368       Classes.FindIdentToInt
 0001:000362EC       Classes.FindIntToIdent
 0001:0003FFC8       Classes.FindMethodName
 0001:0003B81C       Classes.FindNestedComponent
 0001:0003D980       Classes.FindUniqueName
 0001:000415EC       Classes.FreeExternalThreads
 0001:00043D20       Classes.FreeIntConstList
 0001:00043E60       Classes.FreeObjectInstance
 0001:00035E7C       Classes.GetClass
 0001:000406BC       Classes.GetComponentValue
 0001:00037B0C       Classes.GetDesigner
 0001:00035E04       Classes.GetFieldClassTable
 0001:00043EB0       Classes.GetFreeInstBlockItemCount
 0004:000088B8       Classes.GlobalFixupList
 0001:0003B994       Classes.GlobalFixupReferences
 0005:00000010       Classes.GlobalLists
 0005:0000000C       Classes.GlobalLoaded
 0004:0000889C       Classes.GlobalNameSpace
 0001:00036060       Classes.GroupDescendentsWith
 0001:0003D114       Classes.HandleException
 0001:000363E4       Classes.IdentToInt
 0001:00036690       Classes.InitComponent
 0001:0003671C       Classes.InitInheritedComponent
 0001:000415A0       Classes.InitThreadSynchronization
 0004:000088D8       Classes.InstBlockList
 0004:000088DC       Classes.InstFreeList
 0004:000088AC       Classes.IntConstList
 0001:00036528       Classes.InternalReadComponentRes
 0001:00036428       Classes.IntToIdent
 0001:0003480C       Classes.InvalidPoint
 0001:0003FD48       Classes.IsDefault
 0001:0003FBC4       Classes.IsDefaultFloatProp
 0001:0003FC20       Classes.IsDefaultInt64Prop
 0001:0003FEEC       Classes.IsDefaultInterfaceProp
 0001:00040020       Classes.IsDefaultMethodProp
 0001:0003FDA0       Classes.IsDefaultObjectProp
 0001:0003FB6C       Classes.IsDefaultOrdProp
 0001:00040158       Classes.IsDefaultPropertyValue
 0001:0003FC78       Classes.IsDefaultStrProp
 0001:0003FE20       Classes.IsDefaultValue
 0001:000400C0       Classes.IsDefaultVariantProp
 0001:00036504       Classes.IsUniqueGlobalComponentName
 0004:000088A0       Classes.IsUniqueGlobalComponentNameProc
 0001:00043DC8       Classes.MakeObjectInstance
 0001:0003775C       Classes.Min
 0001:00043D98       Classes.ModuleUnload
 0003:00001734       Classes.NilMethod
 0001:00037BB0       Classes.NotifyDesigner
 0001:00036604       Classes.NotifyGlobalLoading
 0001:0003FD08       Classes.ObjectAncestorMatch
 0001:000406A4       Classes.OwnedBy
 0001:0003478C       Classes.Point
 0003:00001740       Classes.Priorities
 0001:0003BCD4       Classes.PropertyNotFound
 0001:0003D1E4       Classes.PropPathError
 0001:0003BCC8       Classes.PropValueError
 0001:00036F34       Classes.QuickSort
 0001:0003A3AC       Classes.RaiseException
 0001:0003EADC       Classes.ReadCustomVariant
 0001:0003BCB0       Classes.ReadError
 0001:0003C6F4       Classes.Recover
 0001:000347BC       Classes.Rect
 0004:000088B0       Classes.RegGroups
 0001:00035F08       Classes.RegisterClass
 0001:0003646C       Classes.RegisterFindGlobalComponentProc
 0001:000362C0       Classes.RegisterIntegerConsts
 0001:00043EE0       Classes.ReleaseObjectInstanceBlocks
 0003:000016EC       Classes.RemoveDataModule
 0001:0003BB68       Classes.RemoveFixupReferences
 0001:0003BC1C       Classes.RemoveFixups
 0001:0003C018       Classes.RemoveGlobalFixup
 0001:00041678       Classes.ResetSyncEvent
 0001:00036AB0       Classes.ReturnAddr
 0001:00038864       Classes.ReturnAddr
 0001:0003C864       Classes.SetCompName
 0001:0003BD00       Classes.SetElementValue
 0001:0003D55C       Classes.SetInterfaceReference
 0001:0003D478       Classes.SetIntIdent
 0001:0003D4C0       Classes.SetObjectIdent
 0001:0003C66C       Classes.SetSubComponentState
 0001:0003D500       Classes.SetVariantReference
 0001:000416A0       Classes.SignalSyncEvent
 0001:0003E24C       Classes.SkipBinary
 0001:0003E27C       Classes.SkipCollection
 0001:0003E220       Classes.SkipList
 0001:000347AC       Classes.SmallPoint
 0001:00035FF8       Classes.StartClassGroup
 0001:00043DA0       Classes.StdWndProc
 0001:0003A198       Classes.StringListCompareStrings
 0004:000088A4       Classes.SyncEvent
 0003:0000173C       Classes.SyncList
 0001:0004378C       Classes.TBasicAction.Change
 0001:00043618       Classes.TBasicAction.Create
 0001:0004365C       Classes.TBasicAction.Destroy
 0001:000436F8       Classes.TBasicAction.Execute
 0001:000436C8       Classes.TBasicAction.ExecuteTarget
 0001:000436C4       Classes.TBasicAction.HandlesTarget
 0001:000436CC       Classes.TBasicAction.Notification
 0001:000437A0       Classes.TBasicAction.RegisterChanges
 0001:000437EC       Classes.TBasicAction.SetActionComponent
 0001:00043730       Classes.TBasicAction.SetOnExecute
 0001:000437AC       Classes.TBasicAction.UnRegisterChanges
 0001:00043714       Classes.TBasicAction.Update
 0001:000436F4       Classes.TBasicAction.UpdateTarget
 0001:00043568       Classes.TBasicActionLink.AssignClient
 0001:000435A0       Classes.TBasicActionLink.Change
 0001:00043524       Classes.TBasicActionLink.Create
 0001:0004356C       Classes.TBasicActionLink.Destroy
 0001:000435B8       Classes.TBasicActionLink.Execute
 0001:00043600       Classes.TBasicActionLink.IsOnExecuteLinked
 0001:000435D4       Classes.TBasicActionLink.SetAction
 0001:00043604       Classes.TBasicActionLink.SetOnExecute
 0001:0004360C       Classes.TBasicActionLink.Update
 0001:00037714       Classes.TBits.Destroy
 0001:00037744       Classes.TBits.Error
 0001:00037838       Classes.TBits.OpenBit
 0001:0003780C       Classes.TBits.SetBit
 0001:00037768       Classes.TBits.SetSize
 0001:00035B70       Classes.TClassFinder.Create
 0001:00035CB0       Classes.TClassFinder.Destroy
 0001:00035CE0       Classes.TClassFinder.GetClass
 0001:00035D7C       Classes.TClassFinder.GetClasses
 0001:00037EE0       Classes.TCollection.Add
 0001:000383FC       Classes.TCollection.Added
 0001:00037F00       Classes.TCollection.Assign
 0001:00037FA8       Classes.TCollection.BeginUpdate
 0001:00037FAC       Classes.TCollection.Changed
 0001:00037FBC       Classes.TCollection.Clear
 0001:00037E48       Classes.TCollection.Create
 0001:000383C0       Classes.TCollection.Delete
 0001:00038400       Classes.TCollection.Deleting
 0001:00037E94       Classes.TCollection.Destroy
 0001:00038024       Classes.TCollection.EndUpdate
 0001:00038030       Classes.TCollection.FindItemID
 0001:00038064       Classes.TCollection.GetAttr
 0001:00038060       Classes.TCollection.GetAttrCount
 0001:00038084       Classes.TCollection.GetCapacity
 0001:000380AC       Classes.TCollection.GetCount
 0001:00038074       Classes.TCollection.GetEnumerator
 0001:000380B4       Classes.TCollection.GetItem
 0001:0003808C       Classes.TCollection.GetItemAttr
 0001:000380C8       Classes.TCollection.GetNamePath
 0001:0003817C       Classes.TCollection.GetPropName
 0001:000382D0       Classes.TCollection.Insert
 0001:000382EC       Classes.TCollection.InsertItem
 0001:00038404       Classes.TCollection.Notify
 0001:000383F0       Classes.TCollection.Owner
 0001:00038354       Classes.TCollection.RemoveItem
 0001:000383A8       Classes.TCollection.SetCapacity
 0001:000383B8       Classes.TCollection.SetItemName
 0001:000383BC       Classes.TCollection.Update
 0001:00037DDC       Classes.TCollectionEnumerator.Create
 0001:00037E20       Classes.TCollectionEnumerator.GetCurrent
 0001:00037E2C       Classes.TCollectionEnumerator.MoveNext
 0001:00037C7C       Classes.TCollectionItem.Changed
 0001:00037C14       Classes.TCollectionItem.Create
 0001:00037C4C       Classes.TCollectionItem.Destroy
 0001:00037CB8       Classes.TCollectionItem.GetDisplayName
 0001:00037CA0       Classes.TCollectionItem.GetIndex
 0001:00037CCC       Classes.TCollectionItem.GetNamePath
 0001:00037D78       Classes.TCollectionItem.GetOwner
 0001:00037D7C       Classes.TCollectionItem.SetCollection
 0001:00037DA4       Classes.TCollectionItem.SetDisplayName
 0001:00037DAC       Classes.TCollectionItem.SetIndex
 0001:0004301C       Classes.TComponent.AddSortedComponent
 0001:00042838       Classes.TComponent.BeforeDestruction
 0001:000430D0       Classes.TComponent.ChangeName
 0001:000427A4       Classes.TComponent.Create
 0001:00042BE4       Classes.TComponent.DefineProperties
 0001:000427F0       Classes.TComponent.Destroy
 0001:00042A68       Classes.TComponent.DestroyComponents
 0001:00042AD4       Classes.TComponent.Destroying
 0001:0004322C       Classes.TComponent.ExecuteAction
 0001:00042EB8       Classes.TComponent.FindComponent
 0001:00042EAC       Classes.TComponent.FindComponent$ActRec.$0$Body
 0001:00042FA4       Classes.TComponent.FindSortedComponent
 0001:00042884       Classes.TComponent.FreeNotification
 0001:00043360       Classes.TComponent.FreeOnRelease
 0001:00042C88       Classes.TComponent.GetChildOwner
 0001:00042C8C       Classes.TComponent.GetChildParent
 0001:00042C80       Classes.TComponent.GetChildren
 0001:00043290       Classes.TComponent.GetComObject
 0001:00043124       Classes.TComponent.GetComponent
 0001:00043150       Classes.TComponent.GetComponentCount
 0001:00043108       Classes.TComponent.GetComponentIndex
 0001:00042C90       Classes.TComponent.GetEnumerator
 0001:00042CA0       Classes.TComponent.GetNamePath
 0001:00042CB4       Classes.TComponent.GetOwner
 0001:00042CBC       Classes.TComponent.GetParentComponent
 0001:00042C7C       Classes.TComponent.HasParent
 0001:00042918       Classes.TComponent.Insert
 0001:000429CC       Classes.TComponent.InsertComponent
 0001:000433F8       Classes.TComponent.IntfGetComponent
 0001:000433FC       Classes.TComponent.IsImplementorOf
 0001:00042CDC       Classes.TComponent.Loaded
 0001:00042B84       Classes.TComponent.Notification
 0001:00042CE8       Classes.TComponent.PaletteCreated
 0001:00043378       Classes.TComponent.QueryInterface
 0001:000428D8       Classes.TComponent.ReadLeft
 0001:00042CEC       Classes.TComponent.ReadState
 0001:000428EC       Classes.TComponent.ReadTop
 0001:0004347C       Classes.TComponent.ReferenceInterface
 0001:00042954       Classes.TComponent.Remove
 0001:00042A30       Classes.TComponent.RemoveComponent
 0001:00042B68       Classes.TComponent.RemoveFreeNotification
 0001:00042844       Classes.TComponent.RemoveFreeNotifications
 0001:00042B10       Classes.TComponent.RemoveNotification
 0001:00043348       Classes.TComponent.SafeCallException
 0001:00042CB8       Classes.TComponent.SetChildOrder
 0001:00043160       Classes.TComponent.SetComponentIndex
 0001:000431B4       Classes.TComponent.SetDesigning
 0001:00043040       Classes.TComponent.SetName
 0001:00042CC0       Classes.TComponent.SetParentComponent
 0001:00043204       Classes.TComponent.SetReference
 0001:0004327C       Classes.TComponent.SetSubComponent
 0001:00043254       Classes.TComponent.UpdateAction
 0001:00042CD0       Classes.TComponent.Updated
 0001:00043370       Classes.TComponent.UpdateRegistry
 0001:00042CC4       Classes.TComponent.Updating
 0001:00042D84       Classes.TComponent.ValidateContainer
 0001:00042D98       Classes.TComponent.ValidateInsert
 0001:00042CFC       Classes.TComponent.ValidateRename
 0001:00042900       Classes.TComponent.WriteLeft
 0001:00042CF4       Classes.TComponent.WriteState
 0001:0004290C       Classes.TComponent.WriteTop
 0001:000433B8       Classes.TComponent._AddRef
 0001:000433D8       Classes.TComponent._Release
 0001:00042738       Classes.TComponentEnumerator.Create
 0001:0004277C       Classes.TComponentEnumerator.GetCurrent
 0001:00042788       Classes.TComponentEnumerator.MoveNext
 0001:0003AE88       Classes.TCustomMemoryStream.Read
 0001:0003AEFC       Classes.TCustomMemoryStream.SaveToFile
 0001:0003AEE4       Classes.TCustomMemoryStream.SaveToStream
 0001:0003AEC0       Classes.TCustomMemoryStream.Seek
 0001:0003AE80       Classes.TCustomMemoryStream.SetPointer
 0001:0003B348       Classes.TFiler.Create
 0001:00030960       Classes.TFiler.DefineBinaryProperty
 0001:00030958       Classes.TFiler.DefineProperty
 0001:0003B390       Classes.TFiler.Destroy
 0001:00030968       Classes.TFiler.FlushBuffer
 0001:0003B3B8       Classes.TFiler.SetRoot
 0001:0003AC94       Classes.TFileStream.Create
 0001:0003ACD8       Classes.TFileStream.Create
 0001:0003AE4C       Classes.TFileStream.Destroy
 0001:0003ABD0       Classes.THandleStream.Create
 0001:0003AC0C       Classes.THandleStream.Read
 0001:0003AC2C       Classes.THandleStream.Seek
 0001:0003AC6C       Classes.THandleStream.SetSize
 0001:0003AC58       Classes.THandleStream.SetSize
 0001:0003AC1C       Classes.THandleStream.Write
 0004:000088BC       Classes.ThreadLock
 0001:000418A0       Classes.ThreadProc
 0001:00036288       Classes.TIntConst.Create
 0001:00037A54       Classes.TInterfacedPersistent.AfterConstruction
 0001:00037AE4       Classes.TInterfacedPersistent.QueryInterface
 0001:00037AA4       Classes.TInterfacedPersistent._AddRef
 0001:00037AC4       Classes.TInterfacedPersistent._Release
 0001:000369F0       Classes.TList.Add
 0001:0003722C       Classes.TList.Assign
 0001:00036A30       Classes.TList.Clear
 0001:00036A48       Classes.TList.Delete
 0001:000369D0       Classes.TList.Destroy
 0001:00036AB4       Classes.TList.Error
 0001:00036AEC       Classes.TList.Error
 0001:00036B40       Classes.TList.Exchange
 0001:00036B90       Classes.TList.Expand
 0001:000371D0       Classes.TList.Extract
 0001:000371D8       Classes.TList.ExtractItem
 0001:00036BA8       Classes.TList.First
 0001:00036BB0       Classes.TList.Get
 0001:00036BD4       Classes.TList.GetEnumerator
 0001:00036BE4       Classes.TList.Grow
 0001:00036C18       Classes.TList.IndexOf
 0001:00036C3C       Classes.TList.IndexOfItem
 0001:00036C68       Classes.TList.Insert
 0001:00036CE0       Classes.TList.Last
 0001:00036D04       Classes.TList.Move
 0001:00037228       Classes.TList.Notify
 0001:00036DE0       Classes.TList.Pack
 0001:00036D5C       Classes.TList.Put
 0001:00036DB8       Classes.TList.Remove
 0001:00036DC0       Classes.TList.RemoveItem
 0001:00036E54       Classes.TList.SetCapacity
 0001:00036E90       Classes.TList.SetCount
 0001:00037130       Classes.TList.Sort
 0001:00037124       Classes.TList.Sort$ActRec.$0$Body
 0001:000371B0       Classes.TList.SortList
 0001:00036968       Classes.TListEnumerator.Create
 0001:000369AC       Classes.TListEnumerator.GetCurrent
 0001:000369B8       Classes.TListEnumerator.MoveNext
 0001:0003AF80       Classes.TMemoryStream.Clear
 0001:0003AF54       Classes.TMemoryStream.Destroy
 0001:0003AFD0       Classes.TMemoryStream.LoadFromFile
 0001:0003AF98       Classes.TMemoryStream.LoadFromStream
 0001:0003B078       Classes.TMemoryStream.Realloc
 0001:0003B024       Classes.TMemoryStream.SetCapacity
 0001:0003B04C       Classes.TMemoryStream.SetSize
 0001:0003B0F8       Classes.TMemoryStream.Write
 0001:00038428       Classes.TOwnedCollection.Create
 0001:0003846C       Classes.TOwnedCollection.GetOwner
 0001:000378DC       Classes.TPersistent.Assign
 0001:000378F0       Classes.TPersistent.AssignError
 0001:000379AC       Classes.TPersistent.AssignTo
 0001:000379B4       Classes.TPersistent.DefineProperties
 0001:000378B0       Classes.TPersistent.Destroy
 0001:000379B8       Classes.TPersistent.GetNamePath
 0001:00037A50       Classes.TPersistent.GetOwner
 0001:0003B6D0       Classes.TPropFixup.Create
 0001:0003B728       Classes.TPropFixup.MakeGlobalReference
 0001:0003B788       Classes.TPropFixup.ResolveReference
 0001:0003B798       Classes.TPropIntfFixup.ResolveReference
 0001:0003BD54       Classes.TReader.BeginReferences
 0001:0003BDBC       Classes.TReader.CheckValue
 0001:0003E64C       Classes.TReader.CopyValue
 0001:0003BE1C       Classes.TReader.DefineBinaryProperty
 0001:0003BDE0       Classes.TReader.DefineProperty
 0001:0003BD18       Classes.TReader.Destroy
 0001:0003C0A0       Classes.TReader.DoFixupReferences
 0001:0003BF04       Classes.TReader.EndOfList
 0001:0003BF18       Classes.TReader.EndReferences
 0001:0003BF34       Classes.TReader.Error
 0001:0003E928       Classes.TReader.FindAncestorComponent
 0001:0003EA20       Classes.TReader.FindComponentClass
 0001:0003BFC8       Classes.TReader.FindMethod
 0001:0003BF58       Classes.TReader.FindMethodInstance
 0001:0003C1E4       Classes.TReader.FixupReferences
 0001:0003C21C       Classes.TReader.FlushBuffer
 0001:0003C240       Classes.TReader.FreeFixups
 0001:0003C27C       Classes.TReader.GetFieldClass
 0001:0003C310       Classes.TReader.GetPosition
 0001:0003C328       Classes.TReader.NextValue
 0001:0003C338       Classes.TReader.PropertyError
 0001:0003C34C       Classes.TReader.Read
 0001:0003C3D4       Classes.TReader.ReadBoolean
 0001:0003C398       Classes.TReader.ReadBuffer
 0001:0003C3E8       Classes.TReader.ReadChar
 0001:0003C4DC       Classes.TReader.ReadCollection
 0001:0003C9A8       Classes.TReader.ReadComponent
 0001:0003DD1C       Classes.TReader.ReadComponents
 0001:0003CDE8       Classes.TReader.ReadCurrency
 0001:0003CBE8       Classes.TReader.ReadData
 0001:0003CC58       Classes.TReader.ReadDataInner
 0001:0003CE38       Classes.TReader.ReadDate
 0001:0003CD60       Classes.TReader.ReadDouble
 0001:0003CD28       Classes.TReader.ReadFloat
 0001:0003CE7C       Classes.TReader.ReadIdent
 0001:0003D080       Classes.TReader.ReadInt64
 0001:0003D014       Classes.TReader.ReadInteger
 0001:0003D0C4       Classes.TReader.ReadListBegin
 0001:0003D0CC       Classes.TReader.ReadListEnd
 0001:0003D0D4       Classes.TReader.ReadPrefix
 0001:0003D200       Classes.TReader.ReadProperty
 0001:0003D61C       Classes.TReader.ReadPropValue
 0001:0003D9E8       Classes.TReader.ReadRootComponent
 0001:0003DE0C       Classes.TReader.ReadSet
 0001:0003DEC8       Classes.TReader.ReadSignature
 0001:0003CDA4       Classes.TReader.ReadSingle
 0001:0003DEEC       Classes.TReader.ReadStr
 0001:0003DF7C       Classes.TReader.ReadString
 0001:0003E1A4       Classes.TReader.ReadValue
 0001:0003ECA4       Classes.TReader.ReadVariant
 0001:0003C47C       Classes.TReader.ReadWideChar
 0001:0003E064       Classes.TReader.ReadWideString
 0001:0003E9E0       Classes.TReader.ReferenceName
 0001:0003E9F8       Classes.TReader.SetName
 0001:0003E1B8       Classes.TReader.SetPosition
 0001:0003EA94       Classes.TReader.SkipBytes
 0001:0003E87C       Classes.TReader.SkipComponent
 0001:0003E834       Classes.TReader.SkipProperty
 0001:0003E1D8       Classes.TReader.SkipSetBody
 0001:0003E2E0       Classes.TReader.SkipValue
 0001:0003515C       Classes.TRegGroup.AddClass
 0001:00035168       Classes.TRegGroup.BestClass
 0001:000351C8       Classes.TRegGroup.BestGroup
 0001:00035238       Classes.TRegGroup.Create
 0001:00035294       Classes.TRegGroup.Destroy
 0001:000352D4       Classes.TRegGroup.GetClass
 0001:00035324       Classes.TRegGroup.GetClasses
 0001:0003536C       Classes.TRegGroup.IndexOfClass
 0001:000353E4       Classes.TRegGroup.InGroup
 0001:00035428       Classes.TRegGroup.RegisterClass
 0001:000354DC       Classes.TRegGroup.RegisterClassAlias
 0001:00035514       Classes.TRegGroup.Registered
 0001:0003552C       Classes.TRegGroup.UnregisterClass
 0001:0003558C       Classes.TRegGroup.UnregisterModuleClasses
 0001:000356CC       Classes.TRegGroups.Activate
 0001:00035718       Classes.TRegGroups.AddClass
 0001:00035738       Classes.TRegGroups.Create
 0001:000357AC       Classes.TRegGroups.Destroy
 0001:0003580C       Classes.TRegGroups.FindGroup
 0001:00035850       Classes.TRegGroups.GetClass
 0001:00035894       Classes.TRegGroups.GroupedWith
 0001:00035938       Classes.TRegGroups.GroupWith
 0001:00035A0C       Classes.TRegGroups.Lock
 0001:00035A18       Classes.TRegGroups.RegisterClass
 0001:00035A30       Classes.TRegGroups.RegisterClassAlias
 0001:00035A50       Classes.TRegGroups.Registered
 0001:00035A94       Classes.TRegGroups.StartGroup
 0001:00035AE4       Classes.TRegGroups.Unlock
 0001:00035AF0       Classes.TRegGroups.UnregisterClass
 0001:00035B20       Classes.TRegGroups.UnregisterModuleClasses
 0001:0003B148       Classes.TResourceStream.Create
 0001:0003B1A0       Classes.TResourceStream.CreateFromID
 0001:0003B300       Classes.TResourceStream.Destroy
 0001:0003B294       Classes.TResourceStream.Initialize
 0001:0003B330       Classes.TResourceStream.Write
 0001:0003A584       Classes.TStream.CopyFrom
 0001:0003A9EC       Classes.TStream.FixupResourceHeader
 0001:0003A2C0       Classes.TStream.GetPosition
 0001:0003A2F4       Classes.TStream.GetSize
 0001:0002F00C       Classes.TStream.Read
 0001:0003A514       Classes.TStream.ReadBuffer
 0001:0003A678       Classes.TStream.ReadComponent
 0001:0003A73C       Classes.TStream.ReadComponentRes
 0001:0003AAE4       Classes.TStream.ReadResHeader
 0001:0003A4A4       Classes.TStream.Seek
 0001:0003A420       Classes.TStream.Seek
 0001:0003A2E0       Classes.TStream.SetPosition
 0001:0003A358       Classes.TStream.SetSize
 0001:0003A340       Classes.TStream.SetSize
 0001:0003A344       Classes.TStream.SetSize64
 0001:0002F014       Classes.TStream.Write
 0001:0003A54C       Classes.TStream.WriteBuffer
 0001:0003A6D8       Classes.TStream.WriteComponent
 0001:0003A758       Classes.TStream.WriteComponentRes
 0001:0003A6E0       Classes.TStream.WriteDescendent
 0001:0003AAB0       Classes.TStream.WriteDescendentRes
 0001:0003A760       Classes.TStream.WriteResourceHeader
 0001:00043D08       Classes.TStreamAdapter.Clone
 0001:00043C5C       Classes.TStreamAdapter.Commit
 0001:00043A54       Classes.TStreamAdapter.CopyTo
 0001:00043818       Classes.TStreamAdapter.Create
 0001:00043864       Classes.TStreamAdapter.Destroy
 0001:00043C74       Classes.TStreamAdapter.LockRegion
 0001:0004389C       Classes.TStreamAdapter.Read
 0001:00043C68       Classes.TStreamAdapter.Revert
 0001:0004396C       Classes.TStreamAdapter.Seek
 0001:000439F0       Classes.TStreamAdapter.SetSize
 0001:00043C8C       Classes.TStreamAdapter.Stat
 0001:00043C80       Classes.TStreamAdapter.UnlockRegion
 0001:00043904       Classes.TStreamAdapter.Write
 0001:00039BA8       Classes.TStringList.Add
 0001:00039BB8       Classes.TStringList.AddObject
 0001:00039C1C       Classes.TStringList.Changed
 0001:00039C38       Classes.TStringList.Changing
 0001:00039C54       Classes.TStringList.Clear
 0001:0003A200       Classes.TStringList.CompareStrings
 0001:0003A254       Classes.TStringList.Create
 0001:0003A21C       Classes.TStringList.Create
 0001:0003A1C8       Classes.TStringList.CustomSort
 0001:00039CBC       Classes.TStringList.Delete
 0001:00039B24       Classes.TStringList.Destroy
 0001:00039D3C       Classes.TStringList.Exchange
 0001:00039D98       Classes.TStringList.ExchangeItems
 0001:00039DBC       Classes.TStringList.Find
 0001:00039E40       Classes.TStringList.Get
 0001:00039E70       Classes.TStringList.GetCapacity
 0001:00039E74       Classes.TStringList.GetCount
 0001:00039E78       Classes.TStringList.GetObject
 0001:00039E9C       Classes.TStringList.Grow
 0001:00039ED0       Classes.TStringList.IndexOf
 0001:00039F0C       Classes.TStringList.Insert
 0001:00039F70       Classes.TStringList.InsertItem
 0001:00039F1C       Classes.TStringList.InsertObject
 0001:00039FEC       Classes.TStringList.Put
 0001:0003A044       Classes.TStringList.PutObject
 0001:0003A080       Classes.TStringList.QuickSort
 0001:0003A118       Classes.TStringList.SetCapacity
 0001:0003A298       Classes.TStringList.SetCaseSensitive
 0001:0003A158       Classes.TStringList.SetSorted
 0001:0003A178       Classes.TStringList.SetUpdateState
 0001:0003A1B8       Classes.TStringList.Sort
 0001:00038518       Classes.TStrings.Add
 0001:0003853C       Classes.TStrings.AddObject
 0001:0003856C       Classes.TStrings.AddStrings
 0001:00038560       Classes.TStrings.Append
 0001:00038624       Classes.TStrings.Assign
 0001:000386E0       Classes.TStrings.BeginUpdate
 0001:0002E294       Classes.TStrings.Clear
 0001:00039ADC       Classes.TStrings.CompareStrings
 0001:00038750       Classes.TStrings.DefineProperties
 0001:0002E29C       Classes.TStrings.Delete
 0001:000384E8       Classes.TStrings.Destroy
 0001:000387A8       Classes.TStrings.EndUpdate
 0001:000387BC       Classes.TStrings.Equals
 0001:00038868       Classes.TStrings.Error
 0001:000388A0       Classes.TStrings.Error
 0001:000388F8       Classes.TStrings.Exchange
 0001:000389E4       Classes.TStrings.GetCapacity
 0001:000389EC       Classes.TStrings.GetCommaText
 0001:00038A84       Classes.TStrings.GetDelimitedText
 0001:000399C8       Classes.TStrings.GetDelimiter
 0001:00038CF4       Classes.TStrings.GetEnumerator
 0001:000399E4       Classes.TStrings.GetLineBreak
 0001:00039AE8       Classes.TStrings.GetNameValueSeparator
 0001:00038D04       Classes.TStrings.GetObject
 0001:00039A20       Classes.TStrings.GetQuoteChar
 0001:00039A3C       Classes.TStrings.GetStrictDelimiter
 0001:00038D08       Classes.TStrings.GetText
 0001:00038D5C       Classes.TStrings.GetTextStr
 0001:00038EF4       Classes.TStrings.IndexOf
 0001:00038F80       Classes.TStrings.IndexOfName
 0001:00039054       Classes.TStrings.IndexOfObject
 0001:0002E2A4       Classes.TStrings.Insert
 0001:00039088       Classes.TStrings.InsertObject
 0001:000390B8       Classes.TStrings.LoadFromFile
 0001:0003910C       Classes.TStrings.LoadFromFile
 0001:00039168       Classes.TStrings.LoadFromStream
 0001:00039174       Classes.TStrings.LoadFromStream
 0001:00039268       Classes.TStrings.Move
 0001:00039318       Classes.TStrings.Put
 0001:00039348       Classes.TStrings.PutObject
 0001:0003934C       Classes.TStrings.ReadData
 0001:0003940C       Classes.TStrings.SaveToFile
 0001:000393FC       Classes.TStrings.SaveToFile
 0001:0003947C       Classes.TStrings.SaveToStream
 0001:0003946C       Classes.TStrings.SaveToStream
 0001:00039534       Classes.TStrings.SetCapacity
 0001:00039538       Classes.TStrings.SetCommaText
 0001:00039818       Classes.TStrings.SetDelimitedText
 0001:00039A54       Classes.TStrings.SetDelimiter
 0001:00039A74       Classes.TStrings.SetLineBreak
 0001:00039B04       Classes.TStrings.SetNameValueSeparator
 0001:00039AA0       Classes.TStrings.SetQuoteChar
 0001:00039AC0       Classes.TStrings.SetStrictDelimiter
 0001:00039560       Classes.TStrings.SetStringsAdapter
 0001:00039594       Classes.TStrings.SetText
 0001:000395E4       Classes.TStrings.SetTextStr
 0001:00039790       Classes.TStrings.SetUpdateState
 0001:00039794       Classes.TStrings.WriteData
 0001:00038470       Classes.TStringsEnumerator.Create
 0001:000384B4       Classes.TStringsEnumerator.GetCurrent
 0001:000384CC       Classes.TStringsEnumerator.MoveNext
 0004:00008898       Classes.TThread.$ClassInitFlag
 0001:00041AF4       Classes.TThread.AfterConstruction
 0001:00041B9C       Classes.TThread.CallOnTerminate
 0001:00041B08       Classes.TThread.CheckThreadError
 0001:00041B84       Classes.TThread.CheckThreadError
 0001:00041954       Classes.TThread.Create
 0002:00000250       Classes.TThread.Create@
 0001:00041A58       Classes.TThread.Destroy
 0001:00041ACC       Classes.TThread.Destroy@
 0001:00041BB0       Classes.TThread.DoTerminate
 0005:00000008       Classes.TThread.FCurrentThread
 0001:00041BC4       Classes.TThread.GetPriority
 0001:00041C00       Classes.TThread.InternalStart
 0001:00042698       Classes.TThread.NameThreadForDebugging
 0001:00041D60       Classes.TThread.Queue
 0001:00041E2C       Classes.TThread.Queue
 0001:00041CD8       Classes.TThread.Queue
 0001:00042294       Classes.TThread.Queue
 0001:000424CC       Classes.TThread.RemoveQueuedEvents
 0001:00042428       Classes.TThread.RemoveQueuedEvents
 0001:00041ECC       Classes.TThread.RemoveQueuedEvents
 0001:0004258C       Classes.TThread.Resume
 0001:00041CAC       Classes.TThread.SetPriority
 0001:000424E0       Classes.TThread.SetSuspended
 0001:000424F8       Classes.TThread.SpinWait
 0001:00042514       Classes.TThread.Start
 0001:00041F90       Classes.TThread.StaticQueue
 0001:00042414       Classes.TThread.StaticSynchronize
 0001:0004251C       Classes.TThread.Suspend
 0001:00042378       Classes.TThread.Synchronize
 0001:00042204       Classes.TThread.Synchronize
 0001:0004219C       Classes.TThread.Synchronize
 0001:00042168       Classes.TThread.Synchronize
 0001:00041FA4       Classes.TThread.Synchronize
 0001:000425B4       Classes.TThread.Terminate
 0001:000425D8       Classes.TThread.WaitFor
 0001:000375C8       Classes.TThreadList.Add
 0001:00037650       Classes.TThreadList.Clear
 0001:000374F8       Classes.TThreadList.Create
 0001:0003754C       Classes.TThreadList.Destroy
 0001:00037698       Classes.TThreadList.LockList
 0001:000376AC       Classes.TThreadList.Remove
 0001:000376B4       Classes.TThreadList.RemoveItem
 0001:00037708       Classes.TThreadList.UnlockList
 0001:0003EEF0       Classes.TWriter.AddAncestor
 0001:0003EF24       Classes.TWriter.DefineBinaryProperty
 0001:0003EEFC       Classes.TWriter.DefineProperty
 0001:0003EEC4       Classes.TWriter.Destroy
 0001:0003EF60       Classes.TWriter.FindMethodName
 0001:0003EFA8       Classes.TWriter.FlushBuffer
 0001:0004157C       Classes.TWriter.GetLookupInfo
 0001:0003EF50       Classes.TWriter.GetPosition
 0001:0003EFB0       Classes.TWriter.SetPosition
 0001:0003EFEC       Classes.TWriter.SetRoot
 0001:0003F004       Classes.TWriter.Write
 0001:0003F050       Classes.TWriter.WriteBinary
 0001:0003F0F0       Classes.TWriter.WriteBoolean
 0001:0003F0D8       Classes.TWriter.WriteBuffer
 0001:0003F104       Classes.TWriter.WriteChar
 0001:0003F1A4       Classes.TWriter.WriteCollection
 0001:0003F294       Classes.TWriter.WriteComponent
 0001:0003F83C       Classes.TWriter.WriteCurrency
 0001:0003F3E8       Classes.TWriter.WriteData
 0001:0003F860       Classes.TWriter.WriteDate
 0001:0003F7A8       Classes.TWriter.WriteDescendent
 0001:0003F818       Classes.TWriter.WriteDouble
 0001:0003F7D0       Classes.TWriter.WriteFloat
 0001:0003F884       Classes.TWriter.WriteIdent
 0001:0003F9DC       Classes.TWriter.WriteInteger
 0001:0003F968       Classes.TWriter.WriteInteger
 0001:0003FA34       Classes.TWriter.WriteListBegin
 0001:0003FA3C       Classes.TWriter.WriteListEnd
 0001:00041240       Classes.TWriter.WriteMinStr
 0001:0003FA44       Classes.TWriter.WritePrefix
 0001:0003FA8C       Classes.TWriter.WriteProperties
 0001:00040BE4       Classes.TWriter.WriteProperty
 0001:00041118       Classes.TWriter.WritePropName
 0001:0004116C       Classes.TWriter.WriteRootComponent
 0001:00041174       Classes.TWriter.WriteSignature
 0001:0003F7F4       Classes.TWriter.WriteSingle
 0001:00041184       Classes.TWriter.WriteStr
 0001:00041374       Classes.TWriter.WriteString
 0001:0004148C       Classes.TWriter.WriteUTF8Str
 0001:00041568       Classes.TWriter.WriteValue
 0001:00040D38       Classes.TWriter.WriteVariant
 0001:0003F154       Classes.TWriter.WriteWideChar
 0001:00041560       Classes.TWriter.WriteWideString
 0001:000364AC       Classes.UnregisterFindGlobalComponentProc
 0001:00035F90       Classes.UnRegisterModuleClasses
 0003:00001760       Classes.UtilWindowClass
 0001:00041684       Classes.WaitForSyncEvent
 0003:00001708       Classes.WakeMainThread
 0001:000367E0       Classes.WriteCollection
 0001:00040414       Classes.WriteCollectionProp
 0001:000405B0       Classes.WriteFloatProp
 0001:000405F0       Classes.WriteInt64Prop
 0001:00040A14       Classes.WriteInterfaceProp
 0001:000403A8       Classes.WriteIntProp
 0001:00040AF0       Classes.WriteMethodProp
 0001:00040800       Classes.WriteObjectProp
 0001:000404B8       Classes.WriteOrdProp
 0001:000402BC       Classes.WritePropPath
 0001:00040314       Classes.WriteSet
 0001:0004062C       Classes.WriteStrProp
 0001:00040B80       Classes.WriteVariantProp
 0004:00008ABC       Clipbrd..3
 0004:00008ABA       Clipbrd.CF_COMPONENT
 0004:00008AB8       Clipbrd.CF_PICTURE
 0002:00000964       Clipbrd.Clipbrd
 0004:00008AC0       Clipbrd.FClipboard
 0001:0006F080       Clipbrd.Finalization
 0004:00008ACC       ComCtrls..96
 0001:00070564       ComCtrls..TConversion
 0002:00000A30       ComCtrls.ComCtrls
 0004:00008AD0       ComCtrls.ConversionFormatList
 0001:000708FC       ComCtrls.Finalization
 0001:0007089C       ComCtrls.FreeConversionFormatList
 0004:00008AD8       ComCtrls.FRichEditModule
 0003:000021D8       ComCtrls.RTFConversionFormat
 0004:00008AD4       ComCtrls.ShellModule
 0001:000707E4       ComCtrls.TConversion.ConvertReadStream
 0001:00070840       ComCtrls.TConversion.ConvertWriteStream
 0001:000707AC       ComCtrls.TConversion.Create
 0003:000021E0       ComCtrls.TextConversionFormat
 0004:00006590       CommCtrl.ComCtl32DLL
 0001:000101FC       CommCtrl.FlatSB_GetScrollInfo
 0001:00010204       CommCtrl.FlatSB_GetScrollPos
 0001:0001020C       CommCtrl.FlatSB_SetScrollInfo
 0001:00010214       CommCtrl.FlatSB_SetScrollPos
 0001:0001021C       CommCtrl.FlatSB_SetScrollProp
 0001:00010134       CommCtrl.ImageList_Add
 0001:00010194       CommCtrl.ImageList_BeginDrag
 0001:0001018C       CommCtrl.ImageList_Copy
 0001:00010114       CommCtrl.ImageList_Create
 0001:0001011C       CommCtrl.ImageList_Destroy
 0001:000101A4       CommCtrl.ImageList_DragEnter
 0001:000101AC       CommCtrl.ImageList_DragLeave
 0001:000101B4       CommCtrl.ImageList_DragMove
 0001:000101BC       CommCtrl.ImageList_DragShowNolock
 0001:0001015C       CommCtrl.ImageList_Draw
 0001:0001016C       CommCtrl.ImageList_DrawEx
 0001:0001019C       CommCtrl.ImageList_EndDrag
 0001:0001014C       CommCtrl.ImageList_GetBkColor
 0001:000101C4       CommCtrl.ImageList_GetDragImage
 0001:0001017C       CommCtrl.ImageList_GetIcon
 0001:000101DC       CommCtrl.ImageList_GetIconSize
 0001:00010124       CommCtrl.ImageList_GetImageCount
 0001:000101EC       CommCtrl.ImageList_GetImageInfo
 0001:00010184       CommCtrl.ImageList_LoadImage
 0001:000101CC       CommCtrl.ImageList_Read
 0001:00010174       CommCtrl.ImageList_Remove
 0001:00010164       CommCtrl.ImageList_Replace
 0001:0001013C       CommCtrl.ImageList_ReplaceIcon
 0001:00010144       CommCtrl.ImageList_SetBkColor
 0001:000101E4       CommCtrl.ImageList_SetIconSize
 0001:0001012C       CommCtrl.ImageList_SetImageCount
 0001:00010154       CommCtrl.ImageList_SetOverlayImage
 0001:000101D4       CommCtrl.ImageList_Write
 0001:00010094       CommCtrl.InitComCtl
 0001:00010224       CommCtrl.InitializeFlatSB
 0001:0001022C       CommCtrl.TaskDialogIndirect
 0004:00006594       CommCtrl._InitCommonControlsEx
 0004:00006598       CommCtrl._TaskDialogIndirect
 0001:000101F4       CommCtrl._TrackMouseEvent
 0001:000466FC       Contnrs..TOrderedList
 0001:00046914       Contnrs..TStack
 0001:000469A4       Contnrs.TOrderedList.AtLeast
 0001:000469D0       Contnrs.TOrderedList.Count
 0001:000469D8       Contnrs.TOrderedList.Create
 0001:00046A1C       Contnrs.TOrderedList.Destroy
 0001:000469B0       Contnrs.TOrderedList.Peek
 0001:00046A4C       Contnrs.TOrderedList.PeekItem
 0001:000469B8       Contnrs.TOrderedList.Pop
 0001:00046A60       Contnrs.TOrderedList.PopItem
 0001:000469C0       Contnrs.TOrderedList.Push
 0001:00046A80       Contnrs.TStack.PushItem
 0004:00008B6C       Controls..44
 0001:00080800       Controls..TBaseDragControlObject
 0001:00084660       Controls..TControl
 0001:0008148C       Controls..TControlActionLink
 0001:00081074       Controls..TControlCanvas
 0001:00088070       Controls..TCustomControl
 0001:000812B8       Controls..TCustomControlAction
 0001:00082740       Controls..TCustomGestureCollectionItem
 0001:00082F80       Controls..TCustomGestureEngine
 0001:000829A0       Controls..TCustomGestureManager
 0001:0008AA54       Controls..TCustomHint
 0001:0008A7FC       Controls..TCustomHintShowHideThread
 0001:0008A3C0       Controls..TCustomHintWindow
 0001:00089F3C       Controls..TCustomListControl
 0001:000897AC       Controls..TCustomPanningWindow
 0001:00083154       Controls..TCustomTouchManager
 0001:00089438       Controls..TDockTree
 0001:00088E50       Controls..TDockZone
 0001:0008099C       Controls..TDragControlObject
 0001:00080AD8       Controls..TDragControlObjectEx
 0001:00080BE4       Controls..TDragDockObject
 0001:00080F5C       Controls..TDragDockObjectEx
 0001:0008874C       Controls..TDragImageList
 0001:000802FC       Controls..TDragObject
 0001:00087EA0       Controls..TGraphicControl
 0001:0008828C       Controls..THintWindow
 0001:00088BA8       Controls..TImageList
 0001:00081D78       Controls..TMargins
 0001:00089A5C       Controls..TMouse
 0001:0008225C       Controls..TPadding
 0001:0008B760       Controls..TSiteList
 0001:00081B10       Controls..TSizeConstraints
 0001:00083708       Controls..TTouchManager
 0001:000869DC       Controls..TWinControl
 0001:00086420       Controls..TWinControlActionLink
 0001:0008BF14       Controls.AbsMin
 0004:00008BA0       Controls.ActiveDrag
 0001:00092C90       Controls.AlignNestedControls
 0001:00092C3C       Controls.AlignWork
 0003:000024D0       Controls.AnchorAlign
 0003:000024C4       Controls.AnimateWindowProc
 0003:0000264C       Controls.AnimationStyle
 0001:0008F128       Controls.BackgroundClipped
 0001:0009D774       Controls.CalcSplitterPos
 0001:0008CF98       Controls.CancelDrag
 0004:00008BB4       Controls.CanvasList
 0003:00002588       Controls.CaptureControl
 0001:0008B078       Controls.ChangeBiDiModeAlignment
 0001:0008CC00       Controls.CheckUndock
 0001:0009A4A8       Controls.ClientToWindow
 0004:00008B72       Controls.ControlAtom
 0004:00008B78       Controls.ControlAtomString
 0002:00000B44       Controls.Controls
 0003:000025E0       Controls.CPan
 0003:000025DC       Controls.CPanOoptions
 0003:00002610       Controls.CPanSingleFingerHorizontal
 0003:00002608       Controls.CPanSingleFingerVertical
 0003:00002618       Controls.CPanWithGutter
 0003:00002620       Controls.CPanWithInertia
 0003:000025F8       Controls.CPressAndTap
 0003:000024CC       Controls.CreationControl
 0003:000025F0       Controls.CRotate
 0003:000025CC       Controls.Ctl3DStyles
 0003:00002600       Controls.CTwoFingerTap
 0003:000024D8       Controls.Cursors
 0001:0008B540       Controls.CursorToIdent
 0003:000025E8       Controls.CZoom
 0003:000024C8       Controls.DefaultDockTreeClass
 0001:00094068       Controls.DestroyChildWindow
 0001:00092F08       Controls.DoAdjustSize
 0001:00092AB0       Controls.DoAlign
 0001:0009831C       Controls.DoCalcConstraints
 0004:00008BA8       Controls.DockSiteList
 0001:00094FB8       Controls.DoControlMsg
 0001:0008C514       Controls.DoDragOver
 0001:0009B1A0       Controls.DoFindControlZone
 0001:0009B8CC       Controls.DoFindZone
 0001:0009B224       Controls.DoForEach
 0001:0009CF44       Controls.DoGetNextLimit
 0001:0009E080       Controls.DoneControls
 0001:00092A68       Controls.DoPosition
 0001:0009C3F0       Controls.DoPrune
 0001:0009C938       Controls.DoSaveZone
 0001:0009CC3C       Controls.DoSetNewBounds
 0001:00093CE4       Controls.DoWriteDesignSize
 0001:000906BC       Controls.DoWriteExplicit
 0001:00090688       Controls.DoWriteIsControl
 0004:00008B8C       Controls.DragCapture
 0004:00008B80       Controls.DragControl
 0001:0008CC74       Controls.DragDone
 0001:0008C4C4       Controls.DragFindTarget
 0001:0008C498       Controls.DragFindWindow
 0004:00008BA4       Controls.DragImageList
 0001:0008C8D8       Controls.DragInit
 0001:0008CA48       Controls.DragInitControl
 0004:00008B88       Controls.DragInternalObject
 0001:0008C3E0       Controls.DragMessage
 0004:00008B84       Controls.DragObject
 0004:00008BB0       Controls.DragSave
 0004:00008B98       Controls.DragSaveCursor
 0004:00008B90       Controls.DragStartPos
 0004:00008B9C       Controls.DragThreshold
 0001:0008C5F0       Controls.DragTo
 0001:0009BE70       Controls.DrawCloseButton
 0001:0009BF04       Controls.DrawGrabberLine
 0001:0009BF90       Controls.DrawThemedGrabber
 0001:000954D4       Controls.DrawThemeEdge
 0003:000025BC       Controls.EdgeStyles
 0001:0009FE0C       Controls.Finalization
 0001:0008B1D0       Controls.FindControl
 0001:0008CFE4       Controls.FindDragTarget
 0001:0008CFB0       Controls.FindVCLWindow
 0004:00008BB8       Controls.FlagControl
 0001:0008D0D8       Controls.FreeDeviceContext
 0001:0008D1A0       Controls.FreeDeviceContexts
 0003:000025D4       Controls.GestureMap
 0001:0008B6F4       Controls.GetCaptureControl
 0001:000928D0       Controls.GetClientSize
 0001:00094574       Controls.GetControlAtPos
 0001:0009D024       Controls.GetDockAlign
 0001:0008C238       Controls.GetDockSiteAtPos
 0001:0008C550       Controls.GetDropCtl
 0001:0009AED0       Controls.GetLastChildZone
 0001:0008B5A8       Controls.GetLongHint
 0001:0008B560       Controls.GetShortHint
 0001:0008B924       Controls.GetTopParent
 0001:0009D0A0       Controls.HideZone
 0001:0008B550       Controls.IdentToCursor
 0003:00002674       Controls.IMM32DLL
 0001:0009E06C       Controls.Imm32IsIME
 0001:0009E120       Controls.InitControls
 0001:0009DC38       Controls.InitIMM32
 0001:0008B08C       Controls.InitWndProc
 0003:0000259C       Controls.InnerStyles
 0001:00092938       Controls.InsertBefore
 0001:0008BFF8       Controls.IsBeforeTargetWindow
 0001:0008C438       Controls.IsDelphiHandle
 0001:0009A8E8       Controls.IsOrientationSet
 0001:0008C1F4       Controls.IsSiteChildOfClient
 0001:0008B22C       Controls.IsVCLControl
 0004:00008B60       Controls.IsVCLControlHook
 0001:0009F460       Controls.LatestHintWindow
 0001:0008D030       Controls.ListAdd
 0001:0008D058       Controls.ListRemove
 0003:00002660       Controls.MakeLast
 0001:00091940       Controls.MinVar
 0003:00002678       Controls.ModeMap
 0004:00008B5C       Controls.Mouse
 0001:0008B03C       Controls.MouseOriginToShiftState
 0001:0008D0A8       Controls.MoveWindowOrg
 0004:00008B68       Controls.NewStyleControls
 0001:0009A8CC       Controls.NextVisibleZone
 0001:0008B19C       Controls.ObjectFromHWnd
 0003:00002628       Controls.Options
 0003:00002658       Controls.OrientArray
 0003:000025AC       Controls.OuterStyles
 0003:0000258C       Controls.PaintMessage
 0001:0009ACF8       Controls.ParentNotLast
 0001:0008B640       Controls.PerformBufferedPrintClient
 0001:0008B5F0       Controls.PerformEraseBackground
 0001:00093CD0       Controls.PointsEqual
 0004:00008BAC       Controls.QualifyingSites
 0001:0009BA68       Controls.ReadControlName
 0001:0008C384       Controls.RegisterDockSite
 0004:00008B7C       Controls.RM_GetObjectInstance
 0001:0008B25C       Controls.SendAppMessage
 0001:0008B71C       Controls.SetCaptureControl
 0001:0009DF94       Controls.SetImeMode
 0001:000911B8       Controls.SetParentColor
 0003:00002594       Controls.ShowFlags
 0001:0009D120       Controls.ShowZone
 0003:0000266C       Controls.SizeCursors
 0001:0008BCF8       Controls.TBaseDragControlObject.Assign
 0001:0008BCBC       Controls.TBaseDragControlObject.Create
 0001:0008BD24       Controls.TBaseDragControlObject.EndDrag
 0001:0008BD50       Controls.TBaseDragControlObject.Finished
 0001:00091670       Controls.TControl.ActionChange
 0001:00091A64       Controls.TControl.AdjustSize
 0001:00091894       Controls.TControl.AssignTo
 0001:0008F4C8       Controls.TControl.BeginAutoDrag
 0001:0008F4E4       Controls.TControl.BeginDrag
 0001:0008EF78       Controls.TControl.BringToFront
 0001:0009008C       Controls.TControl.CalcCursorPos
 0001:00090244       Controls.TControl.CalcDockSizes
 0001:0008FF8C       Controls.TControl.CanAutoSize
 0001:0008FF90       Controls.TControl.CanResize
 0001:0008E8C8       Controls.TControl.Changed
 0001:0008E8D8       Controls.TControl.ChangeScale
 0001:00090CE8       Controls.TControl.CheckNewSize
 0001:00090ABC       Controls.TControl.Click
 0001:00091CA0       Controls.TControl.ClientToParent
 0001:0008E6CC       Controls.TControl.ClientToScreen
 0001:00091334       Controls.TControl.CMBiDiModeChanged
 0001:000911AC       Controls.TControl.CMColorChanged
 0001:000914B0       Controls.TControl.CMDesignHitTest
 0001:00091194       Controls.TControl.CMEnabledChanged
 0001:00091610       Controls.TControl.CMFloat
 0001:000911A0       Controls.TControl.CMFontChanged
 0001:000912C0       Controls.TControl.CMGesture
 0001:00091AF0       Controls.TControl.CMHintShow
 0001:000913E0       Controls.TControl.CMHitTest
 0001:00091EC0       Controls.TControl.CMMouseActivate
 0001:000913E8       Controls.TControl.CMMouseEnter
 0001:0009144C       Controls.TControl.CMMouseLeave
 0001:00091250       Controls.TControl.CMMouseWheel
 0001:0009122C       Controls.TControl.CMParentBiDiModeChanged
 0001:000911F0       Controls.TControl.CMParentColorChanged
 0001:0009138C       Controls.TControl.CMParentFontChanged
 0001:00091350       Controls.TControl.CMParentShowHintChanged
 0001:000914B8       Controls.TControl.CMParentTabletOptionsChanged
 0001:000913BC       Controls.TControl.CMSysFontChanged
 0001:0009116C       Controls.TControl.CMVisibleChanged
 0001:0009005C       Controls.TControl.ConstrainedResize
 0001:0008D930       Controls.TControl.Create
 0001:000914EC       Controls.TControl.CreateFloatingDockSite
 0001:0009156C       Controls.TControl.CreateTouchManager
 0001:00090B34       Controls.TControl.DblClick
 0001:0008F9C4       Controls.TControl.DefaultDockImage
 0001:000905D4       Controls.TControl.DefaultHandler
 0001:000908DC       Controls.TControl.DefineProperties
 0001:000900B8       Controls.TControl.DesignWndProc
 0001:0008DA78       Controls.TControl.Destroy
 0001:00091770       Controls.TControl.DoActionChange
 0001:0008FFC0       Controls.TControl.DoCanAutoSize
 0001:0009002C       Controls.TControl.DoCanResize
 0001:0008E378       Controls.TControl.Dock
 0001:0008F7B0       Controls.TControl.DockTrackNoTarget
 0001:000900EC       Controls.TControl.DoConstrainedResize
 0001:0008FF80       Controls.TControl.DoConstraintsChange
 0001:00091C60       Controls.TControl.DoContextPopup
 0001:0008E4A8       Controls.TControl.DoDock
 0001:0008FB10       Controls.TControl.DoDragMsg
 0001:0008F7C8       Controls.TControl.DoEndDock
 0001:0008F6B0       Controls.TControl.DoEndDrag
 0001:0008F690       Controls.TControl.DoGesture
 0001:0008F694       Controls.TControl.DoGetGestureOptions
 0001:00091EE4       Controls.TControl.DoMarginChange
 0001:0008F824       Controls.TControl.DoMouseActivate
 0001:00090B8C       Controls.TControl.DoMouseDown
 0001:00090F28       Controls.TControl.DoMouseUp
 0001:0008F858       Controls.TControl.DoMouseWheel
 0001:0008F92C       Controls.TControl.DoMouseWheelDown
 0001:0008F978       Controls.TControl.DoMouseWheelUp
 0001:0008F7F4       Controls.TControl.DoStartDock
 0001:0008F670       Controls.TControl.DoStartDrag
 0001:0008F5F8       Controls.TControl.DragCanceled
 0001:0008F644       Controls.TControl.DragDrop
 0001:0008F5FC       Controls.TControl.Dragging
 0001:0008F608       Controls.TControl.DragOver
 0001:0008FAF0       Controls.TControl.DrawDragDockImage
 0001:00091A84       Controls.TControl.DrawTextBiDiModeFlags
 0001:00091AC4       Controls.TControl.DrawTextBiDiModeFlagsReadingOnly
 0001:0008F5C4       Controls.TControl.EndDrag
 0001:0008FB00       Controls.TControl.EraseDragDockImage
 0001:0008ED88       Controls.TControl.FontChanged
 0001:0008DC34       Controls.TControl.GetAction
 0001:00091794       Controls.TControl.GetActionLinkClass
 0001:00091F08       Controls.TControl.GetAlignWithMargins
 0001:0008E560       Controls.TControl.GetBoundsRect
 0001:0008E5FC       Controls.TControl.GetClientHeight
 0001:0008E63C       Controls.TControl.GetClientOrigin
 0001:0008E5A4       Controls.TControl.GetClientRect
 0001:0008E5BC       Controls.TControl.GetClientWidth
 0001:0008F460       Controls.TControl.GetControlsAlignment
 0001:0009021C       Controls.TControl.GetCustomHint
 0001:0008F080       Controls.TControl.GetDeviceContext
 0001:00091980       Controls.TControl.GetDockEdge
 0001:0008DB74       Controls.TControl.GetDragImages
 0001:0008DE24       Controls.TControl.GetDragMode
 0001:0008DB78       Controls.TControl.GetEnabled
 0001:00091A30       Controls.TControl.GetFloating
 0001:00091A5C       Controls.TControl.GetFloatingDockSiteClass
 0001:0008EC98       Controls.TControl.GetLRDockWidth
 0001:0008EF40       Controls.TControl.GetMouseCapture
 0001:0008DB80       Controls.TControl.GetPalette
 0001:0008DB8C       Controls.TControl.GetParentComponent
 0001:00090CE4       Controls.TControl.GetPopupMenu
 0001:0008EC84       Controls.TControl.GetTBDockHeight
 0001:0008ECD0       Controls.TControl.GetText
 0001:0008EC50       Controls.TControl.GetTextBuf
 0001:0008EC40       Controls.TControl.GetTextLen
 0001:0008EC5C       Controls.TControl.GetUndockHeight
 0001:0008EC70       Controls.TControl.GetUndockWidth
 0001:0008DB84       Controls.TControl.HasParent
 0001:0008F30C       Controls.TControl.Hide
 0001:00091AE0       Controls.TControl.InitiateAction
 0001:0008F244       Controls.TControl.Invalidate
 0001:0008F1B0       Controls.TControl.InvalidateControl
 0001:0008DD60       Controls.TControl.IsAnchorsStored
 0001:0008EDFC       Controls.TControl.IsBiDiModeStored
 0001:0009179C       Controls.TControl.IsCaptionStored
 0001:0008EED4       Controls.TControl.IsColorStored
 0001:000917BC       Controls.TControl.IsEnabledStored
 0001:0008EDDC       Controls.TControl.IsFontStored
 0001:000917FC       Controls.TControl.IsHelpContextStored
 0001:000917DC       Controls.TControl.IsHintStored
 0001:0009183C       Controls.TControl.IsOnClickStored
 0001:0008F464       Controls.TControl.IsRightToLeft
 0001:0008EDF0       Controls.TControl.IsShowHintStored
 0001:0008DD78       Controls.TControl.IsTouchPropertyStored
 0001:0009181C       Controls.TControl.IsVisibleStored
 0001:0009185C       Controls.TControl.Loaded
 0001:0008FC00       Controls.TControl.ManualDock
 0001:0008FDEC       Controls.TControl.ManualFloat
 0001:0008F258       Controls.TControl.MouseActivate
 0001:00090B54       Controls.TControl.MouseDown
 0001:00090E34       Controls.TControl.MouseMove
 0001:00090EF0       Controls.TControl.MouseUp
 0001:0008F2A0       Controls.TControl.MouseWheelHandler
 0001:0008DEFC       Controls.TControl.Notification
 0001:0008DBB8       Controls.TControl.PaletteChanged
 0001:00091DB0       Controls.TControl.ParentToClient
 0001:000901C0       Controls.TControl.Perform
 0001:00090208       Controls.TControl.Perform
 0001:000901F4       Controls.TControl.Perform
 0001:0008F6DC       Controls.TControl.PositionDockRect
 0001:00091FE0       Controls.TControl.ReadExplicitHeight
 0001:00091FF8       Controls.TControl.ReadExplicitLeft
 0001:00091FC8       Controls.TControl.ReadExplicitTop
 0001:00091FA0       Controls.TControl.ReadExplicitWidth
 0001:00090668       Controls.TControl.ReadIsControl
 0001:0008DE4C       Controls.TControl.ReadState
 0001:0008F358       Controls.TControl.Refresh
 0001:0008F364       Controls.TControl.Repaint
 0001:0008FE8C       Controls.TControl.ReplaceDockedControl
 0001:0008DE14       Controls.TControl.RequestAlign
 0001:0008DE2C       Controls.TControl.Resize
 0001:0008E6F8       Controls.TControl.ScaleConstraints
 0001:0008E77C       Controls.TControl.ScaleMargins
 0001:0008E800       Controls.TControl.ScreenToClient
 0001:0008E82C       Controls.TControl.SendCancelMode
 0001:0008E85C       Controls.TControl.SendDockNotification
 0001:0008EF88       Controls.TControl.SendToBack
 0001:0008DCE4       Controls.TControl.SetAction
 0001:0008DF78       Controls.TControl.SetAlign
 0001:00091F10       Controls.TControl.SetAlignWithMargins
 0001:0008DC44       Controls.TControl.SetAnchors
 0001:0008EAA0       Controls.TControl.SetAutoSize
 0001:0008ED6C       Controls.TControl.SetBiDiMode
 0001:0008E060       Controls.TControl.SetBounds
 0001:0008E580       Controls.TControl.SetBoundsRect
 0001:0008E614       Controls.TControl.SetClientHeight
 0001:0008EB5C       Controls.TControl.SetClientSize
 0001:0008E5D4       Controls.TControl.SetClientWidth
 0001:0008EE88       Controls.TControl.SetColor
 0001:00091C94       Controls.TControl.SetConstraints
 0001:0008EF24       Controls.TControl.SetCursor
 0001:0008F048       Controls.TControl.SetCustomHint
 0001:0008DDD8       Controls.TControl.SetDesignVisible
 0001:0008DE10       Controls.TControl.SetDragMode
 0001:0008EC28       Controls.TControl.SetEnabled
 0001:0008EDCC       Controls.TControl.SetFont
 0001:0008E344       Controls.TControl.SetHeight
 0001:0008E500       Controls.TControl.SetHelpContext
 0001:0008E514       Controls.TControl.SetHelpKeyword
 0001:0008E538       Controls.TControl.SetHostDockSite
 0001:0008E2A8       Controls.TControl.SetLeft
 0001:00091EF0       Controls.TControl.SetMargins
 0001:0008EF50       Controls.TControl.SetMouseCapture
 0001:0008EAB8       Controls.TControl.SetName
 0001:0008EBA4       Controls.TControl.SetParent
 0001:0008EF00       Controls.TControl.SetParentBiDiMode
 0001:0008EEDC       Controls.TControl.SetParentColor
 0001:0008DB90       Controls.TControl.SetParentComponent
 0001:0008EE78       Controls.TControl.SetParentCustomHint
 0001:0008EE04       Controls.TControl.SetParentFont
 0001:0008EE4C       Controls.TControl.SetParentShowHint
 0001:0008ECAC       Controls.TControl.SetPopupMenu
 0001:0008EE28       Controls.TControl.SetShowHint
 0001:0008ED08       Controls.TControl.SetText
 0001:0008E100       Controls.TControl.SetTextBuf
 0001:0008E2DC       Controls.TControl.SetTop
 0001:00091EFC       Controls.TControl.SetTouchManager
 0001:0008EBF0       Controls.TControl.SetVisible
 0001:0008E310       Controls.TControl.SetWidth
 0001:0008F024       Controls.TControl.SetZOrder
 0001:0008EF98       Controls.TControl.SetZOrderPosition
 0001:0008F314       Controls.TControl.Show
 0001:0008F344       Controls.TControl.Update
 0001:0008E124       Controls.TControl.UpdateAnchorRules
 0001:000902B8       Controls.TControl.UpdateBoundsRect
 0001:00091F3C       Controls.TControl.UpdateExplicitBounds
 0001:0008F494       Controls.TControl.UseRightToLeftAlignment
 0001:0008F47C       Controls.TControl.UseRightToLeftReading
 0001:0008F4AC       Controls.TControl.UseRightToLeftScrollBar
 0001:000902E8       Controls.TControl.VisibleChanging
 0001:00091080       Controls.TControl.WMCancelMode
 0001:00091B20       Controls.TControl.WMContextMenu
 0001:00090C90       Controls.TControl.WMLButtonDblClk
 0001:00090C28       Controls.TControl.WMLButtonDown
 0001:00090F6C       Controls.TControl.WMLButtonUp
 0001:00090E08       Controls.TControl.WMMButtonDblClk
 0001:00090DDC       Controls.TControl.WMMButtonDown
 0001:00091008       Controls.TControl.WMMButtonUp
 0001:00090E68       Controls.TControl.WMMouseMove
 0001:00091028       Controls.TControl.WMMouseWheel
 0001:00090C74       Controls.TControl.WMNCLButtonDown
 0001:00090DB0       Controls.TControl.WMRButtonDblClk
 0001:00090D84       Controls.TControl.WMRButtonDown
 0001:00090FE8       Controls.TControl.WMRButtonUp
 0001:000910BC       Controls.TControl.WMWindowPosChanged
 0001:000902EC       Controls.TControl.WndProc
 0001:00091F80       Controls.TControl.WriteExplicitHeight
 0001:00091F90       Controls.TControl.WriteExplicitLeft
 0001:00091F70       Controls.TControl.WriteExplicitTop
 0001:00091FB8       Controls.TControl.WriteExplicitWidth
 0001:0009067C       Controls.TControl.WriteIsControl
 0001:0008D4D0       Controls.TControlActionLink.AssignClient
 0001:0008D4EC       Controls.TControlActionLink.DoShowHint
 0001:0008D5E8       Controls.TControlActionLink.IsCaptionLinked
 0001:0008D65C       Controls.TControlActionLink.IsDropdownMenuLinked
 0001:0008D670       Controls.TControlActionLink.IsEnabledLinked
 0001:0008D6A4       Controls.TControlActionLink.IsEnableDropdownLinked
 0001:0008D844       Controls.TControlActionLink.IsHelpLinked
 0001:0008D6B8       Controls.TControlActionLink.IsHintLinked
 0001:0008D764       Controls.TControlActionLink.IsOnExecuteLinked
 0001:0008D6F0       Controls.TControlActionLink.IsPopupMenuLinked
 0001:0008D730       Controls.TControlActionLink.IsVisibleLinked
 0001:0008D78C       Controls.TControlActionLink.SetCaption
 0001:0008D7AC       Controls.TControlActionLink.SetDropdownMenu
 0001:0008D7B0       Controls.TControlActionLink.SetEnabled
 0001:0008D7D0       Controls.TControlActionLink.SetEnableDropdown
[...]
 10710 0001:0000EB10 10712 0001:0000EB12 11205 0001:0000EB18 11207 0001:0000EB25
 11208 0001:0000EB27 11211 0001:0000EB30 11212 0001:0000EB33 11216 0001:0000EB38
 11217 0001:0000EB3D 11218 0001:0000EB44 11220 0001:0000EB5A 11221 0001:0000EB5C
 11224 0001:0000EB5E 11226 0001:0000EB63 11242 0001:0000EB6E 11243 0001:0000EB71
 11245 0001:0000EB87 11246 0001:0000EB89 11249 0001:0000EB8B 11250 0001:0000EB90
 11251 0001:0000EBA6 11253 0001:0000EBA8 11268 0001:0000EBB4 11270 0001:0000EBBF
 11272 0001:0000EBCB 11275 0001:0000EBD2 11276 0001:0000EBDD 11278 0001:0000EBED
 11283 0001:0000EBFF 11286 0001:0000EC0E 11293 0001:0000EC20 11296 0001:0000EC2D
 11298 0001:0000EC32 11301 0001:0000EC3C 11303 0001:0000EC5B 11310 0001:0000EC64
 11313 0001:0000EC6F 11315 0001:0000EC71 11317 0001:0000EC7C 11350 0001:0000EC82
 11351 0001:0000ECA0 11352 0001:0000ECA7 11360 0001:0000ECAE 11363 0001:0000ECB3
 11372 0001:0000ECC7 11361 0001:0000ECC8 11374 0001:0000ECD0 11375 0001:0000ECD8
 11377 0001:0000ECE3 11380 0001:0000ECE5 11388 0001:0000ECEE 11392 0001:0000ECFE
 11280 0001:0000ED07 11394 0001:0000ED13 11397 0001:0000ED1C 11400 0001:0000ED41
 11401 0001:0000ED53 11403 0001:0000ED65 11405 0001:0000ED6D 11408 0001:0000ED74
 11411 0001:0000ED7F 11412 0001:0000ED88 11414 0001:0000ED90 11416 0001:0000ED97
 11419 0001:0000EDA3 11421 0001:0000EDB0 11424 0001:0000EDB8 11428 0001:0000EDC6
 11434 0001:0000EDE7 11436 0001:0000EDF3 11439 0001:0000EDFD 11441 0001:0000EE10
 11444 0001:0000EE2E 11446 0001:0000EE37 11449 0001:0000EE40 11453 0001:0000EE49
 11454 0001:0000EE5C 11465 0001:0000EE64 11469 0001:0000EE72 11412 0001:0000EE7B
 11472 0001:0000EE83 11409 0001:0000EE86 11475 0001:0000EE92 11478 0001:0000EE9F
 11481 0001:0000EEAA 11487 0001:0000EECA 11489 0001:0000EED6 11492 0001:0000EEDC
 11494 0001:0000EEEE 11497 0001:0000EF0C 11499 0001:0000EF15 11502 0001:0000EF21
 11506 0001:0000EF2A 11507 0001:0000EF37 11511 0001:0000EF3D 11479 0001:0000EF40
 11514 0001:0000EF4C 11517 0001:0000EF59 11518 0001:0000EF60 11520 0001:0000EF68
 11522 0001:0000EF7D 11524 0001:0000EF9D 11526 0001:0000EFAF 11527 0001:0000EFB9
 11528 0001:0000EFC2 11530 0001:0000EFCA 11532 0001:0000EFD1 11536 0001:0000EFDE
 11539 0001:0000EFEC 11542 0001:0000EFF5 11544 0001:0000EFFE 11545 0001:0000F00E
 11548 0001:0000F015 11550 0001:0000F01E 11551 0001:0000F021 11552 0001:0000F022
 11553 0001:0000F025 11554 0001:0000F026 11555 0001:0000F033 11556 0001:0000F036
 11557 0001:0000F037 11558 0001:0000F03A 11559 0001:0000F03B 11560 0001:0000F03E
 11561 0001:0000F03F 11562 0001:0000F04C 11563 0001:0000F05C 11567 0001:0000F065
 11568 0001:0000F068 11569 0001:0000F069 11570 0001:0000F06C 11573 0001:0000F06D
 11577 0001:0000F07B 11582 0001:0000F08D 11587 0001:0000F09F 11606 0001:0000F0B1
 11613 0001:0000F0BA 11614 0001:0000F0BD 11615 0001:0000F0BE 11616 0001:0000F0C1
 11617 0001:0000F0C2 11618 0001:0000F0C5 11619 0001:0000F0C6 11621 0001:0000F0CE
 11532 0001:0000F0D2 11622 0001:0000F0DB 11623 0001:0000F0E7 11522 0001:0000F0F8
 11625 0001:0000F104 11628 0001:0000F10D 11630 0001:0000F116 11631 0001:0000F119
 11632 0001:0000F11A 11633 0001:0000F11D 11634 0001:0000F11E 11635 0001:0000F121
 11636 0001:0000F122 11637 0001:0000F125 11640 0001:0000F126 11642 0001:0000F136
 11644 0001:0000F14A 11646 0001:0000F14E 11647 0001:0000F151 11648 0001:0000F152
 11649 0001:0000F155 11651 0001:0000F156 11654 0001:0000F15E 11656 0001:0000F168
 11642 0001:0000F16C 11660 0001:0000F16F 11662 0001:0000F17F 11672 0001:0000F196
 11673 0001:0000F1A6 11678 0001:0000F1B7 12007 0001:0000F390 12009 0001:0000F39B
 12013 0001:0000F3A0 12022 0001:0000F3A3 12024 0001:0000F3B0 12010 0001:0000F3B2
 12027 0001:0000F3B6 12029 0001:0000F3C0 12030 0001:0000F3C5 12031 0001:0000F3CA
 12032 0001:0000F3D1 12033 0001:0000F3D6 12027 0001:0000F3D9 12035 0001:0000F3DC
 12036 0001:0000F3DE 12038 0001:0000F3E1 12040 0001:0000F3EB 12041 0001:0000F3ED
 12042 0001:0000F3EF 12043 0001:0000F3F2 12038 0001:0000F3F5 12044 0001:0000F3F8
 12045 0001:0000F3FF 12046 0001:0000F410 12048 0001:0000F417 12052 0001:0000F41F
 12058 0001:0000F422 12060 0001:0000F42F 12049 0001:0000F431 12063 0001:0000F439
 12064 0001:0000F443 12065 0001:0000F44D 12344 0001:0000F454 12346 0001:0000F45E
 12358 0001:0000F460 12364 0001:0000F469 12365 0001:0000F479 12367 0001:0000F489
 12371 0001:0000F48B 12381 0001:0000F494 12382 0001:0000F4A4 12385 0001:0000F4B4
 12388 0001:0000F4B6 12395 0001:0000F4CA 12396 0001:0000F4DA 12398 0001:0000F4EA
 12402 0001:0000F4EC 12403 0001:0000F4EE 12425 0001:0000F888 12473 0001:0000F88E
 12474 0001:0000F890 12481 0001:0000F897 12483 0001:0000F89C 12494 0001:0000F8A2
 12495 0001:0000F8A8 12497 0001:0000F8AE 12498 0001:0000F8CA 12497 0001:0000F8D3
 12501 0001:0000F8D6 12502 0001:0000F8DB 12504 0001:0000F8E2 12508 0001:0000F901
 12509 0001:0000F908 12511 0001:0000F90D 12514 0001:0000F91A 12515 0001:0000F91F
 12517 0001:0000F924 12519 0001:0000F92F 12521 0001:0000F93A 12525 0001:0000F95F
 12526 0001:0000F967 12527 0001:0000F96C 12528 0001:0000F974 12530 0001:0000F979
 12533 0001:0000F987 12541 0001:0000F9A4 12545 0001:0000F9BF 12552 0001:0000F9C6
 12553 0001:0000F9CA 12474 0001:0000F9CE 12569 0001:0000F9D7 12570 0001:0000F9E1
 12572 0001:0000F9EB 12574 0001:0000F9F5 12575 0001:0000F9F7 12576 0001:0000F9F9
 12577 0001:0000F9FC 12572 0001:0000F9FF 12579 0001:0000FA02 12580 0001:0000FA0C
 12585 0001:0000FA16 12587 0001:0000FA30 12589 0001:0000FA3C 12591 0001:0000FA3E
 12596 0001:0000FA5D 12589 0001:0000FA5E 12600 0001:0000FA66 12615 0001:0000FA6B
 12625 0001:0000FA70 12626 0001:0000FA73 12631 0001:0000FA80 12633 0001:0000FA9B
 12705 0001:0000FAB3 12706 0001:0000FABD 12707 0001:0000FAC7 12713 0001:0000FAD1
 12716 0001:0000FADB 12717 0001:0000FAE5 12724 0001:0000FAEF 12789 0001:0000FAF6
 12791 0001:0000FB00 12793 0001:0000FB0A 12801 0001:0000FB11 12804 0001:0000FB14
 12806 0001:0000FB17 12831 0001:0000FB20 12833 0001:0000FB29 12834 0001:0000FB3B
 12837 0001:0000FB42 12839 0001:0000FB4B 12840 0001:0000FB5D 12849 0001:0000FB64
 12852 0001:0000FB6E 12859 0001:0000FB75 12950 0001:0000FB78 12952 0001:0000FB7B
 12960 0001:0000FB84 12963 0001:0000FB89 12966 0001:0000FB92 13010 0001:0000FBA2
 13012 0001:0000FBAB 13013 0001:0000FBBD 13023 0001:0000FBC4 13027 0001:0000FBC9
 13030 0001:0000FBCC 13032 0001:0000FBCF 13034 0001:0000FBD8 13041 0001:0000FBDF
 13045 0001:0000FBE4 13050 0001:0000FBED 13058 0001:0000FBF2 13065 0001:0000FBF4
 13068 0001:0000FC12

Line numbers for FastMM4(FastMM4.pas) segment .itext

 13060 0002:000000C4 13061 0002:000000D0 13063 0002:000000D5

Line numbers for Logger(Logger.pas) segment .text

   718 0001:00000000

Line numbers for LoadLibraryR(LoadLibraryR.pas) segment .text

    23 0001:000C0A30    24 0001:000C0A39    25 0001:000C0A41    28 0001:000C0A48
    29 0001:000C0A51    30 0001:000C0A5B    37 0001:000C0A64    38 0001:000C0A70
    39 0001:000C0A76    40 0001:000C0A7B    41 0001:000C0A80    43 0001:000C0AA2
    45 0001:000C0ABB    46 0001:000C0AC6    48 0001:000C0AD1    50 0001:000C0AFE
    51 0001:000C0B09    52 0001:000C0B32    53 0001:000C0B54    48 0001:000C0B58
    54 0001:000C0B5E    55 0001:000C0B63    69 0001:000C0B6C    70 0001:000C0B88
    75 0001:000C0B8D    77 0001:000C0B94    79 0001:000C0B9A    82 0001:000C0BC5
    84 0001:000C0BD0    86 0001:000C0BE0    88 0001:000C0BEF    96 0001:000C0BFF
   100 0001:000C0C08   104 0001:000C0C22   109 0001:000C0C3D   114 0001:000C0C58
   118 0001:000C0C73   120 0001:000C0C7C   122 0001:000C0C95   123 0001:000C0CB2
   124 0001:000C0CC2   125 0001:000C0CD0   128 0001:000C0CE6   131 0001:000C0D01
   134 0001:000C0D24   137 0001:000C0D39   140 0001:000C0D44   141 0001:000C0D4F
   120 0001:000C0D52   143 0001:000C0D5C   193 0001:000C0D94   196 0001:000C0D9D
   197 0001:000C0DAB   198 0001:000C0DB0   199 0001:000C0DD8   200 0001:000C0DE3
   201 0001:000C0DF6   202 0001:000C0E0F   203 0001:000C0E1F   204 0001:000C0E24
   205 0001:000C0E4B   206 0001:000C0E5B   209 0001:000C0E8B   211 0001:000C0E90
   214 0001:000C0EA3

Line numbers for DllRes(DllRes.pas) segment .text

    15 0001:000C0E9C    16 0001:000C0EA3    17 0001:000C0EA7    18 0001:000C0EB5
    19 0001:000C0ED6    21 0001:000C0F06    23 0001:000C0F0F    27 0001:000C0F70
    29 0001:000C0F79    30 0001:000C0F83    32 0001:000C0F8A    34 0001:000C0F93
    35 0001:000C0F9D    37 0001:000C0FA4    42 0001:000C0FA8    44 0001:000C0FB5

Line numbers for DllRes(DllRes.pas) segment .itext

    39 0002:00000C5C    40 0002:00000C65    41 0002:00000C84

Line numbers for Inject(Inject.pas) segment .text

    19 0001:000C0FB8    20 0001:000C0FD4    21 0001:000C0FD8    22 0001:000C0FED
    23 0001:000C0FF6    24 0001:000C100A    25 0001:000C100E   122 0001:000C1034
   132 0001:000C103D   134 0001:000C1052   135 0001:000C1061   136 0001:000C1068
   137 0001:000C106F   138 0001:000C1083   139 0001:000C109A   144 0001:000C10A3
   146 0001:000C10B3   153 0001:000C10C8   154 0001:000C10CE   155 0001:000C10E4
   156 0001:000C1112   157 0001:000C112E   159 0001:000C1139   160 0001:000C1148
   161 0001:000C115C   164 0001:000C116B   166 0001:000C122B

Line numbers for NTLib(NTLib.pas) segment .text

   397 0001:000C3D34   451 0001:000C3D3C   452 0001:000C3D48   453 0001:000C3D7E
   454 0001:000C3DC1   455 0001:000C3DE9   464 0001:000C3DF0   465 0001:000C3DF9
   467 0001:000C3E08   468 0001:000C3E13   469 0001:000C3E1D   470 0001:000C3E29
   471 0001:000C3E35   472 0001:000C3E41   473 0001:000C3E4D   475 0001:000C3E59
   476 0001:000C3E63   477 0001:000C3E6D   478 0001:000C3E74   480 0001:000C3E7B
   486 0001:000C3E80   487 0001:000C3E90   488 0001:000C3E95   489 0001:000C3EB3
   490 0001:000C3ECF   491 0001:000C3EED   492 0001:000C3EFB   493 0001:000C3F06
   496 0001:000C3F0C   497 0001:000C3F24   499 0001:000C3F2E   558 0001:000C3F38
   559 0001:000C3F41   560 0001:000C3F49   565 0001:000C3F57   566 0001:000C3F5E
   567 0001:000C3F68   568 0001:000C3F73   569 0001:000C3F7A   582 0001:000C3FA7
   834 0001:000C3FB0   835 0001:000C3FC2

Line numbers for NTLib(NTLib.pas) segment .itext

   828 0002:00000CCC   829 0002:00000CD5   830 0002:00000CE2   831 0002:00000CEC
   833 0002:00000CFF

Line numbers for MemoryModule(MemoryModule.pas) segment .text

   194 0001:000C53C0   195 0001:000C53C8   196 0001:000C53D0   202 0001:000C53D8
   203 0001:000C53E9   209 0001:000C53EC   210 0001:000C53F8   211 0001:000C53FE
   214 0001:000C5404   215 0001:000C541E   216 0001:000C5438   217 0001:000C543C
   212 0001:000C5440   219 0001:000C5442   245 0001:000C544C   246 0001:000C5455
   254 0001:000C546B   262 0001:000C5474   263 0001:000C5480   264 0001:000C5499
   267 0001:000C54A0   268 0001:000C54AC   269 0001:000C54C1   277 0001:000C54C8
   278 0001:000C54D7   279 0001:000C54E0   280 0001:000C54ED   281 0001:000C550F
   285 0001:000C5535   287 0001:000C5542   288 0001:000C5554   290 0001:000C555A
   294 0001:000C5580   295 0001:000C5586   298 0001:000C558F   299 0001:000C559B
   300 0001:000C55A4   303 0001:000C55C0   304 0001:000C55C4   308 0001:000C55C9
   312 0001:000C55E9   313 0001:000C55EF   314 0001:000C55F8   315 0001:000C5615
   318 0001:000C5636   319 0001:000C5642   320 0001:000C565F   321 0001:000C5668
   322 0001:000C566C   281 0001:000C566F   324 0001:000C5678   325 0001:000C567C
   344 0001:000C5684   345 0001:000C5690   346 0001:000C5699   347 0001:000C569F
   348 0001:000C56A8   349 0001:000C56B5   350 0001:000C56BE   351 0001:000C56C9
   357 0001:000C56D0   358 0001:000C56DC   359 0001:000C56E5   361 0001:000C56EE
   364 0001:000C56F7   370 0001:000C5737   371 0001:000C574E   375 0001:000C5754
   376 0001:000C575F   377 0001:000C576A   378 0001:000C5775   379 0001:000C579E
   380 0001:000C57A7   383 0001:000C57AE   384 0001:000C57D1   394 0001:000C57D8
   395 0001:000C57E1   399 0001:000C57EE   402 0001:000C57F3   403 0001:000C57FF
   404 0001:000C5810   405 0001:000C581E   406 0001:000C5827   407 0001:000C582B
   411 0001:000C582F   413 0001:000C5854   414 0001:000C5860   415 0001:000C5871
   419 0001:000C587F   423 0001:000C5898   425 0001:000C58AD   427 0001:000C58C0
   428 0001:000C58C9   429 0001:000C58E5   430 0001:000C58E9   433 0001:000C58EB
   434 0001:000C58FA   436 0001:000C5900   437 0001:000C5906   438 0001:000C590C
   439 0001:000C5912   441 0001:000C591B   442 0001:000C591F   411 0001:000C5922
   444 0001:000C592B   445 0001:000C592F   446 0001:000C593E   448 0001:000C5944
   449 0001:000C5948   465 0001:000C5950   466 0001:000C5959   467 0001:000C5992
   469 0001:000C599C   470 0001:000C59A5   471 0001:000C59A9   473 0001:000C59B2
   474 0001:000C59C2   477 0001:000C59CA   480 0001:000C59D5   481 0001:000C59DE
   483 0001:000C59E4   486 0001:000C59F3   487 0001:000C5A09   484 0001:000C5A0D
   490 0001:000C5A15   505 0001:000C5A1C   506 0001:000C5A28   507 0001:000C5A31
   508 0001:000C5A41   509 0001:000C5A4A   511 0001:000C5A57   514 0001:000C5A67
   515 0001:000C5A72   516 0001:000C5A7B   519 0001:000C5AC6   521 0001:000C5AD2
   523 0001:000C5AE2   530 0001:000C5AEC   531 0001:000C5AF5   543 0001:000C5B04
   544 0001:000C5B08   516 0001:000C5B0B   547 0001:000C5B10   512 0001:000C5B1C
   550 0001:000C5B28   551 0001:000C5B2C   562 0001:000C5B38   563 0001:000C5B41
   564 0001:000C5B4A   566 0001:000C5B4E   567 0001:000C5B5E   568 0001:000C5B67
   570 0001:000C5B70   573 0001:000C5B80   574 0001:000C5B92   576 0001:000C5B98
   577 0001:000C5B9F   578 0001:000C5BA3   581 0001:000C5BA8   582 0001:000C5BB6
   584 0001:000C5BEF   585 0001:000C5BF8   586 0001:000C5BFF   587 0001:000C5C03
   589 0001:000C5C12   590 0001:000C5C32   592 0001:000C5C40   594 0001:000C5C48
   595 0001:000C5C53   600 0001:000C5C64   601 0001:000C5C70   606 0001:000C5C7E
   607 0001:000C5C8A   610 0001:000C5CB1   611 0001:000C5CBC   613 0001:000C5CD1
   615 0001:000C5CD9   616 0001:000C5CDD   618 0001:000C5CDF   619 0001:000C5CE3
   604 0001:000C5CE7   622 0001:000C5CEF   624 0001:000C5CF5   625 0001:000C5CFE
   626 0001:000C5D05   629 0001:000C5D07   571 0001:000C5D0B   631 0001:000C5D2F
   647 0001:000C5D3C   648 0001:000C5D45   650 0001:000C5D4F   651 0001:000C5D5D
   652 0001:000C5D63   654 0001:000C5D6D   655 0001:000C5D77   659 0001:000C5D84
   660 0001:000C5D90   662 0001:000C5D9B   663 0001:000C5DA5   669 0001:000C5DB2
   672 0001:000C5DBD   673 0001:000C5DC7   676 0001:000C5DD4   679 0001:000C5DDD
   680 0001:000C5DE7   686 0001:000C5DF4   690 0001:000C5E11   693 0001:000C5E17
   697 0001:000C5E2F   699 0001:000C5E35   700 0001:000C5E3C   704 0001:000C5E49
   705 0001:000C5E5B   707 0001:000C5E61   708 0001:000C5E71   709 0001:000C5E78
   713 0001:000C5E85   714 0001:000C5E8E   715 0001:000C5E97   718 0001:000C5EA0
   724 0001:000C5EBA   726 0001:000C5ECB   729 0001:000C5ED9   730 0001:000C5EEB
   733 0001:000C5EF0   734 0001:000C5F18   735 0001:000C5F1E   737 0001:000C5F31
   740 0001:000C5F38   741 0001:000C5F45   745 0001:000C5F4A   746 0001:000C5F56
   749 0001:000C5F5B   750 0001:000C5F67   753 0001:000C5F6C   755 0001:000C5F77
   757 0001:000C5F85   758 0001:000C5F99   760 0001:000C5F9F   761 0001:000C5FA9
   763 0001:000C5FAE   766 0001:000C5FB5   769 0001:000C5FCA   770 0001:000C5FD3
   772 0001:000C5FDF   785 0001:000C5FEC   786 0001:000C5FF2   787 0001:000C5FF7
   789 0001:000C5FFD   790 0001:000C6006   792 0001:000C6013   794 0001:000C601C
   795 0001:000C6023   798 0001:000C6028   800 0001:000C6033   802 0001:000C604B
   803 0001:000C6052   807 0001:000C6057   808 0001:000C6063   809 0001:000C606F
   810 0001:000C6076   812 0001:000C6095   814 0001:000C60A9   815 0001:000C60B2
   817 0001:000C60B4   818 0001:000C60B8   819 0001:000C60BC   810 0001:000C60BF
   822 0001:000C60C4   824 0001:000C60CA   825 0001:000C60D1   829 0001:000C60D3
   831 0001:000C60DE   832 0001:000C60E5   836 0001:000C60E7   837 0001:000C6100
   838 0001:000C610B   845 0001:000C6114   846 0001:000C611A   848 0001:000C6124
   850 0001:000C612A   853 0001:000C6133   854 0001:000C6144   857 0001:000C6152
   860 0001:000C6161   861 0001:000C6180   862 0001:000C619D   860 0001:000C61C0
   864 0001:000C61C5   867 0001:000C61E0   869 0001:000C61E9   871 0001:000C61FC
   872 0001:000C620D   874 0001:000C6226   875 0001:000C6267   872 0001:000C626A
   876 0001:000C626F

Line numbers for MemoryModule(MemoryModule.pas) segment .itext

   878 0002:00000D00

Line numbers for FunctionList(FunctionList.pas) segment .text

    20 0001:000C62B8    21 0001:000C62C4    22 0001:000C62EF    24 0001:000C62FF
    25 0001:000C6315    26 0001:000C6360    27 0001:000C6363    28 0001:000C6378
    29 0001:000C6381    30 0001:000C6392    32 0001:000C63A3    37 0001:000C63D8
    38 0001:000C63EB

Line numbers for FunctionList(FunctionList.pas) segment .itext

    34 0002:00000D08    35 0002:00000D11    36 0002:00000D16

Line numbers for Main(Main.pas) segment .text

    38 0001:000C67DC    39 0001:000C67FB    40 0001:000C6810    41 0001:000C681A
    42 0001:000C681C    44 0001:000C682A    45 0001:000C683A    49 0001:000C684D
    50 0001:000C685D    57 0001:000C6867    60 0001:000C692C    61 0001:000C694B
    62 0001:000C6968    66 0001:000C698C    67 0001:000C6998    68 0001:000C69A1
    70 0001:000C69AC

Line numbers for GetProcAddressR(GetProcAddressR.pas) segment .text

    75 0001:00000000

Line numbers for FuncHook(FuncHook.pas) segment .text

    56 0001:000C69A8    57 0001:000C69B4    58 0001:000C69D5    63 0001:000C69DC
    64 0001:000C69EB    65 0001:000C6A00    66 0001:000C6A14    67 0001:000C6A1D
    68 0001:000C6A26    86 0001:000C6A2C    87 0001:000C6A32    88 0001:000C6A37
    89 0001:000C6A43    96 0001:000C6A4B   101 0001:000C6A54   103 0001:000C6A60
   104 0001:000C6A69   105 0001:000C6A75   107 0001:000C6A7E   108 0001:000C6A98
   110 0001:000C6AA2   114 0001:000C6AA8   115 0001:000C6AB1   116 0001:000C6AC0
   117 0001:000C6AC8   118 0001:000C6AD8   123 0001:000C6AEB   125 0001:000C6AFF
   127 0001:000C6B0F   128 0001:000C6B23   131 0001:000C6B2C   134 0001:000C6B30
   135 0001:000C6B41   136 0001:000C6B54   159 0001:000C6B5C   161 0001:000C6B65
   164 0001:000C6B8C   165 0001:000C6B92   166 0001:000C6B9F   168 0001:000C6BAD

Line numbers for MemoryModuleHook(MemoryModuleHook.pas) segment .text

    40 0001:000C6BD8    41 0001:000C6BE1    42 0001:000C6BEB    43 0001:000C6BF9
    44 0001:000C6C12    45 0001:000C6C31    43 0001:000C6C41    46 0001:000C6C46
    48 0001:000C6C5A    50 0001:000C6C6C    56 0001:000C6C74    57 0001:000C6C7A
    59 0001:000C6C7F    60 0001:000C6C8B    62 0001:000C6C91    63 0001:000C6C9B
    66 0001:000C6CA0    67 0001:000C6CAC    68 0001:000C6CB6    69 0001:000C6CC4
    70 0001:000C6CCE    71 0001:000C6CFB    73 0001:000C6D36    75 0001:000C6D48
    79 0001:000C6D54    80 0001:000C6D58    81 0001:000C6D63    83 0001:000C6D75
    84 0001:000C6D86    89 0001:000C6D90    90 0001:000C6D97    91 0001:000C6DA2
    93 0001:000C6DAC    94 0001:000C6DB5    96 0001:000C6DBC    97 0001:000C6DCA
    98 0001:000C6DD4    99 0001:000C6DF0   100 0001:000C6E09   101 0001:000C6E74
   103 0001:000C6EAE   107 0001:000C6EC0   108 0001:000C6ECD   139 0001:000C6ED8
   140 0001:000C6EDD   142 0001:000C6EE1   143 0001:000C6EEB   144 0001:000C6EF9
   147 0001:000C6F0C   146 0001:000C6F2B   149 0001:000C6F39   154 0001:000C6F60
   155 0001:000C6F67   157 0001:000C6F7B   159 0001:000C6F8D   168 0001:000C6F94
   169 0001:000C6FB2   171 0001:000C6FBC

Line numbers for MemoryModuleHook(MemoryModuleHook.pas) segment .itext

   161 0002:00000D18   162 0002:00000D32   163 0002:00000D3C   164 0002:00000D50
   165 0002:00000D64   167 0002:00000D78

Line numbers for Reflective(Reflective.dpr) segment .itext

    20 0002:00000D90    21 0002:00000DA0    22 0002:00000DAC    23 0002:00000DBA
    24 0002:00000DD2    25 0002:00000DDE

Bound resource files

c:\program files (x86)\embarcadero\rad studio\7.0\lib\Character.res
c:\program files (x86)\embarcadero\rad studio\7.0\lib\controls.res
DllServer.RES
DllClient.RES
Main.dfm
Reflective.res
Reflective.drf


Program entry point at 0002:00000D90
