
 Start         Length     Name                   Class
 0001:00401000 000C5FB0H .text                   CODE
 0002:004C7000 00000DC0H .itext                  ICODE
 0003:004C8000 00002C58H .data                   DATA
 0004:004CB000 00025304H .bss                    BSS
 0005:00000000 0000003CH .tls                    TLS


Detailed map of segments

 0001:00000000 000097D5 C=CODE     S=.text    G=(none)   M=System   ACBP=A9
 0001:000097D8 0000010D C=CODE     S=.text    G=(none)   M=SysInit  ACBP=A9
 0001:000098E8 00000428 C=CODE     S=.text    G=(none)   M=Types    ACBP=A9
 0001:00009D10 00001AB1 C=CODE     S=.text    G=(none)   M=Windows  ACBP=A9
 0001:0000B7C4 00000255 C=CODE     S=.text    G=(none)   M=Messages ACBP=A9
 0001:0000BA1C 00000192 C=CODE     S=.text    G=(none)   M=ActiveX  ACBP=A9
 0001:0000BBB0 000002AC C=CODE     S=.text    G=(none)   M=CommCtrl ACBP=A9
 0001:0000BE5C 00000338 C=CODE     S=.text    G=(none)   M=SysConst ACBP=A9
 0001:0000C194 000001C8 C=CODE     S=.text    G=(none)   M=RTLConsts ACBP=A9
 0001:0000C35C 00000230 C=CODE     S=.text    G=(none)   M=Character ACBP=A9
 0001:0000C58C 00000030 C=CODE     S=.text    G=(none)   M=Math     ACBP=A9
 0001:0000C5BC 00000155 C=CODE     S=.text    G=(none)   M=StrUtils ACBP=A9
 0001:0000C714 000101DF C=CODE     S=.text    G=(none)   M=SysUtils ACBP=A9
 0001:0001C8F4 000007D3 C=CODE     S=.text    G=(none)   M=VarUtils ACBP=A9
 0001:0001D0C8 0000818C C=CODE     S=.text    G=(none)   M=Variants ACBP=A9
 0001:00025254 0000180B C=CODE     S=.text    G=(none)   M=TypInfo  ACBP=A9
 0001:00026A60 000194B0 C=CODE     S=.text    G=(none)   M=Classes  ACBP=A9
 0001:0003FF10 000002B0 C=CODE     S=.text    G=(none)   M=TimeSpan ACBP=A9
 0001:000401C0 000014EB C=CODE     S=.text    G=(none)   M=SyncObjs ACBP=A9
 0001:000416AC 00000D46 C=CODE     S=.text    G=(none)   M=UxTheme  ACBP=A9
 0001:000423F4 0000005B C=CODE     S=.text    G=(none)   M=Dwmapi   ACBP=A9
 0001:00042450 0000038D C=CODE     S=.text    G=(none)   M=Contnrs  ACBP=A9
 0001:000427E0 00001FDE C=CODE     S=.text    G=(none)   M=HelpIntfs ACBP=A9
 0001:000447C0 0000086B C=CODE     S=.text    G=(none)   M=MultiMon ACBP=A9
 0001:0004502C 00000094 C=CODE     S=.text    G=(none)   M=Wincodec ACBP=A9
 0001:000450C0 00000310 C=CODE     S=.text    G=(none)   M=Consts   ACBP=A9
 0001:000453D0 000000FC C=CODE     S=.text    G=(none)   M=IOUtils  ACBP=A9
 0001:000454CC 0000007F C=CODE     S=.text    G=(none)   M=IniFiles ACBP=A9
 0001:0004554C 000030A2 C=CODE     S=.text    G=(none)   M=Registry ACBP=A9
 0001:000485F0 00011AC4 C=CODE     S=.text    G=(none)   M=Graphics ACBP=A9
 0001:0005A0B4 0000178A C=CODE     S=.text    G=(none)   M=GraphUtil ACBP=A9
 0001:0005B840 0000D746 C=CODE     S=.text    G=(none)   M=StdCtrls ACBP=A9
 0001:00068F88 00000026 C=CODE     S=.text    G=(none)   M=WinSpool ACBP=A9
 0001:00068FB0 00001DDB C=CODE     S=.text    G=(none)   M=Printers ACBP=A9
 0001:0006AD8C 00000047 C=CODE     S=.text    G=(none)   M=WideStrUtils ACBP=A9
 0001:0006ADD4 00000013 C=CODE     S=.text    G=(none)   M=Clipbrd  ACBP=A9
 0001:0006ADE8 00001483 C=CODE     S=.text    G=(none)   M=ExtCtrls ACBP=A9
 0001:0006C26C 00000461 C=CODE     S=.text    G=(none)   M=ComCtrls ACBP=A9
 0001:0006C6D0 00005244 C=CODE     S=.text    G=(none)   M=Dialogs  ACBP=A9
 0001:00071914 00000189 C=CODE     S=.text    G=(none)   M=StdActns ACBP=A9
 0001:00071AA0 00000387 C=CODE     S=.text    G=(none)   M=FlatSB   ACBP=A9
 0001:00071E28 00009E75 C=CODE     S=.text    G=(none)   M=Menus    ACBP=A9
 0001:0007BCA0 0001FF30 C=CODE     S=.text    G=(none)   M=Controls ACBP=A9
 0001:0009BBD0 0000580E C=CODE     S=.text    G=(none)   M=Themes   ACBP=A9
 0001:000A13E0 00003961 C=CODE     S=.text    G=(none)   M=ImgList  ACBP=A9
 0001:000A4D44 0000235F C=CODE     S=.text    G=(none)   M=ActnList ACBP=A9
 0001:000A70A4 000156DD C=CODE     S=.text    G=(none)   M=Forms    ACBP=A9
 0001:000BC784 00000278 C=CODE     S=.text    G=(none)   M=Logger   ACBP=A9
 0001:000BC9FC 00000409 C=CODE     S=.text    G=(none)   M=LoadLibraryR ACBP=A9
 0001:000BCE08 0000009B C=CODE     S=.text    G=(none)   M=DllRes   ACBP=A9
 0001:000BCEA4 000002AC C=CODE     S=.text    G=(none)   M=Inject   ACBP=A9
 0001:000BD150 00001486 C=CODE     S=.text    G=(none)   M=Generics.Defaults ACBP=A9
 0001:000BE5D8 0000007E C=CODE     S=.text    G=(none)   M=Generics.Collections ACBP=A9
 0001:000BE658 000025D4 C=CODE     S=.text    G=(none)   M=NTLib    ACBP=A9
 0001:000C0C2C 00000708 C=CODE     S=.text    G=(none)   M=Main     ACBP=A9
 0001:000C1334 00004C7A C=CODE     S=.text    G=(none)   M=Reflective ACBP=A9
 0002:00000000 000000AA C=ICODE    S=.itext   G=(none)   M=System   ACBP=A9
 0002:000000AC 00000016 C=ICODE    S=.itext   G=(none)   M=Windows  ACBP=A9
 0002:000000C4 000000B4 C=ICODE    S=.itext   G=(none)   M=SysUtils ACBP=A9
 0002:00000178 0000000F C=ICODE    S=.itext   G=(none)   M=VarUtils ACBP=A9
 0002:00000188 000000AA C=ICODE    S=.itext   G=(none)   M=Variants ACBP=A9
 0002:00000234 00000008 C=ICODE    S=.itext   G=(none)   M=TypInfo  ACBP=A9
 0002:0000023C 0000009D C=ICODE    S=.itext   G=(none)   M=Classes  ACBP=A9
 0002:000002DC 00000032 C=ICODE    S=.itext   G=(none)   M=TimeSpan ACBP=A9
 0002:00000310 0000000F C=ICODE    S=.itext   G=(none)   M=SyncObjs ACBP=A9
 0002:00000320 0000001B C=ICODE    S=.itext   G=(none)   M=UxTheme  ACBP=A9
 0002:0000033C 00000008 C=ICODE    S=.itext   G=(none)   M=HelpIntfs ACBP=A9
 0002:00000344 0000000F C=ICODE    S=.itext   G=(none)   M=MultiMon ACBP=A9
 0002:00000354 00000460 C=ICODE    S=.itext   G=(none)   M=IOUtils  ACBP=A9
 0002:000007B4 00000008 C=ICODE    S=.itext   G=(none)   M=IniFiles ACBP=A9
 0002:000007BC 00000008 C=ICODE    S=.itext   G=(none)   M=Registry ACBP=A9
 0002:000007C4 000000FB C=ICODE    S=.itext   G=(none)   M=Graphics ACBP=A9
 0002:000008C0 00000086 C=ICODE    S=.itext   G=(none)   M=GraphUtil ACBP=A9
 0002:00000948 00000008 C=ICODE    S=.itext   G=(none)   M=Printers ACBP=A9
 0002:00000950 00000078 C=ICODE    S=.itext   G=(none)   M=Clipbrd  ACBP=A9
 0002:000009C8 00000054 C=ICODE    S=.itext   G=(none)   M=ExtCtrls ACBP=A9
 0002:00000A1C 00000039 C=ICODE    S=.itext   G=(none)   M=ComCtrls ACBP=A9
 0002:00000A58 0000003D C=ICODE    S=.itext   G=(none)   M=Dialogs  ACBP=A9
 0002:00000A98 0000000F C=ICODE    S=.itext   G=(none)   M=FlatSB   ACBP=A9
 0002:00000AA8 00000085 C=ICODE    S=.itext   G=(none)   M=Menus    ACBP=A9
 0002:00000B30 00000088 C=ICODE    S=.itext   G=(none)   M=Controls ACBP=A9
 0002:00000BB8 00000008 C=ICODE    S=.itext   G=(none)   M=Themes   ACBP=A9
 0002:00000BC0 0000002A C=ICODE    S=.itext   G=(none)   M=ActnList ACBP=A9
 0002:00000BEC 0000005C C=ICODE    S=.itext   G=(none)   M=Forms    ACBP=A9
 0002:00000C48 000000ED C=ICODE    S=.itext   G=(none)   M=Logger   ACBP=A9
 0002:00000D38 00000034 C=ICODE    S=.itext   G=(none)   M=NTLib    ACBP=A9
 0002:00000D6C 00000053 C=ICODE    S=.itext   G=(none)   M=Reflective ACBP=A9
 0003:00000000 000009F8 C=DATA     S=.data    G=DGROUP   M=System   ACBP=A9
 0003:000009F8 00000024 C=DATA     S=.data    G=DGROUP   M=SysInit  ACBP=A9
 0003:00000A1C 0000000C C=DATA     S=.data    G=DGROUP   M=Windows  ACBP=A9
 0003:00000A28 00000010 C=DATA     S=.data    G=DGROUP   M=ActiveX  ACBP=A9
 0003:00000A38 00000100 C=DATA     S=.data    G=DGROUP   M=Character ACBP=A9
 0003:00000B38 000002E0 C=DATA     S=.data    G=DGROUP   M=SysUtils ACBP=A9
 0003:00000E18 00000008 C=DATA     S=.data    G=DGROUP   M=VarUtils ACBP=A9
 0003:00000E20 00000152 C=DATA     S=.data    G=DGROUP   M=Variants ACBP=A9
 0003:00000F74 0000000C C=DATA     S=.data    G=DGROUP   M=TypInfo  ACBP=A9
 0003:00000F80 000000A4 C=DATA     S=.data    G=DGROUP   M=Classes  ACBP=A9
 0003:00001024 00000090 C=DATA     S=.data    G=DGROUP   M=Wincodec ACBP=A9
 0003:000010B4 00000010 C=DATA     S=.data    G=DGROUP   M=IOUtils  ACBP=A9
 0003:000010C4 0000000C C=DATA     S=.data    G=DGROUP   M=IniFiles ACBP=A9
 0003:000010D0 00000024 C=DATA     S=.data    G=DGROUP   M=Registry ACBP=A9
 0003:000010F4 000003C8 C=DATA     S=.data    G=DGROUP   M=Graphics ACBP=A9
 0003:000014BC 00000450 C=DATA     S=.data    G=DGROUP   M=GraphUtil ACBP=A9
 0003:0000190C 0000015C C=DATA     S=.data    G=DGROUP   M=StdCtrls ACBP=A9
 0003:00001A68 0000000C C=DATA     S=.data    G=DGROUP   M=Printers ACBP=A9
 0003:00001A74 00000010 C=DATA     S=.data    G=DGROUP   M=ComCtrls ACBP=A9
 0003:00001A84 00000198 C=DATA     S=.data    G=DGROUP   M=Dialogs  ACBP=A9
 0003:00001C1C 00000144 C=DATA     S=.data    G=DGROUP   M=Menus    ACBP=A9
 0003:00001D60 000001BC C=DATA     S=.data    G=DGROUP   M=Controls ACBP=A9
 0003:00001F1C 00000068 C=DATA     S=.data    G=DGROUP   M=Themes   ACBP=A9
 0003:00001F84 00000048 C=DATA     S=.data    G=DGROUP   M=ImgList  ACBP=A9
 0003:00001FCC 00000144 C=DATA     S=.data    G=DGROUP   M=Forms    ACBP=A9
 0003:00002110 00000009 C=DATA     S=.data    G=DGROUP   M=Logger   ACBP=A9
 0003:0000211C 0000000C C=DATA     S=.data    G=DGROUP   M=Inject   ACBP=A9
 0003:00002128 0000053C C=DATA     S=.data    G=DGROUP   M=Generics.Defaults ACBP=A9
 0003:00002664 00000090 C=DATA     S=.data    G=DGROUP   M=NTLib    ACBP=A9
 0004:00000000 00002C38 C=BSS      S=.bss     G=DGROUP   M=System   ACBP=A9
 0004:00002C38 0000000C C=BSS      S=.bss     G=DGROUP   M=SysInit  ACBP=A9
 0004:00002C44 00000008 C=BSS      S=.bss     G=DGROUP   M=Windows  ACBP=A9
 0004:00002C4C 0000000C C=BSS      S=.bss     G=DGROUP   M=CommCtrl ACBP=A9
 0004:00002C58 0000001C C=BSS      S=.bss     G=DGROUP   M=Character ACBP=A9
 0004:00002C74 00002240 C=BSS      S=.bss     G=DGROUP   M=SysUtils ACBP=A9
 0004:00004EB4 0000005C C=BSS      S=.bss     G=DGROUP   M=VarUtils ACBP=A9
 0004:00004F10 00000040 C=BSS      S=.bss     G=DGROUP   M=Variants ACBP=A9
 0004:00004F50 00000004 C=BSS      S=.bss     G=DGROUP   M=TypInfo  ACBP=A9
 0004:00004F54 00000048 C=BSS      S=.bss     G=DGROUP   M=Classes  ACBP=A9
 0004:00004F9C 00000014 C=BSS      S=.bss     G=DGROUP   M=TimeSpan ACBP=A9
 0004:00004FB0 00000018 C=BSS      S=.bss     G=DGROUP   M=SyncObjs ACBP=A9
 0004:00004FC8 000000CC C=BSS      S=.bss     G=DGROUP   M=UxTheme  ACBP=A9
 0004:00005094 00000008 C=BSS      S=.bss     G=DGROUP   M=HelpIntfs ACBP=A9
 0004:0000509C 00000031 C=BSS      S=.bss     G=DGROUP   M=MultiMon ACBP=A9
 0004:000050D0 00000024 C=BSS      S=.bss     G=DGROUP   M=IOUtils  ACBP=A9
 0004:000050F4 00000004 C=BSS      S=.bss     G=DGROUP   M=IniFiles ACBP=A9
 0004:000050F8 00000004 C=BSS      S=.bss     G=DGROUP   M=Registry ACBP=A9
 0004:000050FC 00000064 C=BSS      S=.bss     G=DGROUP   M=Graphics ACBP=A9
 0004:00005160 00000010 C=BSS      S=.bss     G=DGROUP   M=GraphUtil ACBP=A9
 0004:00005170 00000004 C=BSS      S=.bss     G=DGROUP   M=Printers ACBP=A9
 0004:00005174 0000000C C=BSS      S=.bss     G=DGROUP   M=Clipbrd  ACBP=A9
 0004:00005180 00000008 C=BSS      S=.bss     G=DGROUP   M=ExtCtrls ACBP=A9
 0004:00005188 00000010 C=BSS      S=.bss     G=DGROUP   M=ComCtrls ACBP=A9
 0004:00005198 0000003C C=BSS      S=.bss     G=DGROUP   M=Dialogs  ACBP=A9
 0004:000051D4 00000034 C=BSS      S=.bss     G=DGROUP   M=FlatSB   ACBP=A9
 0004:00005208 00000010 C=BSS      S=.bss     G=DGROUP   M=Menus    ACBP=A9
 0004:00005218 0000008C C=BSS      S=.bss     G=DGROUP   M=Controls ACBP=A9
 0004:000052A4 0000000C C=BSS      S=.bss     G=DGROUP   M=Themes   ACBP=A9
 0004:000052B0 00000008 C=BSS      S=.bss     G=DGROUP   M=ImgList  ACBP=A9
 0004:000052B8 00000004 C=BSS      S=.bss     G=DGROUP   M=ActnList ACBP=A9
 0004:000052BC 00000028 C=BSS      S=.bss     G=DGROUP   M=Forms    ACBP=A9
 0004:000052E4 00000004 C=BSS      S=.bss     G=DGROUP   M=Logger   ACBP=A9
 0004:000052E8 00000004 C=BSS      S=.bss     G=DGROUP   M=DllRes   ACBP=A9
 0004:000052EC 00020014 C=BSS      S=.bss     G=DGROUP   M=NTLib    ACBP=A9
 0004:00025300 00000004 C=BSS      S=.bss     G=DGROUP   M=Main     ACBP=A9
 0005:00000000 00000008 C=TLS      S=.tls     G=(none)   M=System   ACBP=A9
 0005:00000008 0000000C C=TLS      S=.tls     G=(none)   M=Classes  ACBP=A9
 0005:00000014 00000004 C=TLS      S=.tls     G=(none)   M=SyncObjs ACBP=A9
 0005:00000018 00000024 C=TLS      S=.tls     G=(none)   M=GraphUtil ACBP=A9


  Address             Publics by Name

 0001:0000BB88       ActiveX.CoCreateInstance
 0001:0000BB90       ActiveX.CoTaskMemAlloc
 0001:0000BB98       ActiveX.CoTaskMemFree
 0003:00000A28       ActiveX.GUID_NULL
 0001:0000BB80       ActiveX.IsEqualGUID
 0001:0000BBA0       ActiveX.OleInitialize
 0001:0000BBA8       ActiveX.OleUninitialize
 0004:000052B8       ActnList..9
 0001:000A5F2C       ActnList..TActionLink
 0001:000A504C       ActnList..TActionListEnumerator
 0001:000A4D44       ActnList..TContainedAction
 0001:000A58F8       ActnList..TCustomAction
 0001:000A52BC       ActnList..TCustomActionList
 0001:000A56D0       ActnList..TShortCutList
 0002:00000BC0       ActnList.ActnList
 0001:000A709C       ActnList.Finalization
 0001:000A66E4       ActnList.TActionLink.IsCaptionLinked
 0001:000A66F8       ActnList.TActionLink.IsCheckedLinked
 0001:000A670C       ActnList.TActionLink.IsEnabledLinked
 0001:000A6720       ActnList.TActionLink.IsGroupIndexLinked
 0001:000A6734       ActnList.TActionLink.IsHelpContextLinked
 0001:000A6748       ActnList.TActionLink.IsHelpLinked
 0001:000A675C       ActnList.TActionLink.IsHintLinked
 0001:000A6770       ActnList.TActionLink.IsImageIndexLinked
 0001:000A6784       ActnList.TActionLink.IsShortCutLinked
 0001:000A6798       ActnList.TActionLink.IsVisibleLinked
 0001:000A67AC       ActnList.TActionLink.SetAutoCheck
 0001:000A67B0       ActnList.TActionLink.SetCaption
 0001:000A67B4       ActnList.TActionLink.SetChecked
 0001:000A67B8       ActnList.TActionLink.SetEnabled
 0001:000A67BC       ActnList.TActionLink.SetGroupIndex
 0001:000A67C0       ActnList.TActionLink.SetHelpContext
 0001:000A67C4       ActnList.TActionLink.SetHelpKeyword
 0001:000A67C8       ActnList.TActionLink.SetHelpType
 0001:000A67CC       ActnList.TActionLink.SetHint
 0001:000A67D0       ActnList.TActionLink.SetImageIndex
 0001:000A67D4       ActnList.TActionLink.SetShortCut
 0001:000A67D8       ActnList.TActionLink.SetVisible
 0001:000A6248       ActnList.TActionListEnumerator.Create
 0001:000A628C       ActnList.TActionListEnumerator.GetCurrent
 0001:000A6298       ActnList.TActionListEnumerator.MoveNext
 0001:000A6034       ActnList.TContainedAction.Destroy
 0001:000A61A0       ActnList.TContainedAction.Execute
 0001:000A6068       ActnList.TContainedAction.GetIndex
 0001:000A6084       ActnList.TContainedAction.GetParentComponent
 0001:000A6094       ActnList.TContainedAction.HasParent
 0001:000A6080       ActnList.TContainedAction.IsCategoryStored
 0001:000A60A4       ActnList.TContainedAction.ReadState
 0001:000A614C       ActnList.TContainedAction.SetActionList
 0001:000A6120       ActnList.TContainedAction.SetCategory
 0001:000A60D8       ActnList.TContainedAction.SetIndex
 0001:000A6174       ActnList.TContainedAction.SetParentComponent
 0001:000A61F8       ActnList.TContainedAction.Update
 0001:000A6888       ActnList.TCustomAction.AssignTo
 0001:000A67DC       ActnList.TCustomAction.Create
 0001:000A6830       ActnList.TCustomAction.Destroy
 0001:000A6F14       ActnList.TCustomAction.DoHint
 0001:000A6F3C       ActnList.TCustomAction.Execute
 0001:000A6FA0       ActnList.TCustomAction.GetSecondaryShortCuts
 0001:000A7020       ActnList.TCustomAction.HandleShortCut
 0001:000A6FFC       ActnList.TCustomAction.IsSecondaryShortCutsStored
 0001:000A6994       ActnList.TCustomAction.SetAutoCheck
 0001:000A69F4       ActnList.TCustomAction.SetCaption
 0001:000A6A54       ActnList.TCustomAction.SetChecked
 0001:000A6B5C       ActnList.TCustomAction.SetEnabled
 0001:000A6BD8       ActnList.TCustomAction.SetGroupIndex
 0001:000A6CF0       ActnList.TCustomAction.SetHelpContext
 0001:000A6C88       ActnList.TCustomAction.SetHelpKeyword
 0001:000A6C30       ActnList.TCustomAction.SetHelpType
 0001:000A6D48       ActnList.TCustomAction.SetHint
 0001:000A6DA8       ActnList.TCustomAction.SetImageIndex
 0001:000A6EC8       ActnList.TCustomAction.SetName
 0001:000A6FC8       ActnList.TCustomAction.SetSecondaryShortCuts
 0001:000A6E04       ActnList.TCustomAction.SetShortCut
 0001:000A6E68       ActnList.TCustomAction.SetVisible
 0001:000A64AC       ActnList.TCustomActionList.AddAction
 0001:000A64F4       ActnList.TCustomActionList.Change
 0001:000A62B4       ActnList.TCustomActionList.Create
 0001:000A6320       ActnList.TCustomActionList.Destroy
 0001:000A6600       ActnList.TCustomActionList.ExecuteAction
 0001:000A63F0       ActnList.TCustomActionList.GetAction
 0001:000A6404       ActnList.TCustomActionList.GetActionCount
 0001:000A6378       ActnList.TCustomActionList.GetChildren
 0001:000A640C       ActnList.TCustomActionList.GetEnumerator
 0001:000A6450       ActnList.TCustomActionList.ImageListChange
 0001:000A655C       ActnList.TCustomActionList.IsShortCut
 0001:000A645C       ActnList.TCustomActionList.Notification
 0001:000A64CC       ActnList.TCustomActionList.RemoveAction
 0001:000A63C0       ActnList.TCustomActionList.SetChildOrder
 0001:000A641C       ActnList.TCustomActionList.SetImages
 0001:000A6640       ActnList.TCustomActionList.SetState
 0001:000A6620       ActnList.TCustomActionList.UpdateAction
 0001:000A702C       ActnList.TShortCutList.Add
 0001:000A7058       ActnList.TShortCutList.IndexOfShortCut
 0004:00002C64       Character.CategoryTable
 0004:00002C5C       Character.CatIndexPrimary
 0004:00002C60       Character.CatIndexSecondary
 0004:00002C58       Character.DataTable
 0003:00000A38       Character.Latin1Categories
 0004:00002C70       Character.NumericValueTable
 0004:00002C68       Character.NumIndexPrimary
 0004:00002C6C       Character.NumIndexSecondary
 0001:0000C35C       Character.TCharacter.CheckLetter
 0001:0000C368       Character.TCharacter.CheckLetterOrDigit
 0001:0000C484       Character.TCharacter.GetUnicodeCategory
 0001:0000C4E4       Character.TCharacter.Initialize
 0001:0000C478       Character.TCharacter.IsAscii
 0001:0000C378       Character.TCharacter.IsLatin1
 0001:0000C384       Character.TCharacter.IsLetter
 0001:0000C410       Character.TCharacter.IsLetterOrDigit
 0004:00004F64       Classes..66
 0001:00027394       Classes..EBitsError
 0001:0002712C       Classes..EClassNotFound
 0001:000274CC       Classes..EComponentError
 0001:00026E34       Classes..EFCreateError
 0001:00026F68       Classes..EFilerError
 0001:00026D38       Classes..EFileStreamError
 0001:00026ED0       Classes..EFOpenError
 0001:000271C8       Classes..EInvalidImage
 0001:0002760C       Classes..EInvalidOperation
 0001:00027300       Classes..EListError
 0001:0002756C       Classes..EOutOfResources
 0001:00027000       Classes..EReadError
 0001:00027264       Classes..EResNotFound
 0001:00026C9C       Classes..EStreamError
 0001:00027428       Classes..EStringListError
 0001:0002E628       Classes..EThread
 0001:00027094       Classes..EWriteError
 0001:0002FFD0       Classes..TBasicAction
 0001:0002FDB4       Classes..TBasicActionLink
 0001:000283B4       Classes..TBits
 0001:0002BF28       Classes..TClassFinder
 0001:00028C38       Classes..TCollection
 0001:00028A94       Classes..TCollectionEnumerator
 0001:00028828       Classes..TCollectionItem
 0001:0002F46C       Classes..TComponent
 0001:0003EB48       Classes..TComponent.FindComponent$ActRec
 0001:0002F014       Classes..TComponentEnumerator
 0001:0002B16C       Classes..TCustomMemoryStream
 0001:0002C2FC       Classes..TFiler
 0001:0002AF88       Classes..TFileStream
 0001:0002AD70       Classes..THandleStream
 0001:00031E94       Classes..TIntConst
 0001:000286B4       Classes..TInterfacedPersistent
 0001:000279E8       Classes..TList
 0001:00032DC0       Classes..TList.Sort$ActRec
 0001:00027814       Classes..TListEnumerator
 0001:0002B3B4       Classes..TMemoryStream
 0001:000290D0       Classes..TOwnedCollection
 0001:000284EC       Classes..TPersistent
 0001:00037110       Classes..TPropFixup
 0001:0003733C       Classes..TPropIntfFixup
 0001:0002CD14       Classes..TReader
 0001:00030574       Classes..TRegGroup
 0001:000309D4       Classes..TRegGroups
 0001:0002B5FC       Classes..TResourceStream
 0001:0002A764       Classes..TStream
 0001:0002B97C       Classes..TStreamAdapter
 0001:0002A0E8       Classes..TStringList
 0001:00029470       Classes..TStrings
 0001:000292C8       Classes..TStringsEnumerator
 0001:0002E81C       Classes..TThread
 0001:000280FC       Classes..TThreadList
 0001:0002DC1C       Classes..TWriter
 0001:00031E20       Classes.ActivateClassGroup
 0003:00000F80       Classes.AddDataModule
 0001:00037668       Classes.AddFinished
 0001:000376A0       Classes.AddNotFinished
 0001:0003830C       Classes.AddSubComponentsToLoaded
 0001:0003FCB4       Classes.AllocateHWnd
 0001:0003B8A8       Classes.AncestorIsValid
 0003:00000F90       Classes.ApplicationHandleException
 0003:00000F98       Classes.ApplicationShowException
 0001:00032300       Classes.BeginGlobalLoading
 0003:00000FF8       Classes.BlockCode
 0001:00030538       Classes.Bounds
 0001:0003FB14       Classes.CalcJmpOffset
 0001:00038348       Classes.CheckSubComponents
 0001:0003D400       Classes.CheckSynchronize
 0002:0000024C       Classes.Classes
 0001:00031B64       Classes.ClassNotFound
 0001:0003FBC8       Classes.CleanupInstFreeList
 0001:000325A0       Classes.CollectionsEqual
 0001:00038428       Classes.ComponentCreated
 0001:0003A348       Classes.CopyBinary
 0001:0003A2B8       Classes.CopyBytes
 0001:0003A26C       Classes.CopyList
 0001:0003A1E4       Classes.CopySetBody
 0001:000384A8       Classes.CreateComponent
 0003:00000FA0       Classes.CreateVCLComObjectProc
 0001:0003FD68       Classes.DeallocateHWnd
 0001:0003D328       Classes.DoneThreadSynchronization
 0001:0003444C       Classes.DoWrite
 0003:00000FB0       Classes.Dummy32bitResHeader
 0001:0003FD90       Classes.EFileStreamError.Create
 0001:00032388       Classes.EndGlobalLoading
 0001:00031608       Classes.Error
 0001:00036F48       Classes.Error
 0004:00004F90       Classes.ExternalThreads
 0003:00000FAC       Classes.FilerSignature
 0001:0003FE40       Classes.Finalization
 0001:0003AF98       Classes.FindAncestor
 0001:00031C3C       Classes.FindClass
 0001:00038658       Classes.FindExistingComponent
 0001:00032218       Classes.FindGlobalComponent
 0004:00004F70       Classes.FindGlobalComponentProcs
 0001:000320BC       Classes.FindIdentToInt
 0001:00032040       Classes.FindIntToIdent
 0001:0003BD1C       Classes.FindMethodName
 0001:00037570       Classes.FindNestedComponent
 0001:000396D4       Classes.FindUniqueName
 0001:0003D340       Classes.FreeExternalThreads
 0001:0003FA74       Classes.FreeIntConstList
 0001:0003FBB4       Classes.FreeObjectInstance
 0001:00031BD0       Classes.GetClass
 0001:0003C410       Classes.GetComponentValue
 0001:00033860       Classes.GetDesigner
 0001:00031B58       Classes.GetFieldClassTable
 0001:0003FC04       Classes.GetFreeInstBlockItemCount
 0004:00004F74       Classes.GlobalFixupList
 0001:000376E8       Classes.GlobalFixupReferences
 0005:00000010       Classes.GlobalLists
 0005:0000000C       Classes.GlobalLoaded
 0004:00004F58       Classes.GlobalNameSpace
 0001:00031DB4       Classes.GroupDescendentsWith
 0001:00038E68       Classes.HandleException
 0001:00032138       Classes.IdentToInt
 0001:000323E4       Classes.InitComponent
 0001:00032470       Classes.InitInheritedComponent
 0001:0003D2F4       Classes.InitThreadSynchronization
 0004:00004F94       Classes.InstBlockList
 0004:00004F98       Classes.InstFreeList
 0004:00004F68       Classes.IntConstList
 0001:0003227C       Classes.InternalReadComponentRes
 0001:0003217C       Classes.IntToIdent
 0001:00030560       Classes.InvalidPoint
 0001:0003BA9C       Classes.IsDefault
 0001:0003B918       Classes.IsDefaultFloatProp
 0001:0003B974       Classes.IsDefaultInt64Prop
 0001:0003BC40       Classes.IsDefaultInterfaceProp
 0001:0003BD74       Classes.IsDefaultMethodProp
 0001:0003BAF4       Classes.IsDefaultObjectProp
 0001:0003B8C0       Classes.IsDefaultOrdProp
 0001:0003BEAC       Classes.IsDefaultPropertyValue
 0001:0003B9CC       Classes.IsDefaultStrProp
 0001:0003BB74       Classes.IsDefaultValue
 0001:0003BE14       Classes.IsDefaultVariantProp
 0001:00032258       Classes.IsUniqueGlobalComponentName
 0004:00004F5C       Classes.IsUniqueGlobalComponentNameProc
 0001:0003FB1C       Classes.MakeObjectInstance
 0001:000334B0       Classes.Min
 0001:0003FAEC       Classes.ModuleUnload
 0003:00000FD0       Classes.NilMethod
 0001:00033904       Classes.NotifyDesigner
 0001:00032358       Classes.NotifyGlobalLoading
 0001:0003BA5C       Classes.ObjectAncestorMatch
 0001:0003C3F8       Classes.OwnedBy
 0001:000304E0       Classes.Point
 0003:00000FDC       Classes.Priorities
 0001:00037A28       Classes.PropertyNotFound
 0001:00038F38       Classes.PropPathError
 0001:00037A1C       Classes.PropValueError
 0001:00032C88       Classes.QuickSort
 0001:00036100       Classes.RaiseException
 0001:0003A830       Classes.ReadCustomVariant
 0001:00037A04       Classes.ReadError
 0001:00038448       Classes.Recover
 0001:00030510       Classes.Rect
 0004:00004F6C       Classes.RegGroups
 0001:00031C5C       Classes.RegisterClass
 0001:000321C0       Classes.RegisterFindGlobalComponentProc
 0001:00032014       Classes.RegisterIntegerConsts
 0001:0003FC34       Classes.ReleaseObjectInstanceBlocks
 0003:00000F88       Classes.RemoveDataModule
 0001:000378BC       Classes.RemoveFixupReferences
 0001:00037970       Classes.RemoveFixups
 0001:00037D6C       Classes.RemoveGlobalFixup
 0001:0003D3CC       Classes.ResetSyncEvent
 0001:00032804       Classes.ReturnAddr
 0001:000345B8       Classes.ReturnAddr
 0001:000385B8       Classes.SetCompName
 0001:00037A54       Classes.SetElementValue
 0001:000392B0       Classes.SetInterfaceReference
 0001:000391CC       Classes.SetIntIdent
 0001:00039214       Classes.SetObjectIdent
 0001:000383C0       Classes.SetSubComponentState
 0001:00039254       Classes.SetVariantReference
 0001:0003D3F4       Classes.SignalSyncEvent
 0001:00039FA0       Classes.SkipBinary
 0001:00039FD0       Classes.SkipCollection
 0001:00039F74       Classes.SkipList
 0001:00030500       Classes.SmallPoint
 0001:00031D4C       Classes.StartClassGroup
 0001:0003FAF4       Classes.StdWndProc
 0001:00035EEC       Classes.StringListCompareStrings
 0004:00004F60       Classes.SyncEvent
 0003:00000FD8       Classes.SyncList
 0001:0003F4E0       Classes.TBasicAction.Change
 0001:0003F36C       Classes.TBasicAction.Create
 0001:0003F3B0       Classes.TBasicAction.Destroy
 0001:0003F44C       Classes.TBasicAction.Execute
 0001:0003F41C       Classes.TBasicAction.ExecuteTarget
 0001:0003F418       Classes.TBasicAction.HandlesTarget
 0001:0003F420       Classes.TBasicAction.Notification
 0001:0003F4F4       Classes.TBasicAction.RegisterChanges
 0001:0003F540       Classes.TBasicAction.SetActionComponent
 0001:0003F484       Classes.TBasicAction.SetOnExecute
 0001:0003F500       Classes.TBasicAction.UnRegisterChanges
 0001:0003F468       Classes.TBasicAction.Update
 0001:0003F448       Classes.TBasicAction.UpdateTarget
 0001:0003F2BC       Classes.TBasicActionLink.AssignClient
 0001:0003F2F4       Classes.TBasicActionLink.Change
 0001:0003F278       Classes.TBasicActionLink.Create
 0001:0003F2C0       Classes.TBasicActionLink.Destroy
 0001:0003F30C       Classes.TBasicActionLink.Execute
 0001:0003F354       Classes.TBasicActionLink.IsOnExecuteLinked
 0001:0003F328       Classes.TBasicActionLink.SetAction
 0001:0003F358       Classes.TBasicActionLink.SetOnExecute
 0001:0003F360       Classes.TBasicActionLink.Update
 0001:00033468       Classes.TBits.Destroy
 0001:00033498       Classes.TBits.Error
 0001:0003358C       Classes.TBits.OpenBit
 0001:00033560       Classes.TBits.SetBit
 0001:000334BC       Classes.TBits.SetSize
 0001:000318C4       Classes.TClassFinder.Create
 0001:00031A04       Classes.TClassFinder.Destroy
 0001:00031A34       Classes.TClassFinder.GetClass
 0001:00031AD0       Classes.TClassFinder.GetClasses
 0001:00033C34       Classes.TCollection.Add
 0001:00034150       Classes.TCollection.Added
 0001:00033C54       Classes.TCollection.Assign
 0001:00033CFC       Classes.TCollection.BeginUpdate
 0001:00033D00       Classes.TCollection.Changed
 0001:00033D10       Classes.TCollection.Clear
 0001:00033B9C       Classes.TCollection.Create
 0001:00034114       Classes.TCollection.Delete
 0001:00034154       Classes.TCollection.Deleting
 0001:00033BE8       Classes.TCollection.Destroy
 0001:00033D78       Classes.TCollection.EndUpdate
 0001:00033D84       Classes.TCollection.FindItemID
 0001:00033DB8       Classes.TCollection.GetAttr
 0001:00033DB4       Classes.TCollection.GetAttrCount
 0001:00033DD8       Classes.TCollection.GetCapacity
 0001:00033E00       Classes.TCollection.GetCount
 0001:00033DC8       Classes.TCollection.GetEnumerator
 0001:00033E08       Classes.TCollection.GetItem
 0001:00033DE0       Classes.TCollection.GetItemAttr
 0001:00033E1C       Classes.TCollection.GetNamePath
 0001:00033ED0       Classes.TCollection.GetPropName
 0001:00034024       Classes.TCollection.Insert
 0001:00034040       Classes.TCollection.InsertItem
 0001:00034158       Classes.TCollection.Notify
 0001:00034144       Classes.TCollection.Owner
 0001:000340A8       Classes.TCollection.RemoveItem
 0001:000340FC       Classes.TCollection.SetCapacity
 0001:0003410C       Classes.TCollection.SetItemName
 0001:00034110       Classes.TCollection.Update
 0001:00033B30       Classes.TCollectionEnumerator.Create
 0001:00033B74       Classes.TCollectionEnumerator.GetCurrent
 0001:00033B80       Classes.TCollectionEnumerator.MoveNext
 0001:000339D0       Classes.TCollectionItem.Changed
 0001:00033968       Classes.TCollectionItem.Create
 0001:000339A0       Classes.TCollectionItem.Destroy
 0001:00033A0C       Classes.TCollectionItem.GetDisplayName
 0001:000339F4       Classes.TCollectionItem.GetIndex
 0001:00033A20       Classes.TCollectionItem.GetNamePath
 0001:00033ACC       Classes.TCollectionItem.GetOwner
 0001:00033AD0       Classes.TCollectionItem.SetCollection
 0001:00033AF8       Classes.TCollectionItem.SetDisplayName
 0001:00033B00       Classes.TCollectionItem.SetIndex
 0001:0003ED70       Classes.TComponent.AddSortedComponent
 0001:0003E58C       Classes.TComponent.BeforeDestruction
 0001:0003EE24       Classes.TComponent.ChangeName
 0001:0003E4F8       Classes.TComponent.Create
 0001:0003E938       Classes.TComponent.DefineProperties
 0001:0003E544       Classes.TComponent.Destroy
 0001:0003E7BC       Classes.TComponent.DestroyComponents
 0001:0003E828       Classes.TComponent.Destroying
 0001:0003EF80       Classes.TComponent.ExecuteAction
 0001:0003EC0C       Classes.TComponent.FindComponent
 0001:0003EC00       Classes.TComponent.FindComponent$ActRec.$0$Body
 0001:0003ECF8       Classes.TComponent.FindSortedComponent
 0001:0003E5D8       Classes.TComponent.FreeNotification
 0001:0003F0B4       Classes.TComponent.FreeOnRelease
 0001:0003E9DC       Classes.TComponent.GetChildOwner
 0001:0003E9E0       Classes.TComponent.GetChildParent
 0001:0003E9D4       Classes.TComponent.GetChildren
 0001:0003EFE4       Classes.TComponent.GetComObject
 0001:0003EE78       Classes.TComponent.GetComponent
 0001:0003EEA4       Classes.TComponent.GetComponentCount
 0001:0003EE5C       Classes.TComponent.GetComponentIndex
 0001:0003E9E4       Classes.TComponent.GetEnumerator
 0001:0003E9F4       Classes.TComponent.GetNamePath
 0001:0003EA08       Classes.TComponent.GetOwner
 0001:0003EA10       Classes.TComponent.GetParentComponent
 0001:0003E9D0       Classes.TComponent.HasParent
 0001:0003E66C       Classes.TComponent.Insert
 0001:0003E720       Classes.TComponent.InsertComponent
 0001:0003F14C       Classes.TComponent.IntfGetComponent
 0001:0003F150       Classes.TComponent.IsImplementorOf
 0001:0003EA30       Classes.TComponent.Loaded
 0001:0003E8D8       Classes.TComponent.Notification
 0001:0003EA3C       Classes.TComponent.PaletteCreated
 0001:0003F0CC       Classes.TComponent.QueryInterface
 0001:0003E62C       Classes.TComponent.ReadLeft
 0001:0003EA40       Classes.TComponent.ReadState
 0001:0003E640       Classes.TComponent.ReadTop
 0001:0003F1D0       Classes.TComponent.ReferenceInterface
 0001:0003E6A8       Classes.TComponent.Remove
 0001:0003E784       Classes.TComponent.RemoveComponent
 0001:0003E8BC       Classes.TComponent.RemoveFreeNotification
 0001:0003E598       Classes.TComponent.RemoveFreeNotifications
 0001:0003E864       Classes.TComponent.RemoveNotification
 0001:0003F09C       Classes.TComponent.SafeCallException
 0001:0003EA0C       Classes.TComponent.SetChildOrder
 0001:0003EEB4       Classes.TComponent.SetComponentIndex
 0001:0003EF08       Classes.TComponent.SetDesigning
 0001:0003ED94       Classes.TComponent.SetName
 0001:0003EA14       Classes.TComponent.SetParentComponent
 0001:0003EF58       Classes.TComponent.SetReference
 0001:0003EFD0       Classes.TComponent.SetSubComponent
 0001:0003EFA8       Classes.TComponent.UpdateAction
 0001:0003EA24       Classes.TComponent.Updated
 0001:0003F0C4       Classes.TComponent.UpdateRegistry
 0001:0003EA18       Classes.TComponent.Updating
 0001:0003EAD8       Classes.TComponent.ValidateContainer
 0001:0003EAEC       Classes.TComponent.ValidateInsert
 0001:0003EA50       Classes.TComponent.ValidateRename
 0001:0003E654       Classes.TComponent.WriteLeft
 0001:0003EA48       Classes.TComponent.WriteState
 0001:0003E660       Classes.TComponent.WriteTop
 0001:0003F10C       Classes.TComponent._AddRef
 0001:0003F12C       Classes.TComponent._Release
 0001:0003E48C       Classes.TComponentEnumerator.Create
 0001:0003E4D0       Classes.TComponentEnumerator.GetCurrent
 0001:0003E4DC       Classes.TComponentEnumerator.MoveNext
 0001:00036BDC       Classes.TCustomMemoryStream.Read
 0001:00036C50       Classes.TCustomMemoryStream.SaveToFile
 0001:00036C38       Classes.TCustomMemoryStream.SaveToStream
 0001:00036C14       Classes.TCustomMemoryStream.Seek
 0001:00036BD4       Classes.TCustomMemoryStream.SetPointer
 0001:0003709C       Classes.TFiler.Create
 0001:0002C6B4       Classes.TFiler.DefineBinaryProperty
 0001:0002C6AC       Classes.TFiler.DefineProperty
 0001:000370E4       Classes.TFiler.Destroy
 0001:0002C6BC       Classes.TFiler.FlushBuffer
 0001:0003710C       Classes.TFiler.SetRoot
 0001:000369E8       Classes.TFileStream.Create
 0001:00036A2C       Classes.TFileStream.Create
 0001:00036BA0       Classes.TFileStream.Destroy
 0001:00036924       Classes.THandleStream.Create
 0001:00036960       Classes.THandleStream.Read
 0001:00036980       Classes.THandleStream.Seek
 0001:000369C0       Classes.THandleStream.SetSize
 0001:000369AC       Classes.THandleStream.SetSize
 0001:00036970       Classes.THandleStream.Write
 0004:00004F78       Classes.ThreadLock
 0001:0003D5F4       Classes.ThreadProc
 0001:00031FDC       Classes.TIntConst.Create
 0001:000337A8       Classes.TInterfacedPersistent.AfterConstruction
 0001:00033838       Classes.TInterfacedPersistent.QueryInterface
 0001:000337F8       Classes.TInterfacedPersistent._AddRef
 0001:00033818       Classes.TInterfacedPersistent._Release
 0001:00032744       Classes.TList.Add
 0001:00032F80       Classes.TList.Assign
 0001:00032784       Classes.TList.Clear
 0001:0003279C       Classes.TList.Delete
 0001:00032724       Classes.TList.Destroy
 0001:00032808       Classes.TList.Error
 0001:00032840       Classes.TList.Error
 0001:00032894       Classes.TList.Exchange
 0001:000328E4       Classes.TList.Expand
 0001:00032F24       Classes.TList.Extract
 0001:00032F2C       Classes.TList.ExtractItem
 0001:000328FC       Classes.TList.First
 0001:00032904       Classes.TList.Get
 0001:00032928       Classes.TList.GetEnumerator
 0001:00032938       Classes.TList.Grow
 0001:0003296C       Classes.TList.IndexOf
 0001:00032990       Classes.TList.IndexOfItem
 0001:000329BC       Classes.TList.Insert
 0001:00032A34       Classes.TList.Last
 0001:00032A58       Classes.TList.Move
 0001:00032F7C       Classes.TList.Notify
 0001:00032B34       Classes.TList.Pack
 0001:00032AB0       Classes.TList.Put
 0001:00032B0C       Classes.TList.Remove
 0001:00032B14       Classes.TList.RemoveItem
 0001:00032BA8       Classes.TList.SetCapacity
 0001:00032BE4       Classes.TList.SetCount
 0001:00032E84       Classes.TList.Sort
 0001:00032E78       Classes.TList.Sort$ActRec.$0$Body
 0001:00032F04       Classes.TList.SortList
 0001:000326BC       Classes.TListEnumerator.Create
 0001:00032700       Classes.TListEnumerator.GetCurrent
 0001:0003270C       Classes.TListEnumerator.MoveNext
 0001:00036CD4       Classes.TMemoryStream.Clear
 0001:00036CA8       Classes.TMemoryStream.Destroy
 0001:00036D24       Classes.TMemoryStream.LoadFromFile
 0001:00036CEC       Classes.TMemoryStream.LoadFromStream
 0001:00036DCC       Classes.TMemoryStream.Realloc
 0001:00036D78       Classes.TMemoryStream.SetCapacity
 0001:00036DA0       Classes.TMemoryStream.SetSize
 0001:00036E4C       Classes.TMemoryStream.Write
 0001:0003417C       Classes.TOwnedCollection.Create
 0001:000341C0       Classes.TOwnedCollection.GetOwner
 0001:00033630       Classes.TPersistent.Assign
 0001:00033644       Classes.TPersistent.AssignError
 0001:00033700       Classes.TPersistent.AssignTo
 0001:00033708       Classes.TPersistent.DefineProperties
 0001:00033604       Classes.TPersistent.Destroy
 0001:0003370C       Classes.TPersistent.GetNamePath
 0001:000337A4       Classes.TPersistent.GetOwner
 0001:00037424       Classes.TPropFixup.Create
 0001:0003747C       Classes.TPropFixup.MakeGlobalReference
 0001:000374DC       Classes.TPropFixup.ResolveReference
 0001:000374EC       Classes.TPropIntfFixup.ResolveReference
 0001:00037AA8       Classes.TReader.BeginReferences
 0001:00037B10       Classes.TReader.CheckValue
 0001:0003A3A0       Classes.TReader.CopyValue
 0001:00037B70       Classes.TReader.DefineBinaryProperty
 0001:00037B34       Classes.TReader.DefineProperty
 0001:00037A6C       Classes.TReader.Destroy
 0001:00037DF4       Classes.TReader.DoFixupReferences
 0001:00037C58       Classes.TReader.EndOfList
 0001:00037C6C       Classes.TReader.EndReferences
 0001:00037C88       Classes.TReader.Error
 0001:0003A67C       Classes.TReader.FindAncestorComponent
 0001:0003A774       Classes.TReader.FindComponentClass
 0001:00037D1C       Classes.TReader.FindMethod
 0001:00037CAC       Classes.TReader.FindMethodInstance
 0001:00037F38       Classes.TReader.FixupReferences
 0001:00037F70       Classes.TReader.FlushBuffer
 0001:00037F94       Classes.TReader.FreeFixups
 0001:00037FD0       Classes.TReader.GetFieldClass
 0001:00038064       Classes.TReader.GetPosition
 0001:0003807C       Classes.TReader.NextValue
 0001:0003808C       Classes.TReader.PropertyError
 0001:000380A0       Classes.TReader.Read
 0001:00038128       Classes.TReader.ReadBoolean
 0001:000380EC       Classes.TReader.ReadBuffer
 0001:0003813C       Classes.TReader.ReadChar
 0001:00038230       Classes.TReader.ReadCollection
 0001:000386FC       Classes.TReader.ReadComponent
 0001:00039A70       Classes.TReader.ReadComponents
 0001:00038B3C       Classes.TReader.ReadCurrency
 0001:0003893C       Classes.TReader.ReadData
 0001:000389AC       Classes.TReader.ReadDataInner
 0001:00038B8C       Classes.TReader.ReadDate
 0001:00038AB4       Classes.TReader.ReadDouble
 0001:00038A7C       Classes.TReader.ReadFloat
 0001:00038BD0       Classes.TReader.ReadIdent
 0001:00038DD4       Classes.TReader.ReadInt64
 0001:00038D68       Classes.TReader.ReadInteger
 0001:00038E18       Classes.TReader.ReadListBegin
 0001:00038E20       Classes.TReader.ReadListEnd
 0001:00038E28       Classes.TReader.ReadPrefix
 0001:00038F54       Classes.TReader.ReadProperty
 0001:00039370       Classes.TReader.ReadPropValue
 0001:0003973C       Classes.TReader.ReadRootComponent
 0001:00039B60       Classes.TReader.ReadSet
 0001:00039C1C       Classes.TReader.ReadSignature
 0001:00038AF8       Classes.TReader.ReadSingle
 0001:00039C40       Classes.TReader.ReadStr
 0001:00039CD0       Classes.TReader.ReadString
 0001:00039EF8       Classes.TReader.ReadValue
 0001:0003A9F8       Classes.TReader.ReadVariant
 0001:000381D0       Classes.TReader.ReadWideChar
 0001:00039DB8       Classes.TReader.ReadWideString
 0001:0003A734       Classes.TReader.ReferenceName
 0001:0003A74C       Classes.TReader.SetName
 0001:00039F0C       Classes.TReader.SetPosition
 0001:0003A7E8       Classes.TReader.SkipBytes
 0001:0003A5D0       Classes.TReader.SkipComponent
 0001:0003A588       Classes.TReader.SkipProperty
 0001:00039F2C       Classes.TReader.SkipSetBody
 0001:0003A034       Classes.TReader.SkipValue
 0001:00030EB0       Classes.TRegGroup.AddClass
 0001:00030EBC       Classes.TRegGroup.BestClass
 0001:00030F1C       Classes.TRegGroup.BestGroup
 0001:00030F8C       Classes.TRegGroup.Create
 0001:00030FE8       Classes.TRegGroup.Destroy
 0001:00031028       Classes.TRegGroup.GetClass
 0001:00031078       Classes.TRegGroup.GetClasses
 0001:000310C0       Classes.TRegGroup.IndexOfClass
 0001:00031138       Classes.TRegGroup.InGroup
 0001:0003117C       Classes.TRegGroup.RegisterClass
 0001:00031230       Classes.TRegGroup.RegisterClassAlias
 0001:00031268       Classes.TRegGroup.Registered
 0001:00031280       Classes.TRegGroup.UnregisterClass
 0001:000312E0       Classes.TRegGroup.UnregisterModuleClasses
 0001:00031420       Classes.TRegGroups.Activate
 0001:0003146C       Classes.TRegGroups.AddClass
 0001:0003148C       Classes.TRegGroups.Create
 0001:00031500       Classes.TRegGroups.Destroy
 0001:00031560       Classes.TRegGroups.FindGroup
 0001:000315A4       Classes.TRegGroups.GetClass
 0001:000315E8       Classes.TRegGroups.GroupedWith
 0001:0003168C       Classes.TRegGroups.GroupWith
 0001:00031760       Classes.TRegGroups.Lock
 0001:0003176C       Classes.TRegGroups.RegisterClass
 0001:00031784       Classes.TRegGroups.RegisterClassAlias
 0001:000317A4       Classes.TRegGroups.Registered
 0001:000317E8       Classes.TRegGroups.StartGroup
 0001:00031838       Classes.TRegGroups.Unlock
 0001:00031844       Classes.TRegGroups.UnregisterClass
 0001:00031874       Classes.TRegGroups.UnregisterModuleClasses
 0001:00036E9C       Classes.TResourceStream.Create
 0001:00036EF4       Classes.TResourceStream.CreateFromID
 0001:00037054       Classes.TResourceStream.Destroy
 0001:00036FE8       Classes.TResourceStream.Initialize
 0001:00037084       Classes.TResourceStream.Write
 0001:000362D8       Classes.TStream.CopyFrom
 0001:00036740       Classes.TStream.FixupResourceHeader
 0001:00036014       Classes.TStream.GetPosition
 0001:00036048       Classes.TStream.GetSize
 0001:0002AD60       Classes.TStream.Read
 0001:00036268       Classes.TStream.ReadBuffer
 0001:000363CC       Classes.TStream.ReadComponent
 0001:00036490       Classes.TStream.ReadComponentRes
 0001:00036838       Classes.TStream.ReadResHeader
 0001:000361F8       Classes.TStream.Seek
 0001:00036174       Classes.TStream.Seek
 0001:00036034       Classes.TStream.SetPosition
 0001:000360AC       Classes.TStream.SetSize
 0001:00036094       Classes.TStream.SetSize
 0001:00036098       Classes.TStream.SetSize64
 0001:0002AD68       Classes.TStream.Write
 0001:000362A0       Classes.TStream.WriteBuffer
 0001:0003642C       Classes.TStream.WriteComponent
 0001:000364AC       Classes.TStream.WriteComponentRes
 0001:00036434       Classes.TStream.WriteDescendent
 0001:00036804       Classes.TStream.WriteDescendentRes
 0001:000364B4       Classes.TStream.WriteResourceHeader
 0001:0003FA5C       Classes.TStreamAdapter.Clone
 0001:0003F9B0       Classes.TStreamAdapter.Commit
 0001:0003F7A8       Classes.TStreamAdapter.CopyTo
 0001:0003F56C       Classes.TStreamAdapter.Create
 0001:0003F5B8       Classes.TStreamAdapter.Destroy
 0001:0003F9C8       Classes.TStreamAdapter.LockRegion
 0001:0003F5F0       Classes.TStreamAdapter.Read
 0001:0003F9BC       Classes.TStreamAdapter.Revert
 0001:0003F6C0       Classes.TStreamAdapter.Seek
 0001:0003F744       Classes.TStreamAdapter.SetSize
 0001:0003F9E0       Classes.TStreamAdapter.Stat
 0001:0003F9D4       Classes.TStreamAdapter.UnlockRegion
 0001:0003F658       Classes.TStreamAdapter.Write
 0001:000358FC       Classes.TStringList.Add
 0001:0003590C       Classes.TStringList.AddObject
 0001:00035970       Classes.TStringList.Changed
 0001:0003598C       Classes.TStringList.Changing
 0001:000359A8       Classes.TStringList.Clear
 0001:00035F54       Classes.TStringList.CompareStrings
 0001:00035FA8       Classes.TStringList.Create
 0001:00035F70       Classes.TStringList.Create
 0001:00035F1C       Classes.TStringList.CustomSort
 0001:00035A10       Classes.TStringList.Delete
 0001:00035878       Classes.TStringList.Destroy
 0001:00035A90       Classes.TStringList.Exchange
 0001:00035AEC       Classes.TStringList.ExchangeItems
 0001:00035B10       Classes.TStringList.Find
 0001:00035B94       Classes.TStringList.Get
 0001:00035BC4       Classes.TStringList.GetCapacity
 0001:00035BC8       Classes.TStringList.GetCount
 0001:00035BCC       Classes.TStringList.GetObject
 0001:00035BF0       Classes.TStringList.Grow
 0001:00035C24       Classes.TStringList.IndexOf
 0001:00035C60       Classes.TStringList.Insert
 0001:00035CC4       Classes.TStringList.InsertItem
 0001:00035C70       Classes.TStringList.InsertObject
 0001:00035D40       Classes.TStringList.Put
 0001:00035D98       Classes.TStringList.PutObject
 0001:00035DD4       Classes.TStringList.QuickSort
 0001:00035E6C       Classes.TStringList.SetCapacity
 0001:00035FEC       Classes.TStringList.SetCaseSensitive
 0001:00035EAC       Classes.TStringList.SetSorted
 0001:00035ECC       Classes.TStringList.SetUpdateState
 0001:00035F0C       Classes.TStringList.Sort
 0001:0003426C       Classes.TStrings.Add
 0001:00034290       Classes.TStrings.AddObject
 0001:000342C0       Classes.TStrings.AddStrings
 0001:000342B4       Classes.TStrings.Append
 0001:00034378       Classes.TStrings.Assign
 0001:00034434       Classes.TStrings.BeginUpdate
 0001:00029FE8       Classes.TStrings.Clear
 0001:00035830       Classes.TStrings.CompareStrings
 0001:000344A4       Classes.TStrings.DefineProperties
 0001:00029FF0       Classes.TStrings.Delete
 0001:0003423C       Classes.TStrings.Destroy
 0001:000344FC       Classes.TStrings.EndUpdate
 0001:00034510       Classes.TStrings.Equals
 0001:000345BC       Classes.TStrings.Error
 0001:000345F4       Classes.TStrings.Error
 0001:0003464C       Classes.TStrings.Exchange
 0001:00034738       Classes.TStrings.GetCapacity
 0001:00034740       Classes.TStrings.GetCommaText
 0001:000347D8       Classes.TStrings.GetDelimitedText
 0001:0003571C       Classes.TStrings.GetDelimiter
 0001:00034A48       Classes.TStrings.GetEnumerator
 0001:00035738       Classes.TStrings.GetLineBreak
 0001:0003583C       Classes.TStrings.GetNameValueSeparator
 0001:00034A58       Classes.TStrings.GetObject
 0001:00035774       Classes.TStrings.GetQuoteChar
 0001:00035790       Classes.TStrings.GetStrictDelimiter
 0001:00034A5C       Classes.TStrings.GetText
 0001:00034AB0       Classes.TStrings.GetTextStr
 0001:00034C48       Classes.TStrings.IndexOf
 0001:00034CD4       Classes.TStrings.IndexOfName
 0001:00034DA8       Classes.TStrings.IndexOfObject
 0001:00029FF8       Classes.TStrings.Insert
 0001:00034DDC       Classes.TStrings.InsertObject
 0001:00034E0C       Classes.TStrings.LoadFromFile
 0001:00034E60       Classes.TStrings.LoadFromFile
 0001:00034EBC       Classes.TStrings.LoadFromStream
 0001:00034EC8       Classes.TStrings.LoadFromStream
 0001:00034FBC       Classes.TStrings.Move
 0001:0003506C       Classes.TStrings.Put
 0001:0003509C       Classes.TStrings.PutObject
 0001:000350A0       Classes.TStrings.ReadData
 0001:00035160       Classes.TStrings.SaveToFile
 0001:00035150       Classes.TStrings.SaveToFile
 0001:000351D0       Classes.TStrings.SaveToStream
 0001:000351C0       Classes.TStrings.SaveToStream
 0001:00035288       Classes.TStrings.SetCapacity
 0001:0003528C       Classes.TStrings.SetCommaText
 0001:0003556C       Classes.TStrings.SetDelimitedText
 0001:000357A8       Classes.TStrings.SetDelimiter
 0001:000357C8       Classes.TStrings.SetLineBreak
 0001:00035858       Classes.TStrings.SetNameValueSeparator
 0001:000357F4       Classes.TStrings.SetQuoteChar
 0001:00035814       Classes.TStrings.SetStrictDelimiter
 0001:000352B4       Classes.TStrings.SetStringsAdapter
 0001:000352E8       Classes.TStrings.SetText
 0001:00035338       Classes.TStrings.SetTextStr
 0001:000354E4       Classes.TStrings.SetUpdateState
 0001:000354E8       Classes.TStrings.WriteData
 0001:000341C4       Classes.TStringsEnumerator.Create
 0001:00034208       Classes.TStringsEnumerator.GetCurrent
 0001:00034220       Classes.TStringsEnumerator.MoveNext
 0004:00004F54       Classes.TThread.$ClassInitFlag
 0001:0003D848       Classes.TThread.AfterConstruction
 0001:0003D8F0       Classes.TThread.CallOnTerminate
 0001:0003D85C       Classes.TThread.CheckThreadError
 0001:0003D8D8       Classes.TThread.CheckThreadError
 0001:0003D6A8       Classes.TThread.Create
 0002:0000023C       Classes.TThread.Create@
 0001:0003D7AC       Classes.TThread.Destroy
 0001:0003D820       Classes.TThread.Destroy@
 0001:0003D904       Classes.TThread.DoTerminate
 0005:00000008       Classes.TThread.FCurrentThread
 0001:0003D918       Classes.TThread.GetPriority
 0001:0003D954       Classes.TThread.InternalStart
 0001:0003E3EC       Classes.TThread.NameThreadForDebugging
 0001:0003DAB4       Classes.TThread.Queue
 0001:0003DB80       Classes.TThread.Queue
 0001:0003DA2C       Classes.TThread.Queue
 0001:0003DFE8       Classes.TThread.Queue
 0001:0003E220       Classes.TThread.RemoveQueuedEvents
 0001:0003E17C       Classes.TThread.RemoveQueuedEvents
 0001:0003DC20       Classes.TThread.RemoveQueuedEvents
 0001:0003E2E0       Classes.TThread.Resume
 0001:0003DA00       Classes.TThread.SetPriority
 0001:0003E234       Classes.TThread.SetSuspended
 0001:0003E24C       Classes.TThread.SpinWait
 0001:0003E268       Classes.TThread.Start
 0001:0003DCE4       Classes.TThread.StaticQueue
 0001:0003E168       Classes.TThread.StaticSynchronize
 0001:0003E270       Classes.TThread.Suspend
 0001:0003E0CC       Classes.TThread.Synchronize
 0001:0003DF58       Classes.TThread.Synchronize
 0001:0003DEF0       Classes.TThread.Synchronize
 0001:0003DEBC       Classes.TThread.Synchronize
 0001:0003DCF8       Classes.TThread.Synchronize
 0001:0003E308       Classes.TThread.Terminate
 0001:0003E32C       Classes.TThread.WaitFor
 0001:0003331C       Classes.TThreadList.Add
 0001:000333A4       Classes.TThreadList.Clear
 0001:0003324C       Classes.TThreadList.Create
 0001:000332A0       Classes.TThreadList.Destroy
 0001:000333EC       Classes.TThreadList.LockList
 0001:00033400       Classes.TThreadList.Remove
 0001:00033408       Classes.TThreadList.RemoveItem
 0001:0003345C       Classes.TThreadList.UnlockList
 0001:0003AC44       Classes.TWriter.AddAncestor
 0001:0003AC78       Classes.TWriter.DefineBinaryProperty
 0001:0003AC50       Classes.TWriter.DefineProperty
 0001:0003AC18       Classes.TWriter.Destroy
 0001:0003ACB4       Classes.TWriter.FindMethodName
 0001:0003ACFC       Classes.TWriter.FlushBuffer
 0001:0003D2D0       Classes.TWriter.GetLookupInfo
 0001:0003ACA4       Classes.TWriter.GetPosition
 0001:0003AD04       Classes.TWriter.SetPosition
 0001:0003AD40       Classes.TWriter.SetRoot
 0001:0003AD58       Classes.TWriter.Write
 0001:0003ADA4       Classes.TWriter.WriteBinary
 0001:0003AE44       Classes.TWriter.WriteBoolean
 0001:0003AE2C       Classes.TWriter.WriteBuffer
 0001:0003AE58       Classes.TWriter.WriteChar
 0001:0003AEF8       Classes.TWriter.WriteCollection
 0001:0003AFE8       Classes.TWriter.WriteComponent
 0001:0003B590       Classes.TWriter.WriteCurrency
 0001:0003B13C       Classes.TWriter.WriteData
 0001:0003B5B4       Classes.TWriter.WriteDate
 0001:0003B4FC       Classes.TWriter.WriteDescendent
 0001:0003B56C       Classes.TWriter.WriteDouble
 0001:0003B524       Classes.TWriter.WriteFloat
 0001:0003B5D8       Classes.TWriter.WriteIdent
 0001:0003B730       Classes.TWriter.WriteInteger
 0001:0003B6BC       Classes.TWriter.WriteInteger
 0001:0003B788       Classes.TWriter.WriteListBegin
 0001:0003B790       Classes.TWriter.WriteListEnd
 0001:0003CF94       Classes.TWriter.WriteMinStr
 0001:0003B798       Classes.TWriter.WritePrefix
 0001:0003B7E0       Classes.TWriter.WriteProperties
 0001:0003C938       Classes.TWriter.WriteProperty
 0001:0003CE6C       Classes.TWriter.WritePropName
 0001:0003CEC0       Classes.TWriter.WriteRootComponent
 0001:0003CEC8       Classes.TWriter.WriteSignature
 0001:0003B548       Classes.TWriter.WriteSingle
 0001:0003CED8       Classes.TWriter.WriteStr
 0001:0003D0C8       Classes.TWriter.WriteString
 0001:0003D1E0       Classes.TWriter.WriteUTF8Str
 0001:0003D2BC       Classes.TWriter.WriteValue
 0001:0003CA8C       Classes.TWriter.WriteVariant
 0001:0003AEA8       Classes.TWriter.WriteWideChar
 0001:0003D2B4       Classes.TWriter.WriteWideString
 0001:00032200       Classes.UnregisterFindGlobalComponentProc
 0001:00031CE4       Classes.UnRegisterModuleClasses
 0003:00000FFC       Classes.UtilWindowClass
 0001:0003D3D8       Classes.WaitForSyncEvent
 0003:00000FA4       Classes.WakeMainThread
 0001:00032534       Classes.WriteCollection
 0001:0003C168       Classes.WriteCollectionProp
 0001:0003C304       Classes.WriteFloatProp
 0001:0003C344       Classes.WriteInt64Prop
 0001:0003C768       Classes.WriteInterfaceProp
 0001:0003C0FC       Classes.WriteIntProp
 0001:0003C844       Classes.WriteMethodProp
 0001:0003C554       Classes.WriteObjectProp
 0001:0003C20C       Classes.WriteOrdProp
 0001:0003C010       Classes.WritePropPath
 0001:0003C068       Classes.WriteSet
 0001:0003C380       Classes.WriteStrProp
 0001:0003C8D4       Classes.WriteVariantProp
 0004:00005178       Clipbrd..3
 0004:00005176       Clipbrd.CF_COMPONENT
 0004:00005174       Clipbrd.CF_PICTURE
 0002:00000950       Clipbrd.Clipbrd
 0004:0000517C       Clipbrd.FClipboard
 0001:0006ADD4       Clipbrd.Finalization
 0004:00005188       ComCtrls..96
 0001:0006C2B8       ComCtrls..TConversion
 0002:00000A1C       ComCtrls.ComCtrls
 0004:0000518C       ComCtrls.ConversionFormatList
 0001:0006C650       ComCtrls.Finalization
 0001:0006C5F0       ComCtrls.FreeConversionFormatList
 0004:00005194       ComCtrls.FRichEditModule
 0003:00001A74       ComCtrls.RTFConversionFormat
 0004:00005190       ComCtrls.ShellModule
 0001:0006C538       ComCtrls.TConversion.ConvertReadStream
 0001:0006C594       ComCtrls.TConversion.ConvertWriteStream
 0001:0006C500       ComCtrls.TConversion.Create
 0003:00001A7C       ComCtrls.TextConversionFormat
 0004:00002C4C       CommCtrl.ComCtl32DLL
 0001:0000BD8C       CommCtrl.FlatSB_GetScrollInfo
 0001:0000BD94       CommCtrl.FlatSB_GetScrollPos
 0001:0000BD9C       CommCtrl.FlatSB_SetScrollInfo
 0001:0000BDA4       CommCtrl.FlatSB_SetScrollPos
 0001:0000BDAC       CommCtrl.FlatSB_SetScrollProp
 0001:0000BCC4       CommCtrl.ImageList_Add
 0001:0000BD24       CommCtrl.ImageList_BeginDrag
 0001:0000BD1C       CommCtrl.ImageList_Copy
 0001:0000BCA4       CommCtrl.ImageList_Create
 0001:0000BCAC       CommCtrl.ImageList_Destroy
 0001:0000BD34       CommCtrl.ImageList_DragEnter
 0001:0000BD3C       CommCtrl.ImageList_DragLeave
 0001:0000BD44       CommCtrl.ImageList_DragMove
 0001:0000BD4C       CommCtrl.ImageList_DragShowNolock
 0001:0000BCEC       CommCtrl.ImageList_Draw
 0001:0000BCFC       CommCtrl.ImageList_DrawEx
 0001:0000BD2C       CommCtrl.ImageList_EndDrag
 0001:0000BCDC       CommCtrl.ImageList_GetBkColor
 0001:0000BD54       CommCtrl.ImageList_GetDragImage
 0001:0000BD0C       CommCtrl.ImageList_GetIcon
 0001:0000BD6C       CommCtrl.ImageList_GetIconSize
 0001:0000BCB4       CommCtrl.ImageList_GetImageCount
 0001:0000BD7C       CommCtrl.ImageList_GetImageInfo
 0001:0000BD14       CommCtrl.ImageList_LoadImage
 0001:0000BD5C       CommCtrl.ImageList_Read
 0001:0000BD04       CommCtrl.ImageList_Remove
 0001:0000BCF4       CommCtrl.ImageList_Replace
 0001:0000BCCC       CommCtrl.ImageList_ReplaceIcon
 0001:0000BCD4       CommCtrl.ImageList_SetBkColor
 0001:0000BD74       CommCtrl.ImageList_SetIconSize
 0001:0000BCBC       CommCtrl.ImageList_SetImageCount
 0001:0000BCE4       CommCtrl.ImageList_SetOverlayImage
 0001:0000BD64       CommCtrl.ImageList_Write
 0001:0000BC24       CommCtrl.InitComCtl
 0001:0000BDB4       CommCtrl.InitializeFlatSB
 0001:0000BDBC       CommCtrl.TaskDialogIndirect
 0004:00002C50       CommCtrl._InitCommonControlsEx
 0004:00002C54       CommCtrl._TaskDialogIndirect
 0001:0000BD84       CommCtrl._TrackMouseEvent
 0001:00042450       Contnrs..TOrderedList
 0001:00042668       Contnrs..TStack
 0001:000426F8       Contnrs.TOrderedList.AtLeast
 0001:00042724       Contnrs.TOrderedList.Count
 0001:0004272C       Contnrs.TOrderedList.Create
 0001:00042770       Contnrs.TOrderedList.Destroy
 0001:00042704       Contnrs.TOrderedList.Peek
 0001:000427A0       Contnrs.TOrderedList.PeekItem
 0001:0004270C       Contnrs.TOrderedList.Pop
 0001:000427B4       Contnrs.TOrderedList.PopItem
 0001:00042714       Contnrs.TOrderedList.Push
 0001:000427D4       Contnrs.TStack.PushItem
 0004:00005228       Controls..44
 0001:0007C554       Controls..TBaseDragControlObject
 0001:000803B4       Controls..TControl
 0001:0007D1E0       Controls..TControlActionLink
 0001:0007CDC8       Controls..TControlCanvas
 0001:00083DC4       Controls..TCustomControl
 0001:0007D00C       Controls..TCustomControlAction
 0001:0007E494       Controls..TCustomGestureCollectionItem
 0001:0007ECD4       Controls..TCustomGestureEngine
 0001:0007E6F4       Controls..TCustomGestureManager
 0001:000867A8       Controls..TCustomHint
 0001:00086550       Controls..TCustomHintShowHideThread
 0001:00086114       Controls..TCustomHintWindow
 0001:00085C90       Controls..TCustomListControl
 0001:00085500       Controls..TCustomPanningWindow
 0001:0007EEA8       Controls..TCustomTouchManager
 0001:0008518C       Controls..TDockTree
 0001:00084BA4       Controls..TDockZone
 0001:0007C6F0       Controls..TDragControlObject
 0001:0007C82C       Controls..TDragControlObjectEx
 0001:0007C938       Controls..TDragDockObject
 0001:0007CCB0       Controls..TDragDockObjectEx
 0001:000844A0       Controls..TDragImageList
 0001:0007C050       Controls..TDragObject
 0001:00083BF4       Controls..TGraphicControl
 0001:00083FE0       Controls..THintWindow
 0001:000848FC       Controls..TImageList
 0001:0007DACC       Controls..TMargins
 0001:000857B0       Controls..TMouse
 0001:0007DFB0       Controls..TPadding
 0001:000874B4       Controls..TSiteList
 0001:0007D864       Controls..TSizeConstraints
 0001:0007F45C       Controls..TTouchManager
 0001:00082730       Controls..TWinControl
 0001:00082174       Controls..TWinControlActionLink
 0001:00087C68       Controls.AbsMin
 0004:0000525C       Controls.ActiveDrag
 0001:0008E9E4       Controls.AlignNestedControls
 0001:0008E990       Controls.AlignWork
 0003:00001D6C       Controls.AnchorAlign
 0003:00001D60       Controls.AnimateWindowProc
 0003:00001EE8       Controls.AnimationStyle
 0001:0008AE7C       Controls.BackgroundClipped
 0001:000994C8       Controls.CalcSplitterPos
 0001:00088CEC       Controls.CancelDrag
 0004:00005270       Controls.CanvasList
 0003:00001E24       Controls.CaptureControl
 0001:00086DCC       Controls.ChangeBiDiModeAlignment
 0001:00088954       Controls.CheckUndock
 0001:000961FC       Controls.ClientToWindow
 0004:0000522E       Controls.ControlAtom
 0004:00005234       Controls.ControlAtomString
 0002:00000B30       Controls.Controls
 0003:00001E7C       Controls.CPan
 0003:00001E78       Controls.CPanOoptions
 0003:00001EAC       Controls.CPanSingleFingerHorizontal
 0003:00001EA4       Controls.CPanSingleFingerVertical
 0003:00001EB4       Controls.CPanWithGutter
 0003:00001EBC       Controls.CPanWithInertia
 0003:00001E94       Controls.CPressAndTap
 0003:00001D68       Controls.CreationControl
 0003:00001E8C       Controls.CRotate
 0003:00001E68       Controls.Ctl3DStyles
 0003:00001E9C       Controls.CTwoFingerTap
 0003:00001D74       Controls.Cursors
 0001:00087294       Controls.CursorToIdent
 0003:00001E84       Controls.CZoom
 0003:00001D64       Controls.DefaultDockTreeClass
 0001:0008FDBC       Controls.DestroyChildWindow
 0001:0008EC5C       Controls.DoAdjustSize
 0001:0008E804       Controls.DoAlign
 0001:00094070       Controls.DoCalcConstraints
 0004:00005264       Controls.DockSiteList
 0001:00090D0C       Controls.DoControlMsg
 0001:00088268       Controls.DoDragOver
 0001:00096EF4       Controls.DoFindControlZone
 0001:00097620       Controls.DoFindZone
 0001:00096F78       Controls.DoForEach
 0001:00098C98       Controls.DoGetNextLimit
 0001:00099DD4       Controls.DoneControls
 0001:0008E7BC       Controls.DoPosition
 0001:00098144       Controls.DoPrune
 0001:0009868C       Controls.DoSaveZone
 0001:00098990       Controls.DoSetNewBounds
 0001:0008FA38       Controls.DoWriteDesignSize
 0001:0008C410       Controls.DoWriteExplicit
 0001:0008C3DC       Controls.DoWriteIsControl
 0004:00005248       Controls.DragCapture
 0004:0000523C       Controls.DragControl
 0001:000889C8       Controls.DragDone
 0001:00088218       Controls.DragFindTarget
 0001:000881EC       Controls.DragFindWindow
 0004:00005260       Controls.DragImageList
 0001:0008862C       Controls.DragInit
 0001:0008879C       Controls.DragInitControl
 0004:00005244       Controls.DragInternalObject
 0001:00088134       Controls.DragMessage
 0004:00005240       Controls.DragObject
 0004:0000526C       Controls.DragSave
 0004:00005254       Controls.DragSaveCursor
 0004:0000524C       Controls.DragStartPos
 0004:00005258       Controls.DragThreshold
 0001:00088344       Controls.DragTo
 0001:00097BC4       Controls.DrawCloseButton
 0001:00097C58       Controls.DrawGrabberLine
 0001:00097CE4       Controls.DrawThemedGrabber
 0001:00091228       Controls.DrawThemeEdge
 0003:00001E58       Controls.EdgeStyles
 0001:0009BB60       Controls.Finalization
 0001:00086F24       Controls.FindControl
 0001:00088D38       Controls.FindDragTarget
 0001:00088D04       Controls.FindVCLWindow
 0004:00005274       Controls.FlagControl
 0001:00088E2C       Controls.FreeDeviceContext
 0001:00088EF4       Controls.FreeDeviceContexts
 0003:00001E70       Controls.GestureMap
 0001:00087448       Controls.GetCaptureControl
 0001:0008E624       Controls.GetClientSize
 0001:000902C8       Controls.GetControlAtPos
 0001:00098D78       Controls.GetDockAlign
 0001:00087F8C       Controls.GetDockSiteAtPos
 0001:000882A4       Controls.GetDropCtl
 0001:00096C24       Controls.GetLastChildZone
 0001:000872FC       Controls.GetLongHint
 0001:000872B4       Controls.GetShortHint
 0001:00087678       Controls.GetTopParent
 0001:00098DF4       Controls.HideZone
 0001:000872A4       Controls.IdentToCursor
 0003:00001F10       Controls.IMM32DLL
 0001:00099DC0       Controls.Imm32IsIME
 0001:00099E74       Controls.InitControls
 0001:0009998C       Controls.InitIMM32
 0001:00086DE0       Controls.InitWndProc
 0003:00001E38       Controls.InnerStyles
 0001:0008E68C       Controls.InsertBefore
 0001:00087D4C       Controls.IsBeforeTargetWindow
 0001:0008818C       Controls.IsDelphiHandle
 0001:0009663C       Controls.IsOrientationSet
 0001:00087F48       Controls.IsSiteChildOfClient
 0001:00086F80       Controls.IsVCLControl
 0004:0000521C       Controls.IsVCLControlHook
 0001:0009B1B4       Controls.LatestHintWindow
 0001:00088D84       Controls.ListAdd
 0001:00088DAC       Controls.ListRemove
 0003:00001EFC       Controls.MakeLast
 0001:0008D694       Controls.MinVar
 0003:00001F14       Controls.ModeMap
 0004:00005218       Controls.Mouse
 0001:00086D90       Controls.MouseOriginToShiftState
 0001:00088DFC       Controls.MoveWindowOrg
 0004:00005224       Controls.NewStyleControls
 0001:00096620       Controls.NextVisibleZone
 0001:00086EF0       Controls.ObjectFromHWnd
 0003:00001EC4       Controls.Options
 0003:00001EF4       Controls.OrientArray
 0003:00001E48       Controls.OuterStyles
 0003:00001E28       Controls.PaintMessage
 0001:00096A4C       Controls.ParentNotLast
 0001:00087394       Controls.PerformBufferedPrintClient
 0001:00087344       Controls.PerformEraseBackground
 0001:0008FA24       Controls.PointsEqual
 0004:00005268       Controls.QualifyingSites
 0001:000977BC       Controls.ReadControlName
 0001:000880D8       Controls.RegisterDockSite
 0004:00005238       Controls.RM_GetObjectInstance
 0001:00086FB0       Controls.SendAppMessage
 0001:00087470       Controls.SetCaptureControl
 0001:00099CE8       Controls.SetImeMode
 0001:0008CF0C       Controls.SetParentColor
 0003:00001E30       Controls.ShowFlags
 0001:00098E74       Controls.ShowZone
 0003:00001F08       Controls.SizeCursors
 0001:00087A4C       Controls.TBaseDragControlObject.Assign
 0001:00087A10       Controls.TBaseDragControlObject.Create
 0001:00087A78       Controls.TBaseDragControlObject.EndDrag
 0001:00087AA4       Controls.TBaseDragControlObject.Finished
 0001:0008D3C4       Controls.TControl.ActionChange
 0001:0008D7B8       Controls.TControl.AdjustSize
 0001:0008D5E8       Controls.TControl.AssignTo
 0001:0008B21C       Controls.TControl.BeginAutoDrag
 0001:0008B238       Controls.TControl.BeginDrag
 0001:0008ACCC       Controls.TControl.BringToFront
 0001:0008BDE0       Controls.TControl.CalcCursorPos
 0001:0008BF98       Controls.TControl.CalcDockSizes
 0001:0008BCE0       Controls.TControl.CanAutoSize
 0001:0008BCE4       Controls.TControl.CanResize
 0001:0008A61C       Controls.TControl.Changed
 0001:0008A62C       Controls.TControl.ChangeScale
 0001:0008CA3C       Controls.TControl.CheckNewSize
 0001:0008C810       Controls.TControl.Click
 0001:0008D9F4       Controls.TControl.ClientToParent
 0001:0008A420       Controls.TControl.ClientToScreen
 0001:0008D088       Controls.TControl.CMBiDiModeChanged
 0001:0008CF00       Controls.TControl.CMColorChanged
 0001:0008D204       Controls.TControl.CMDesignHitTest
 0001:0008CEE8       Controls.TControl.CMEnabledChanged
 0001:0008D364       Controls.TControl.CMFloat
 0001:0008CEF4       Controls.TControl.CMFontChanged
 0001:0008D014       Controls.TControl.CMGesture
 0001:0008D844       Controls.TControl.CMHintShow
 0001:0008D134       Controls.TControl.CMHitTest
 0001:0008DC14       Controls.TControl.CMMouseActivate
 0001:0008D13C       Controls.TControl.CMMouseEnter
 0001:0008D1A0       Controls.TControl.CMMouseLeave
 0001:0008CFA4       Controls.TControl.CMMouseWheel
 0001:0008CF80       Controls.TControl.CMParentBiDiModeChanged
 0001:0008CF44       Controls.TControl.CMParentColorChanged
 0001:0008D0E0       Controls.TControl.CMParentFontChanged
 0001:0008D0A4       Controls.TControl.CMParentShowHintChanged
 0001:0008D20C       Controls.TControl.CMParentTabletOptionsChanged
 0001:0008D110       Controls.TControl.CMSysFontChanged
 0001:0008CEC0       Controls.TControl.CMVisibleChanged
 0001:0008BDB0       Controls.TControl.ConstrainedResize
 0001:00089684       Controls.TControl.Create
 0001:0008D240       Controls.TControl.CreateFloatingDockSite
 0001:0008D2C0       Controls.TControl.CreateTouchManager
 0001:0008C888       Controls.TControl.DblClick
 0001:0008B718       Controls.TControl.DefaultDockImage
 0001:0008C328       Controls.TControl.DefaultHandler
 0001:0008C630       Controls.TControl.DefineProperties
 0001:0008BE0C       Controls.TControl.DesignWndProc
 0001:000897CC       Controls.TControl.Destroy
 0001:0008D4C4       Controls.TControl.DoActionChange
 0001:0008BD14       Controls.TControl.DoCanAutoSize
 0001:0008BD80       Controls.TControl.DoCanResize
 0001:0008A0CC       Controls.TControl.Dock
 0001:0008B504       Controls.TControl.DockTrackNoTarget
 0001:0008BE40       Controls.TControl.DoConstrainedResize
 0001:0008BCD4       Controls.TControl.DoConstraintsChange
 0001:0008D9B4       Controls.TControl.DoContextPopup
 0001:0008A1FC       Controls.TControl.DoDock
 0001:0008B864       Controls.TControl.DoDragMsg
 0001:0008B51C       Controls.TControl.DoEndDock
 0001:0008B404       Controls.TControl.DoEndDrag
 0001:0008B3E4       Controls.TControl.DoGesture
 0001:0008B3E8       Controls.TControl.DoGetGestureOptions
 0001:0008DC38       Controls.TControl.DoMarginChange
 0001:0008B578       Controls.TControl.DoMouseActivate
 0001:0008C8E0       Controls.TControl.DoMouseDown
 0001:0008CC7C       Controls.TControl.DoMouseUp
 0001:0008B5AC       Controls.TControl.DoMouseWheel
 0001:0008B680       Controls.TControl.DoMouseWheelDown
 0001:0008B6CC       Controls.TControl.DoMouseWheelUp
 0001:0008B548       Controls.TControl.DoStartDock
 0001:0008B3C4       Controls.TControl.DoStartDrag
 0001:0008B34C       Controls.TControl.DragCanceled
 0001:0008B398       Controls.TControl.DragDrop
 0001:0008B350       Controls.TControl.Dragging
 0001:0008B35C       Controls.TControl.DragOver
 0001:0008B844       Controls.TControl.DrawDragDockImage
 0001:0008D7D8       Controls.TControl.DrawTextBiDiModeFlags
 0001:0008D818       Controls.TControl.DrawTextBiDiModeFlagsReadingOnly
 0001:0008B318       Controls.TControl.EndDrag
 0001:0008B854       Controls.TControl.EraseDragDockImage
 0001:0008AADC       Controls.TControl.FontChanged
 0001:00089988       Controls.TControl.GetAction
 0001:0008D4E8       Controls.TControl.GetActionLinkClass
 0001:0008DC5C       Controls.TControl.GetAlignWithMargins
 0001:0008A2B4       Controls.TControl.GetBoundsRect
 0001:0008A350       Controls.TControl.GetClientHeight
 0001:0008A390       Controls.TControl.GetClientOrigin
 0001:0008A2F8       Controls.TControl.GetClientRect
 0001:0008A310       Controls.TControl.GetClientWidth
 0001:0008B1B4       Controls.TControl.GetControlsAlignment
 0001:0008BF70       Controls.TControl.GetCustomHint
 0001:0008ADD4       Controls.TControl.GetDeviceContext
 0001:0008D6D4       Controls.TControl.GetDockEdge
 0001:000898C8       Controls.TControl.GetDragImages
 0001:00089B78       Controls.TControl.GetDragMode
 0001:000898CC       Controls.TControl.GetEnabled
 0001:0008D784       Controls.TControl.GetFloating
 0001:0008D7B0       Controls.TControl.GetFloatingDockSiteClass
 0001:0008A9EC       Controls.TControl.GetLRDockWidth
 0001:0008AC94       Controls.TControl.GetMouseCapture
 0001:000898D4       Controls.TControl.GetPalette
 0001:000898E0       Controls.TControl.GetParentComponent
 0001:0008CA38       Controls.TControl.GetPopupMenu
 0001:0008A9D8       Controls.TControl.GetTBDockHeight
 0001:0008AA24       Controls.TControl.GetText
 0001:0008A9A4       Controls.TControl.GetTextBuf
 0001:0008A994       Controls.TControl.GetTextLen
 0001:0008A9B0       Controls.TControl.GetUndockHeight
 0001:0008A9C4       Controls.TControl.GetUndockWidth
 0001:000898D8       Controls.TControl.HasParent
 0001:0008B060       Controls.TControl.Hide
 0001:0008D834       Controls.TControl.InitiateAction
 0001:0008AF98       Controls.TControl.Invalidate
 0001:0008AF04       Controls.TControl.InvalidateControl
 0001:00089AB4       Controls.TControl.IsAnchorsStored
 0001:0008AB50       Controls.TControl.IsBiDiModeStored
 0001:0008D4F0       Controls.TControl.IsCaptionStored
 0001:0008AC28       Controls.TControl.IsColorStored
 0001:0008D510       Controls.TControl.IsEnabledStored
 0001:0008AB30       Controls.TControl.IsFontStored
 0001:0008D550       Controls.TControl.IsHelpContextStored
 0001:0008D530       Controls.TControl.IsHintStored
 0001:0008D590       Controls.TControl.IsOnClickStored
 0001:0008B1B8       Controls.TControl.IsRightToLeft
 0001:0008AB44       Controls.TControl.IsShowHintStored
 0001:00089ACC       Controls.TControl.IsTouchPropertyStored
 0001:0008D570       Controls.TControl.IsVisibleStored
 0001:0008D5B0       Controls.TControl.Loaded
 0001:0008B954       Controls.TControl.ManualDock
 0001:0008BB40       Controls.TControl.ManualFloat
 0001:0008AFAC       Controls.TControl.MouseActivate
 0001:0008C8A8       Controls.TControl.MouseDown
 0001:0008CB88       Controls.TControl.MouseMove
 0001:0008CC44       Controls.TControl.MouseUp
 0001:0008AFF4       Controls.TControl.MouseWheelHandler
 0001:00089C50       Controls.TControl.Notification
 0001:0008990C       Controls.TControl.PaletteChanged
 0001:0008DB04       Controls.TControl.ParentToClient
 0001:0008BF14       Controls.TControl.Perform
 0001:0008BF5C       Controls.TControl.Perform
 0001:0008BF48       Controls.TControl.Perform
 0001:0008B430       Controls.TControl.PositionDockRect
 0001:0008DD34       Controls.TControl.ReadExplicitHeight
 0001:0008DD4C       Controls.TControl.ReadExplicitLeft
 0001:0008DD1C       Controls.TControl.ReadExplicitTop
 0001:0008DCF4       Controls.TControl.ReadExplicitWidth
 0001:0008C3BC       Controls.TControl.ReadIsControl
 0001:00089BA0       Controls.TControl.ReadState
 0001:0008B0AC       Controls.TControl.Refresh
 0001:0008B0B8       Controls.TControl.Repaint
 0001:0008BBE0       Controls.TControl.ReplaceDockedControl
 0001:00089B68       Controls.TControl.RequestAlign
 0001:00089B80       Controls.TControl.Resize
 0001:0008A44C       Controls.TControl.ScaleConstraints
 0001:0008A4D0       Controls.TControl.ScaleMargins
 0001:0008A554       Controls.TControl.ScreenToClient
 0001:0008A580       Controls.TControl.SendCancelMode
 0001:0008A5B0       Controls.TControl.SendDockNotification
 0001:0008ACDC       Controls.TControl.SendToBack
 0001:00089A38       Controls.TControl.SetAction
 0001:00089CCC       Controls.TControl.SetAlign
 0001:0008DC64       Controls.TControl.SetAlignWithMargins
 0001:00089998       Controls.TControl.SetAnchors
 0001:0008A7F4       Controls.TControl.SetAutoSize
 0001:0008AAC0       Controls.TControl.SetBiDiMode
 0001:00089DB4       Controls.TControl.SetBounds
 0001:0008A2D4       Controls.TControl.SetBoundsRect
 0001:0008A368       Controls.TControl.SetClientHeight
 0001:0008A8B0       Controls.TControl.SetClientSize
 0001:0008A328       Controls.TControl.SetClientWidth
 0001:0008ABDC       Controls.TControl.SetColor
 0001:0008D9E8       Controls.TControl.SetConstraints
 0001:0008AC78       Controls.TControl.SetCursor
 0001:0008AD9C       Controls.TControl.SetCustomHint
 0001:00089B2C       Controls.TControl.SetDesignVisible
 0001:00089B64       Controls.TControl.SetDragMode
 0001:0008A97C       Controls.TControl.SetEnabled
 0001:0008AB20       Controls.TControl.SetFont
 0001:0008A098       Controls.TControl.SetHeight
 0001:0008A254       Controls.TControl.SetHelpContext
 0001:0008A268       Controls.TControl.SetHelpKeyword
 0001:0008A28C       Controls.TControl.SetHostDockSite
 0001:00089FFC       Controls.TControl.SetLeft
 0001:0008DC44       Controls.TControl.SetMargins
 0001:0008ACA4       Controls.TControl.SetMouseCapture
 0001:0008A80C       Controls.TControl.SetName
 0001:0008A8F8       Controls.TControl.SetParent
 0001:0008AC54       Controls.TControl.SetParentBiDiMode
 0001:0008AC30       Controls.TControl.SetParentColor
 0001:000898E4       Controls.TControl.SetParentComponent
 0001:0008ABCC       Controls.TControl.SetParentCustomHint
 0001:0008AB58       Controls.TControl.SetParentFont
 0001:0008ABA0       Controls.TControl.SetParentShowHint
 0001:0008AA00       Controls.TControl.SetPopupMenu
 0001:0008AB7C       Controls.TControl.SetShowHint
 0001:0008AA5C       Controls.TControl.SetText
 0001:00089E54       Controls.TControl.SetTextBuf
 0001:0008A030       Controls.TControl.SetTop
 0001:0008DC50       Controls.TControl.SetTouchManager
 0001:0008A944       Controls.TControl.SetVisible
 0001:0008A064       Controls.TControl.SetWidth
 0001:0008AD78       Controls.TControl.SetZOrder
 0001:0008ACEC       Controls.TControl.SetZOrderPosition
 0001:0008B068       Controls.TControl.Show
 0001:0008B098       Controls.TControl.Update
 0001:00089E78       Controls.TControl.UpdateAnchorRules
 0001:0008C00C       Controls.TControl.UpdateBoundsRect
 0001:0008DC90       Controls.TControl.UpdateExplicitBounds
 0001:0008B1E8       Controls.TControl.UseRightToLeftAlignment
 0001:0008B1D0       Controls.TControl.UseRightToLeftReading
 0001:0008B200       Controls.TControl.UseRightToLeftScrollBar
 0001:0008C03C       Controls.TControl.VisibleChanging
 0001:0008CDD4       Controls.TControl.WMCancelMode
 0001:0008D874       Controls.TControl.WMContextMenu
 0001:0008C9E4       Controls.TControl.WMLButtonDblClk
 0001:0008C97C       Controls.TControl.WMLButtonDown
 0001:0008CCC0       Controls.TControl.WMLButtonUp
 0001:0008CB5C       Controls.TControl.WMMButtonDblClk
 0001:0008CB30       Controls.TControl.WMMButtonDown
 0001:0008CD5C       Controls.TControl.WMMButtonUp
 0001:0008CBBC       Controls.TControl.WMMouseMove
 0001:0008CD7C       Controls.TControl.WMMouseWheel
 0001:0008C9C8       Controls.TControl.WMNCLButtonDown
 0001:0008CB04       Controls.TControl.WMRButtonDblClk
 0001:0008CAD8       Controls.TControl.WMRButtonDown
 0001:0008CD3C       Controls.TControl.WMRButtonUp
 0001:0008CE10       Controls.TControl.WMWindowPosChanged
 0001:0008C040       Controls.TControl.WndProc
 0001:0008DCD4       Controls.TControl.WriteExplicitHeight
 0001:0008DCE4       Controls.TControl.WriteExplicitLeft
 0001:0008DCC4       Controls.TControl.WriteExplicitTop
 0001:0008DD0C       Controls.TControl.WriteExplicitWidth
 0001:0008C3D0       Controls.TControl.WriteIsControl
 0001:00089224       Controls.TControlActionLink.AssignClient
 0001:00089240       Controls.TControlActionLink.DoShowHint
 0001:0008933C       Controls.TControlActionLink.IsCaptionLinked
 0001:000893B0       Controls.TControlActionLink.IsDropdownMenuLinked
 0001:000893C4       Controls.TControlActionLink.IsEnabledLinked
 0001:000893F8       Controls.TControlActionLink.IsEnableDropdownLinked
 0001:00089598       Controls.TControlActionLink.IsHelpLinked
 0001:0008940C       Controls.TControlActionLink.IsHintLinked
 0001:000894B8       Controls.TControlActionLink.IsOnExecuteLinked
 0001:00089444       Controls.TControlActionLink.IsPopupMenuLinked
 0001:00089484       Controls.TControlActionLink.IsVisibleLinked
 0001:000894E0       Controls.TControlActionLink.SetCaption
 0001:00089500       Controls.TControlActionLink.SetDropdownMenu
 0001:00089504       Controls.TControlActionLink.SetEnabled
 0001:00089524       Controls.TControlActionLink.SetEnableDropdown
 0001:00089620       Controls.TControlActionLink.SetHelpContext
 0001:00089600       Controls.TControlActionLink.SetHelpKeyword
 0001:00089640       Controls.TControlActionLink.SetHelpType
 0001:00089528       Controls.TControlActionLink.SetHint
 0001:0008956C       Controls.TControlActionLink.SetOnExecute
 0001:00089660       Controls.TControlActionLink.SetPopupMenu
 0001:0008954C       Controls.TControlActionLink.SetVisible
 0001:00088FD4       Controls.TControlCanvas.CreateHandle
 0001:00088FA8       Controls.TControlCanvas.Destroy
 0001:00089088       Controls.TControlCanvas.FreeHandle
 0001:000890BC       Controls.TControlCanvas.SetControl
 0001:000890D4       Controls.TControlCanvas.UpdateTextFlags
 0001:000964C4       Controls.TCustomControl.Create
 0001:00096520       Controls.TCustomControl.Destroy
 0001:0009661C       Controls.TCustomControl.Paint
 0001:00096570       Controls.TCustomControl.PaintWindow
 0001:00096550       Controls.TCustomControl.WMPaint
 0001:0009A158       Controls.TCustomControlAction.SetDropdownMenu
 0001:0009A1D8       Controls.TCustomControlAction.SetEnableDropdown
 0001:0009A240       Controls.TCustomControlAction.SetPopupMenu
 0001:0007EE98       Controls.TCustomGestureEngine.Create
[...]
 0004:00002B70       System.CachedLangID
 0004:00002B74       System.CachedLanguageNames
 0004:00002C20       System...
 0004:00002C38       SysInit.ModuleIsLib
 0004:00002C39       SysInit.ModuleIsCpp
 0004:00002C3C       SysInit.HInstance
 0004:00002C40       SysInit.tlsBuffer
 0004:00002C44       Windows..2
 0004:00002C48       Windows.HtmlHelpModule
 0004:00002C4C       CommCtrl.ComCtl32DLL
 0004:00002C50       CommCtrl._InitCommonControlsEx
 0004:00002C54       CommCtrl._TaskDialogIndirect
 0004:00002C58       Character.DataTable
 0004:00002C5C       Character.CatIndexPrimary
 0004:00002C60       Character.CatIndexSecondary
 0004:00002C64       Character.CategoryTable
 0004:00002C68       Character.NumIndexPrimary
 0004:00002C6C       Character.NumIndexSecondary
 0004:00002C70       Character.NumericValueTable
 0004:00002C74       SysUtils.Exception.$ClassInitFlag
 0004:00002C78       SysUtils.Exception.GetExceptionStackInfoProc
 0004:00002C7C       SysUtils.Exception.GetStackInfoStringProc
 0004:00002C80       SysUtils.Exception.CleanUpStackInfoProc
 0004:00002C84       SysUtils.CurrencyString
 0004:00002C88       SysUtils.CurrencyFormat
 0004:00002C89       SysUtils.NegCurrFormat
 0004:00002C8A       SysUtils.ThousandSeparator
 0004:00002C8C       SysUtils.DecimalSeparator
 0004:00002C8E       SysUtils.CurrencyDecimals
 0004:00002C90       SysUtils.DateSeparator
 0004:00002C94       SysUtils.ShortDateFormat
 0004:00002C98       SysUtils.LongDateFormat
 0004:00002C9C       SysUtils.TimeSeparator
 0004:00002CA0       SysUtils.TimeAMString
 0004:00002CA4       SysUtils.TimePMString
 0004:00002CA8       SysUtils.ShortTimeFormat
 0004:00002CAC       SysUtils.LongTimeFormat
 0004:00002CB0       SysUtils.ShortMonthNames
 0004:00002CE0       SysUtils.LongMonthNames
 0004:00002D10       SysUtils.ShortDayNames
 0004:00002D2C       SysUtils.LongDayNames
 0004:00002D48       SysUtils.SysLocale
 0004:00002D56       SysUtils.ListSeparator
 0004:00002D58       SysUtils.EraNames
 0004:00002D74       SysUtils.EraYearOffsets
 0004:00002D90       SysUtils.TrueBoolStrs
 0004:00002D94       SysUtils.FalseBoolStrs
 0004:00002D98       SysUtils.TEncoding.FASCIIEncoding
 0004:00002D9C       SysUtils.TEncoding.FBigEndianUnicodeEncoding
 0004:00002DA0       SysUtils.TEncoding.FDefaultEncoding
 0004:00002DA4       SysUtils.TEncoding.FUnicodeEncoding
 0004:00002DA8       SysUtils.TEncoding.FUTF7Encoding
 0004:00002DAC       SysUtils.TEncoding.FUTF8Encoding
 0004:00002DB0       SysUtils.TEncoding.$ClassInitFlag
 0004:00002DB4       SysUtils..76
 0004:00002DB8       SysUtils.OutOfMemory
 0004:00002DBC       SysUtils.InvalidPointer
 0004:00002DC0       SysUtils.SyncEventCache
 0004:00002EC0       SysUtils.EventCache
 0004:00002EC4       SysUtils.EventItemHolders
 0004:00002EC8       SysUtils.ValidatedUnitHashBuckets
 0004:00003EBC       SysUtils.UnitHashBuckets
 0004:00004EB0       SysUtils.LanguageArray
 0004:00004EB4       VarUtils.VariantChangeTypeEx
 0004:00004EB8       VarUtils.VarNeg
 0004:00004EBC       VarUtils.VarNot
 0004:00004EC0       VarUtils.VarAdd
 0004:00004EC4       VarUtils.VarSub
 0004:00004EC8       VarUtils.VarMul
 0004:00004ECC       VarUtils.VarDiv
 0004:00004ED0       VarUtils.VarIDiv
 0004:00004ED4       VarUtils.VarMod
 0004:00004ED8       VarUtils.VarAnd
 0004:00004EDC       VarUtils.VarOr
 0004:00004EE0       VarUtils.VarXor
 0004:00004EE4       VarUtils.VarCmp
 0004:00004EE8       VarUtils.VarI4FromStr
 0004:00004EEC       VarUtils.VarR4FromStr
 0004:00004EF0       VarUtils.VarR8FromStr
 0004:00004EF4       VarUtils.VarDateFromStr
 0004:00004EF8       VarUtils.VarCyFromStr
 0004:00004EFC       VarUtils.VarBoolFromStr
 0004:00004F00       VarUtils.VarBstrFromCy
 0004:00004F04       VarUtils.VarBstrFromDate
 0004:00004F08       VarUtils.VarBstrFromBool
 0004:00004F0C       VarUtils..5
 0004:00004F10       Variants.EmptyParam
 0004:00004F20       Variants.VarDispProc
 0004:00004F24       Variants.ClearAnyProc
 0004:00004F28       Variants.ChangeAnyProc
 0004:00004F2C       Variants.RefAnyProc
 0004:00004F30       Variants..81
 0004:00004F34       Variants.LVarTypes
 0004:00004F38       Variants.LVarTypeSync
 0004:00004F50       TypInfo..5
 0004:00004F54       Classes.TThread.$ClassInitFlag
 0004:00004F58       Classes.GlobalNameSpace
 0004:00004F5C       Classes.IsUniqueGlobalComponentNameProc
 0004:00004F60       Classes.SyncEvent
 0004:00004F64       Classes..66
 0004:00004F68       Classes.IntConstList
 0004:00004F6C       Classes.RegGroups
 0004:00004F70       Classes.FindGlobalComponentProcs
 0004:00004F74       Classes.GlobalFixupList
 0004:00004F78       Classes.ThreadLock
 0004:00004F90       Classes.ExternalThreads
 0004:00004F94       Classes.InstBlockList
 0004:00004F98       Classes.InstFreeList
 0004:00004F9C       TimeSpan.TTimeSpan.$ClassInitFlag
 0004:00004FA0       TimeSpan.TTimeSpan.FMinValue
 0004:00004FA8       TimeSpan.TTimeSpan.FMaxValue
 0004:00004FB0       SyncObjs..01
 0004:00004FB4       SyncObjs.CoWaitForMultipleHandlesProc
 0004:00004FB8       SyncObjs.InitializeConditionVariableProc
 0004:00004FBC       SyncObjs.SleepConditionVariableCSProc
 0004:00004FC0       SyncObjs.WakeConditionVariableProc
 0004:00004FC4       SyncObjs.WakeAllConditionVariableProc
 0004:00004FC8       UxTheme.OpenThemeData
 0004:00004FCC       UxTheme.CloseThemeData
 0004:00004FD0       UxTheme.DrawThemeBackground
 0004:00004FD4       UxTheme.DrawThemeText
 0004:00004FD8       UxTheme.GetThemeBackgroundContentRect
 0004:00004FDC       UxTheme.GetThemeBackgroundExtent
 0004:00004FE0       UxTheme.GetThemePartSize
 0004:00004FE4       UxTheme.GetThemeTextExtent
 0004:00004FE8       UxTheme.GetThemeTextMetrics
 0004:00004FEC       UxTheme.GetThemeBackgroundRegion
 0004:00004FF0       UxTheme.HitTestThemeBackground
 0004:00004FF4       UxTheme.DrawThemeEdge
 0004:00004FF8       UxTheme.DrawThemeIcon
 0004:00004FFC       UxTheme.IsThemePartDefined
 0004:00005000       UxTheme.IsThemeBackgroundPartiallyTransparent
 0004:00005004       UxTheme.GetThemeColor
 0004:00005008       UxTheme.GetThemeMetric
 0004:0000500C       UxTheme.GetThemeString
 0004:00005010       UxTheme.GetThemeBool
 0004:00005014       UxTheme.GetThemeInt
 0004:00005018       UxTheme.GetThemeEnumValue
 0004:0000501C       UxTheme.GetThemePosition
 0004:00005020       UxTheme.GetThemeFont
 0004:00005024       UxTheme.GetThemeRect
 0004:00005028       UxTheme.GetThemeMargins
 0004:0000502C       UxTheme.GetThemeIntList
 0004:00005030       UxTheme.GetThemePropertyOrigin
 0004:00005034       UxTheme.SetWindowTheme
 0004:00005038       UxTheme.GetThemeFilename
 0004:0000503C       UxTheme.GetThemeSysColor
 0004:00005040       UxTheme.GetThemeSysColorBrush
 0004:00005044       UxTheme.GetThemeSysBool
 0004:00005048       UxTheme.GetThemeSysSize
 0004:0000504C       UxTheme.GetThemeSysFont
 0004:00005050       UxTheme.GetThemeSysString
 0004:00005054       UxTheme.GetThemeSysInt
 0004:00005058       UxTheme.IsThemeActive
 0004:0000505C       UxTheme.IsAppThemed
 0004:00005060       UxTheme.GetWindowTheme
 0004:00005064       UxTheme.EnableThemeDialogTexture
 0004:00005068       UxTheme.IsThemeDialogTextureEnabled
 0004:0000506C       UxTheme.GetThemeAppProperties
 0004:00005070       UxTheme.SetThemeAppProperties
 0004:00005074       UxTheme.GetCurrentThemeName
 0004:00005078       UxTheme.GetThemeDocumentationProperty
 0004:0000507C       UxTheme.DrawThemeParentBackground
 0004:00005080       UxTheme.EnableTheming
 0004:00005084       UxTheme..1
 0004:00005088       UxTheme.ThemeLibrary
 0004:0000508C       UxTheme.ReferenceCount
 0004:00005090       UxTheme.Lock
 0004:00005094       HelpIntfs..2
 0004:00005098       HelpIntfs.HelpManager
 0004:0000509C       MultiMon.GetSystemMetrics
 0004:000050A0       MultiMon.MonitorFromWindow
 0004:000050A4       MultiMon.MonitorFromRect
 0004:000050A8       MultiMon.MonitorFromPoint
 0004:000050AC       MultiMon.GetMonitorInfo
 0004:000050B0       MultiMon.GetMonitorInfoA
 0004:000050B4       MultiMon.GetMonitorInfoW
 0004:000050B8       MultiMon.EnumDisplayMonitors
 0004:000050BC       MultiMon..1
 0004:000050C0       MultiMon.User32Dll
 0004:000050C4       MultiMon.InitApis
 0004:000050CC       MultiMon.MMAvailable
 0004:000050D0       IOUtils.TPath.FAltDirectorySeparatorChar
 0004:000050D2       IOUtils.TPath.FDirectorySeparatorChar
 0004:000050D4       IOUtils.TPath.FPathSeparator
 0004:000050D6       IOUtils.TPath.FVolumeSeparatorChar
 0004:000050D8       IOUtils.TPath.FExtensionSeparatorChar
 0004:000050DC       IOUtils.TPath.FInvalidPathChars
 0004:000050E0       IOUtils.TPath.FInvalidFileNameChars
 0004:000050E4       IOUtils.TPath.FPathWildcardChars
 0004:000050E8       IOUtils.TPath.FFileNameWildCardChars
 0004:000050EC       IOUtils.TPath.$ClassInitFlag
 0004:000050F0       IOUtils..1
 0004:000050F4       IniFiles..7
 0004:000050F8       Registry..5
 0004:000050FC       Graphics.TWICImage.FImagingFactory
 0004:00005100       Graphics.SystemPalette16
 0004:00005104       Graphics..32
 0004:00005108       Graphics.ScreenLogPixels
 0004:0000510C       Graphics.StockPen
 0004:00005110       Graphics.StockBrush
 0004:00005114       Graphics.StockFont
 0004:00005118       Graphics.StockIcon
 0004:0000511C       Graphics.BitmapImageLock
 0004:00005134       Graphics.CounterLock
 0004:0000514C       Graphics.FontManager
 0004:00005150       Graphics.PenManager
 0004:00005154       Graphics.BrushManager
 0004:00005158       Graphics.CanvasList
 0004:0000515C       Graphics.PatternManager
 0004:00005160       GraphUtil..2
 0004:00005164       GraphUtil.MsImgHandle
 0004:00005168       GraphUtil.MsImgInitialized
 0004:0000516C       GraphUtil.GradientFillFunc
 0004:00005170       Printers..3
 0004:00005174       Clipbrd.CF_PICTURE
 0004:00005176       Clipbrd.CF_COMPONENT
 0004:00005178       Clipbrd..3
 0004:0000517C       Clipbrd.FClipboard
 0004:00005180       ExtCtrls.TCustomTrayIcon.RM_TaskbarCreated
 0004:00005184       ExtCtrls..94
 0004:00005188       ComCtrls..96
 0004:0000518C       ComCtrls.ConversionFormatList
 0004:00005190       ComCtrls.ShellModule
 0004:00005194       ComCtrls.FRichEditModule
 0004:00005198       Dialogs..03
 0004:0000519C       Dialogs.HelpMsg
 0004:000051A0       Dialogs.FindMsg
 0004:000051A4       Dialogs.ButtonWidths
 0004:000051D4       FlatSB.FlatSB_EnableScrollBar
 0004:000051D8       FlatSB.FlatSB_ShowScrollBar
 0004:000051DC       FlatSB.FlatSB_GetScrollRange
 0004:000051E0       FlatSB.FlatSB_GetScrollInfo
 0004:000051E4       FlatSB.FlatSB_GetScrollPos
 0004:000051E8       FlatSB.FlatSB_SetScrollPos
 0004:000051EC       FlatSB.FlatSB_SetScrollInfo
 0004:000051F0       FlatSB.FlatSB_SetScrollRange
 0004:000051F4       FlatSB..1
 0004:000051F8       FlatSB._FlatSB_GetScrollProp
 0004:000051FC       FlatSB._FlatSB_SetScrollProp
 0004:00005200       FlatSB._InitializeFlatSB
 0004:00005204       FlatSB._UninitializeFlatSB
 0004:00005208       Menus.PopupList
 0004:0000520C       Menus.ShortCutItems
 0004:00005210       Menus..01
 0004:00005214       Menus.CommandPool
 0004:00005218       Controls.Mouse
 0004:0000521C       Controls.IsVCLControlHook
 0004:00005224       Controls.NewStyleControls
 0004:00005228       Controls..44
 0004:0000522C       Controls.WindowAtom
 0004:0000522E       Controls.ControlAtom
 0004:00005230       Controls.WindowAtomString
 0004:00005234       Controls.ControlAtomString
 0004:00005238       Controls.RM_GetObjectInstance
 0004:0000523C       Controls.DragControl
 0004:00005240       Controls.DragObject
 0004:00005244       Controls.DragInternalObject
 0004:00005248       Controls.DragCapture
 0004:0000524C       Controls.DragStartPos
 0004:00005254       Controls.DragSaveCursor
 0004:00005258       Controls.DragThreshold
 0004:0000525C       Controls.ActiveDrag
 0004:00005260       Controls.DragImageList
 0004:00005264       Controls.DockSiteList
 0004:00005268       Controls.QualifyingSites
 0004:0000526C       Controls.DragSave
 0004:00005270       Controls.CanvasList
 0004:00005274       Controls.FlagControl
 0004:00005278       Controls._WINNLSEnableIME
 0004:0000527C       Controls._ImmGetContext
 0004:00005280       Controls._ImmReleaseContext
 0004:00005284       Controls._ImmGetConversionStatus
 0004:00005288       Controls._ImmSetConversionStatus
 0004:0000528C       Controls._ImmSetOpenStatus
 0004:00005290       Controls._ImmSetCompositionWindow
 0004:00005294       Controls._ImmSetCompositionFont
 0004:00005298       Controls._ImmGetCompositionString
 0004:0000529C       Controls._ImmIsIME
 0004:000052A0       Controls._ImmNotifyIME
 0004:000052A4       Themes..2
 0004:000052A8       Themes.InternalServices
 0004:000052AC       Themes.RM_UnthemedDesigner
 0004:000052B0       ImgList.CachedComCtrlVer
 0004:000052B4       ImgList.ImageListWriteExProc
 0004:000052B8       ActnList..9
 0004:000052BC       Forms.Application
 0004:000052C0       Forms.Screen
 0004:000052C4       Forms..51
 0004:000052C8       Forms.RM_TaskbarCreated
 0004:000052CC       Forms.HintThreadID
 0004:000052D0       Forms.HintDoneEvent
 0004:000052D4       Forms.HintHook
 0004:000052D8       Forms.HintThread
 0004:000052DC       Forms.IdleTimerHandle
 0004:000052E0       Forms.IdleTimerDelegate
 0004:000052E4       Logger..1
 0004:000052E8       DllRes.Res
 0004:000052EC       NTLib.MsgBin
 0004:000052F0       NTLib.MsgLen
 0004:000052F4       NTLib..1
 0004:000052F8       NTLib.BinCache
 0004:000152F8       NTLib.MsgCache
 0004:000252F8       NTLib.m_AlpcClientPortHandle
 0004:000252FC       NTLib.m_ClientList
 0004:00025300       Main.Form1
 0005:00000000       System.RaiseListPtr
 0005:00000004       System.InOutRes
 0005:00000008       Classes.TThread.FCurrentThread
 0005:0000000C       Classes.GlobalLoaded
 0005:00000010       Classes.GlobalLists
 0005:00000014       SyncObjs.OleThreadWnd
 0005:00000018       GraphUtil.CachedHighlightLum
 0005:0000001C       GraphUtil.CachedHighlightColor
 0005:00000020       GraphUtil.CachedHighlight
 0005:00000024       GraphUtil.CachedShadowLum
 0005:00000028       GraphUtil.CachedShadowColor
 0005:0000002C       GraphUtil.CachedShadow
 0005:00000030       GraphUtil.CachedColorValue
 0005:00000034       GraphUtil.CachedLumValue
 0005:00000038       GraphUtil.CachedColorAdjustLuma
 0005:0000003C       SysInit.TlsLast


Line numbers for Logger(Logger.pas) segment .text

    21 0001:000BC7A8    22 0001:000BC7B1    23 0001:000BC7BA    24 0001:000BC7C6
    25 0001:000BC7D9    26 0001:000BC7E5    33 0001:000BC7F0    34 0001:000BC7F6
    35 0001:000BC7FF    36 0001:000BC80B    37 0001:000BC817    39 0001:000BC820
    40 0001:000BC83D    41 0001:000BC841    43 0001:000BC861    45 0001:000BC8AB
    53 0001:000BC91C    54 0001:000BC93A    55 0001:000BC968    58 0001:000BC9A4
    59 0001:000BC9A7    60 0001:000BC9B2    86 0001:000BC9B8

Line numbers for Logger(Logger.pas) segment .itext

    72 0002:00000C48    73 0002:00000C6E    74 0002:00000C90    75 0002:00000CB0
    78 0002:00000CCE    80 0002:00000CD7    81 0002:00000CF3    84 0002:00000D0F

Line numbers for LoadLibraryR(LoadLibraryR.pas) segment .text

    24 0001:000BC9FC    25 0001:000BC9FE    29 0001:000BCA00    30 0001:000BCA03
    37 0001:000BCA04    41 0001:000BCA0B    43 0001:000BCA21    45 0001:000BCA2A
    46 0001:000BCA2F    48 0001:000BCA33    50 0001:000BCA40    51 0001:000BCA48
    52 0001:000BCA58    53 0001:000BCA61    48 0001:000BCA62    54 0001:000BCA67
    55 0001:000BCA69    69 0001:000BCA70    70 0001:000BCA8F    75 0001:000BCA94
    77 0001:000BCA99    78 0001:000BCA9C    80 0001:000BCAAC    81 0001:000BCAB1
    84 0001:000BCAC1    86 0001:000BCACE    88 0001:000BCADD    90 0001:000BCAE8
    98 0001:000BCAF7    99 0001:000BCAFA   102 0001:000BCB0A   103 0001:000BCB17
   106 0001:000BCB27   108 0001:000BCB35   111 0001:000BCB45   113 0001:000BCB54
   116 0001:000BCB65   117 0001:000BCB74   120 0001:000BCB85   122 0001:000BCB88
   124 0001:000BCB95   125 0001:000BCBA8   126 0001:000BCBB8   127 0001:000BCBC6
   130 0001:000BCBDC   133 0001:000BCBEB   136 0001:000BCBFD   139 0001:000BCC11
   142 0001:000BCC14   122 0001:000BCC18   145 0001:000BCC25   195 0001:000BCD28
   198 0001:000BCD37   199 0001:000BCD45   200 0001:000BCD4A   201 0001:000BCD65
   202 0001:000BCD6F   203 0001:000BCD7F   204 0001:000BCD94   205 0001:000BCDA2
   206 0001:000BCDA7   207 0001:000BCDC5   208 0001:000BCDCA   211 0001:000BCDF4
   213 0001:000BCDF9   216 0001:000BCE0C

Line numbers for DllRes(DllRes.pas) segment .text

    13 0001:000BCE08    14 0001:000BCE0E    15 0001:000BCE10    16 0001:000BCE1E
    18 0001:000BCE4E    20 0001:000BCE55    24 0001:000BCE88    26 0001:000BCE91
    27 0001:000BCE9B    29 0001:000BCEA2    31 0001:000BCEAA

Line numbers for Inject(Inject.pas) segment .text

    19 0001:000BCEA4    20 0001:000BCEB9    21 0001:000BCEBB    22 0001:000BCECF
    23 0001:000BCED8    24 0001:000BCEEC    25 0001:000BCEEE   122 0001:000BCF0C
   127 0001:000BCF13   132 0001:000BCF32   134 0001:000BCF44   135 0001:000BCF54
   136 0001:000BCF5C   137 0001:000BCF64   138 0001:000BCF79   139 0001:000BCF93
   144 0001:000BCF9C   146 0001:000BCFAB   153 0001:000BCFBF   154 0001:000BCFC3
   155 0001:000BCFD9   156 0001:000BCFFA   157 0001:000BD014   158 0001:000BD01C
   159 0001:000BD021   160 0001:000BD02B   161 0001:000BD03F   164 0001:000BD049
   166 0001:000BD157

Line numbers for NTLib(NTLib.pas) segment .text

   397 0001:000BFC60   408 0001:000BFC68   418 0001:000BFC70   451 0001:000BFC78
   452 0001:000BFC7E   453 0001:000BFC92   454 0001:000BFCA6   455 0001:000BFCB0
   464 0001:000BFCB4   465 0001:000BFCB7   467 0001:000BFCC5   468 0001:000BFCCC
   469 0001:000BFCD3   470 0001:000BFCDB   471 0001:000BFCE3   472 0001:000BFCEB
   473 0001:000BFCF3   475 0001:000BFCFB   476 0001:000BFD02   477 0001:000BFD09
   478 0001:000BFD0D   480 0001:000BFD11   486 0001:000BFD14   487 0001:000BFD20
   488 0001:000BFD22   489 0001:000BFD25   490 0001:000BFD34   491 0001:000BFD42
   492 0001:000BFD4E   493 0001:000BFD52   496 0001:000BFD58   497 0001:000BFD68
   499 0001:000BFD6B   539 0001:000BFD74   540 0001:000BFD88   541 0001:000BFD97
   542 0001:000BFDA6   543 0001:000BFDAA   547 0001:000BFDE5   558 0001:000BFDF0
   559 0001:000BFDF7   560 0001:000BFE00   565 0001:000BFE0E   566 0001:000BFE13
   567 0001:000BFE1A   568 0001:000BFE25   569 0001:000BFE2C   582 0001:000BFE56
   591 0001:000BFE5C   592 0001:000BFE68   599 0001:000BFE8A   601 0001:000BFE8E
   602 0001:000BFE96   613 0001:000BFEB0   617 0001:000BFEB8   618 0001:000BFEC6
   634 0001:000BFEC8   635 0001:000BFECE   643 0001:000BFEE8   644 0001:000BFEF5
   646 0001:000BFEF9   657 0001:000BFF1B   694 0001:000BFF20   695 0001:000BFF2A
   833 0001:000BFF2C   834 0001:000BFF3E

Line numbers for NTLib(NTLib.pas) segment .itext

   827 0002:00000D38   828 0002:00000D41   829 0002:00000D4E   830 0002:00000D58
   832 0002:00000D6B

Line numbers for Main(Main.pas) segment .text

    36 0001:000C0FA4    37 0001:000C0FBA    38 0001:000C0FCF    39 0001:000C0FD9
    41 0001:000C0FE7    42 0001:000C0FF4    46 0001:000C1006    47 0001:000C1013
    54 0001:000C101D    59 0001:000C10E4    60 0001:000C1100    63 0001:000C1123
    64 0001:000C1130    65 0001:000C1162    66 0001:000C1185    68 0001:000C1192
    69 0001:000C11A8    71 0001:000C11B1    75 0001:000C120E    80 0001:000C1226
    85 0001:000C123C    87 0001:000C133B

Line numbers for GetProcAddressR(GetProcAddressR.pas) segment .text

    75 0001:00000000

Line numbers for Reflective(Reflective.dpr) segment .itext

    15 0002:00000D6C    16 0002:00000D7C    17 0002:00000D88    18 0002:00000D96
    19 0002:00000DAE    20 0002:00000DBA

Bound resource files

c:\program files (x86)\embarcadero\rad studio\7.0\lib\Character.res
c:\program files (x86)\embarcadero\rad studio\7.0\lib\controls.res
DllServer.RES
Main.dfm
Reflective.res
Reflective.drf


Program entry point at 0002:00000D6C
